Archive member included to satisfy reference by file (symbol)

/usr/local/Cellar/avr-gcc/9.3.0/lib/avr-gcc/9/gcc/avr/9.3.0/avr5/libgcc.a(_exit.o)
                              /usr/local/Cellar/avr-gcc/9.3.0/lib/avr-gcc/9/gcc/avr/9.3.0/../../../../../../avr/lib/avr5/crtatmega328p.o (exit)
/usr/local/Cellar/avr-gcc/9.3.0/lib/avr-gcc/9/gcc/avr/9.3.0/../../../../../../avr/lib/avr5/libc.a(dtostrf.o)
                              /Users/petioptrv/development/shape-the-world-with-arduino/lab-6/obj/arduino/WString.o (symbol from plugin) (dtostrf)
/usr/local/Cellar/avr-gcc/9.3.0/lib/avr-gcc/9/gcc/avr/9.3.0/../../../../../../avr/lib/avr5/libc.a(malloc.o)
                              /Users/petioptrv/development/shape-the-world-with-arduino/lab-6/obj/arduino/libraries/SD/src/File.o (symbol from plugin) (__brkval)
/usr/local/Cellar/avr-gcc/9.3.0/lib/avr-gcc/9/gcc/avr/9.3.0/../../../../../../avr/lib/avr5/libc.a(random.o)
                              /Users/petioptrv/development/shape-the-world-with-arduino/lab-6/obj/arduino/WMath.o (symbol from plugin) (random)
/usr/local/Cellar/avr-gcc/9.3.0/lib/avr-gcc/9/gcc/avr/9.3.0/../../../../../../avr/lib/avr5/libc.a(atof.o)
                              /Users/petioptrv/development/shape-the-world-with-arduino/lab-6/obj/arduino/WString.o (symbol from plugin) (atof)
/usr/local/Cellar/avr-gcc/9.3.0/lib/avr-gcc/9/gcc/avr/9.3.0/../../../../../../avr/lib/avr5/libc.a(atol.o)
                              /Users/petioptrv/development/shape-the-world-with-arduino/lab-6/obj/arduino/WString.o (symbol from plugin) (atol)
/usr/local/Cellar/avr-gcc/9.3.0/lib/avr-gcc/9/gcc/avr/9.3.0/../../../../../../avr/lib/avr5/libc.a(strcpy_P.o)
                              /Users/petioptrv/development/shape-the-world-with-arduino/lab-6/obj/arduino/WString.o (symbol from plugin) (strcpy_P)
/usr/local/Cellar/avr-gcc/9.3.0/lib/avr-gcc/9/gcc/avr/9.3.0/../../../../../../avr/lib/avr5/libc.a(strlen_P.o)
                              /Users/petioptrv/development/shape-the-world-with-arduino/lab-6/obj/arduino/WString.o (symbol from plugin) (__strlen_P)
/usr/local/Cellar/avr-gcc/9.3.0/lib/avr-gcc/9/gcc/avr/9.3.0/../../../../../../avr/lib/avr5/libc.a(itoa.o)
                              /Users/petioptrv/development/shape-the-world-with-arduino/lab-6/obj/arduino/WString.o (symbol from plugin) (itoa)
/usr/local/Cellar/avr-gcc/9.3.0/lib/avr-gcc/9/gcc/avr/9.3.0/../../../../../../avr/lib/avr5/libc.a(itoa_ncheck.o)
                              /usr/local/Cellar/avr-gcc/9.3.0/lib/avr-gcc/9/gcc/avr/9.3.0/../../../../../../avr/lib/avr5/libc.a(itoa.o) (__itoa_ncheck)
/usr/local/Cellar/avr-gcc/9.3.0/lib/avr-gcc/9/gcc/avr/9.3.0/../../../../../../avr/lib/avr5/libc.a(ltoa.o)
                              /Users/petioptrv/development/shape-the-world-with-arduino/lab-6/obj/arduino/WString.o (symbol from plugin) (ltoa)
/usr/local/Cellar/avr-gcc/9.3.0/lib/avr-gcc/9/gcc/avr/9.3.0/../../../../../../avr/lib/avr5/libc.a(ltoa_ncheck.o)
                              /usr/local/Cellar/avr-gcc/9.3.0/lib/avr-gcc/9/gcc/avr/9.3.0/../../../../../../avr/lib/avr5/libc.a(ltoa.o) (__ltoa_ncheck)
/usr/local/Cellar/avr-gcc/9.3.0/lib/avr-gcc/9/gcc/avr/9.3.0/../../../../../../avr/lib/avr5/libc.a(mulsi10.o)
                              /usr/local/Cellar/avr-gcc/9.3.0/lib/avr-gcc/9/gcc/avr/9.3.0/../../../../../../avr/lib/avr5/libc.a(atol.o) (__mulsi_const_10)
/usr/local/Cellar/avr-gcc/9.3.0/lib/avr-gcc/9/gcc/avr/9.3.0/../../../../../../avr/lib/avr5/libc.a(ultoa.o)
                              /Users/petioptrv/development/shape-the-world-with-arduino/lab-6/obj/arduino/WString.o (symbol from plugin) (ultoa)
/usr/local/Cellar/avr-gcc/9.3.0/lib/avr-gcc/9/gcc/avr/9.3.0/../../../../../../avr/lib/avr5/libc.a(ultoa_ncheck.o)
                              /usr/local/Cellar/avr-gcc/9.3.0/lib/avr-gcc/9/gcc/avr/9.3.0/../../../../../../avr/lib/avr5/libc.a(ultoa.o) (__ultoa_ncheck)
/usr/local/Cellar/avr-gcc/9.3.0/lib/avr-gcc/9/gcc/avr/9.3.0/../../../../../../avr/lib/avr5/libc.a(utoa.o)
                              /Users/petioptrv/development/shape-the-world-with-arduino/lab-6/obj/arduino/WString.o (symbol from plugin) (utoa)
/usr/local/Cellar/avr-gcc/9.3.0/lib/avr-gcc/9/gcc/avr/9.3.0/../../../../../../avr/lib/avr5/libc.a(utoa_ncheck.o)
                              /usr/local/Cellar/avr-gcc/9.3.0/lib/avr-gcc/9/gcc/avr/9.3.0/../../../../../../avr/lib/avr5/libc.a(utoa.o) (__utoa_ncheck)
/usr/local/Cellar/avr-gcc/9.3.0/lib/avr-gcc/9/gcc/avr/9.3.0/../../../../../../avr/lib/avr5/libc.a(dtoa_prf.o)
                              /usr/local/Cellar/avr-gcc/9.3.0/lib/avr-gcc/9/gcc/avr/9.3.0/../../../../../../avr/lib/avr5/libc.a(dtostrf.o) (dtoa_prf)
/usr/local/Cellar/avr-gcc/9.3.0/lib/avr-gcc/9/gcc/avr/9.3.0/../../../../../../avr/lib/avr5/libc.a(strtod.o)
                              /usr/local/Cellar/avr-gcc/9.3.0/lib/avr-gcc/9/gcc/avr/9.3.0/../../../../../../avr/lib/avr5/libc.a(atof.o) (strtod)
[...]
Memory Configuration

Name             Origin             Length             Attributes
text             0x0000000000000000 0x0000000000020000 xr
data             0x0000000000800060 0x000000000000ffa0 rw !x
eeprom           0x0000000000810000 0x0000000000010000 rw !x
fuse             0x0000000000820000 0x0000000000000400 rw !x
lock             0x0000000000830000 0x0000000000000400 rw !x
signature        0x0000000000840000 0x0000000000000400 rw !x
user_signatures  0x0000000000850000 0x0000000000000400 rw !x
*default*        0x0000000000000000 0xffffffffffffffff

Linker script and memory map

Address of section .data set to 0x800100
LOAD /usr/local/Cellar/avr-gcc/9.3.0/lib/avr-gcc/9/gcc/avr/9.3.0/../../../../../../avr/lib/avr5/crtatmega328p.o
LOAD /Users/petioptrv/development/shape-the-world-with-arduino/lab-6/obj/arduino/CDC.o
LOAD /var/folders/pw/_t21wqld2mz2z8g3y6gcqbzc0000gn/T//chip_tester.atmega328p.elf.p3BzUg.ltrans0.ltrans.o
LOAD /var/folders/pw/_t21wqld2mz2z8g3y6gcqbzc0000gn/T//cc4xY8TT.debug.temp.o
LOAD /var/folders/pw/_t21wqld2mz2z8g3y6gcqbzc0000gn/T//cctGhQ2t.debug.temp.o
LOAD /var/folders/pw/_t21wqld2mz2z8g3y6gcqbzc0000gn/T//ccsjy9Js.debug.temp.o
LOAD /var/folders/pw/_t21wqld2mz2z8g3y6gcqbzc0000gn/T//ccZXoqCm.debug.temp.o
LOAD /var/folders/pw/_t21wqld2mz2z8g3y6gcqbzc0000gn/T//ccIdebUX.debug.temp.o
LOAD /var/folders/pw/_t21wqld2mz2z8g3y6gcqbzc0000gn/T//ccBT9gtj.debug.temp.o
LOAD /var/folders/pw/_t21wqld2mz2z8g3y6gcqbzc0000gn/T//cctYNjHz.debug.temp.o
LOAD /var/folders/pw/_t21wqld2mz2z8g3y6gcqbzc0000gn/T//ccs1eI5R.debug.temp.o
LOAD /var/folders/pw/_t21wqld2mz2z8g3y6gcqbzc0000gn/T//ccsRY0xm.debug.temp.o
LOAD /var/folders/pw/_t21wqld2mz2z8g3y6gcqbzc0000gn/T//ccvkfmWi.debug.temp.o
LOAD /var/folders/pw/_t21wqld2mz2z8g3y6gcqbzc0000gn/T//ccU0SMP1.debug.temp.o
LOAD /var/folders/pw/_t21wqld2mz2z8g3y6gcqbzc0000gn/T//ccZqeT3G.debug.temp.o
LOAD /var/folders/pw/_t21wqld2mz2z8g3y6gcqbzc0000gn/T//ccIkwBNV.debug.temp.o
LOAD /var/folders/pw/_t21wqld2mz2z8g3y6gcqbzc0000gn/T//ccBKLeL3.debug.temp.o
LOAD /var/folders/pw/_t21wqld2mz2z8g3y6gcqbzc0000gn/T//ccecjlTZ.debug.temp.o
LOAD /var/folders/pw/_t21wqld2mz2z8g3y6gcqbzc0000gn/T//cca59twV.debug.temp.o
LOAD /var/folders/pw/_t21wqld2mz2z8g3y6gcqbzc0000gn/T//ccflTTlw.debug.temp.o
LOAD /var/folders/pw/_t21wqld2mz2z8g3y6gcqbzc0000gn/T//ccrKIeWI.debug.temp.o
LOAD /var/folders/pw/_t21wqld2mz2z8g3y6gcqbzc0000gn/T//cc9ExfHS.debug.temp.o
LOAD /var/folders/pw/_t21wqld2mz2z8g3y6gcqbzc0000gn/T//ccTh1UPw.debug.temp.o
LOAD /var/folders/pw/_t21wqld2mz2z8g3y6gcqbzc0000gn/T//ccan2v80.debug.temp.o
LOAD /var/folders/pw/_t21wqld2mz2z8g3y6gcqbzc0000gn/T//ccmsCOBS.debug.temp.o
LOAD /var/folders/pw/_t21wqld2mz2z8g3y6gcqbzc0000gn/T//ccHotEGW.debug.temp.o
LOAD /var/folders/pw/_t21wqld2mz2z8g3y6gcqbzc0000gn/T//ccCQSDGJ.debug.temp.o
LOAD /var/folders/pw/_t21wqld2mz2z8g3y6gcqbzc0000gn/T//cczUJnCS.debug.temp.o
LOAD /var/folders/pw/_t21wqld2mz2z8g3y6gcqbzc0000gn/T//ccHYyk11.debug.temp.o
LOAD /var/folders/pw/_t21wqld2mz2z8g3y6gcqbzc0000gn/T//ccX419fw.debug.temp.o
LOAD /var/folders/pw/_t21wqld2mz2z8g3y6gcqbzc0000gn/T//ccrWjm2Z.debug.temp.o
LOAD /var/folders/pw/_t21wqld2mz2z8g3y6gcqbzc0000gn/T//ccWhkZtH.debug.temp.o
LOAD /var/folders/pw/_t21wqld2mz2z8g3y6gcqbzc0000gn/T//ccWPUIkR.debug.temp.o
LOAD /var/folders/pw/_t21wqld2mz2z8g3y6gcqbzc0000gn/T//ccRX1HBn.debug.temp.o
LOAD /var/folders/pw/_t21wqld2mz2z8g3y6gcqbzc0000gn/T//ccFOP95s.debug.temp.o
LOAD /var/folders/pw/_t21wqld2mz2z8g3y6gcqbzc0000gn/T//ccA8G4iq.debug.temp.o
LOAD /Users/petioptrv/development/shape-the-world-with-arduino/lab-6/obj/arduino/HardwareSerial.o
LOAD /Users/petioptrv/development/shape-the-world-with-arduino/lab-6/obj/arduino/HardwareSerial0.o
LOAD /Users/petioptrv/development/shape-the-world-with-arduino/lab-6/obj/arduino/HardwareSerial1.o
LOAD /Users/petioptrv/development/shape-the-world-with-arduino/lab-6/obj/arduino/HardwareSerial2.o
LOAD /Users/petioptrv/development/shape-the-world-with-arduino/lab-6/obj/arduino/HardwareSerial3.o
LOAD /Users/petioptrv/development/shape-the-world-with-arduino/lab-6/obj/arduino/IPAddress.o
LOAD /Users/petioptrv/development/shape-the-world-with-arduino/lab-6/obj/arduino/PluggableUSB.o
LOAD /Users/petioptrv/development/shape-the-world-with-arduino/lab-6/obj/arduino/Print.o
LOAD /Users/petioptrv/development/shape-the-world-with-arduino/lab-6/obj/arduino/Stream.o
LOAD /Users/petioptrv/development/shape-the-world-with-arduino/lab-6/obj/arduino/Tone.o
LOAD /Users/petioptrv/development/shape-the-world-with-arduino/lab-6/obj/arduino/USBCore.o
LOAD /Users/petioptrv/development/shape-the-world-with-arduino/lab-6/obj/arduino/WMath.o
LOAD /Users/petioptrv/development/shape-the-world-with-arduino/lab-6/obj/arduino/WString.o
LOAD /Users/petioptrv/development/shape-the-world-with-arduino/lab-6/obj/arduino/abi.o
LOAD /Users/petioptrv/development/shape-the-world-with-arduino/lab-6/obj/arduino/main.o
LOAD /Users/petioptrv/development/shape-the-world-with-arduino/lab-6/obj/arduino/new.o
LOAD /Users/petioptrv/development/shape-the-world-with-arduino/lab-6/obj/arduino/libraries/Wire/src/Wire.o
LOAD /Users/petioptrv/development/shape-the-world-with-arduino/lab-6/obj/arduino/libraries/SPI/src/SPI.o
LOAD /Users/petioptrv/development/shape-the-world-with-arduino/lab-6/obj/arduino/libraries/SD/src/File.o
LOAD /Users/petioptrv/development/shape-the-world-with-arduino/lab-6/obj/arduino/libraries/SD/src/SD.o
LOAD /Users/petioptrv/development/shape-the-world-with-arduino/lab-6/obj/arduino/libraries/SD/src/utility/Sd2Card.o
LOAD /Users/petioptrv/development/shape-the-world-with-arduino/lab-6/obj/arduino/libraries/SD/src/utility/SdFile.o
LOAD /Users/petioptrv/development/shape-the-world-with-arduino/lab-6/obj/arduino/libraries/SD/src/utility/SdVolume.o
LOAD /Users/petioptrv/development/shape-the-world-with-arduino/lab-6/obj/src/main.o
LOAD /Users/petioptrv/development/shape-the-world-with-arduino/lab-6/obj/arduino/WInterrupts.o
LOAD /Users/petioptrv/development/shape-the-world-with-arduino/lab-6/obj/arduino/hooks.o
LOAD /Users/petioptrv/development/shape-the-world-with-arduino/lab-6/obj/arduino/wiring.o
LOAD /Users/petioptrv/development/shape-the-world-with-arduino/lab-6/obj/arduino/wiring_analog.o
LOAD /Users/petioptrv/development/shape-the-world-with-arduino/lab-6/obj/arduino/wiring_digital.o
LOAD /Users/petioptrv/development/shape-the-world-with-arduino/lab-6/obj/arduino/wiring_pulse.o
LOAD /Users/petioptrv/development/shape-the-world-with-arduino/lab-6/obj/arduino/wiring_shift.o
LOAD /Users/petioptrv/development/shape-the-world-with-arduino/lab-6/obj/arduino/libraries/Wire/src/utility/twi.o
LOAD /usr/local/Cellar/avr-gcc/9.3.0/lib/avr-gcc/9/gcc/avr/9.3.0/avr5/libgcc.a
LOAD /usr/local/Cellar/avr-gcc/9.3.0/lib/avr-gcc/9/gcc/avr/9.3.0/../../../../../../avr/lib/avr5/libm.a
START GROUP
LOAD /usr/local/Cellar/avr-gcc/9.3.0/lib/avr-gcc/9/gcc/avr/9.3.0/avr5/libgcc.a
LOAD /usr/local/Cellar/avr-gcc/9.3.0/lib/avr-gcc/9/gcc/avr/9.3.0/../../../../../../avr/lib/avr5/libm.a
LOAD /usr/local/Cellar/avr-gcc/9.3.0/lib/avr-gcc/9/gcc/avr/9.3.0/../../../../../../avr/lib/avr5/libc.a
LOAD /usr/local/Cellar/avr-gcc/9.3.0/lib/avr-gcc/9/gcc/avr/9.3.0/../../../../../../avr/lib/avr5/libatmega328p.a
END GROUP
                0x0000000000020000                __TEXT_REGION_LENGTH__ = DEFINED (__TEXT_REGION_LENGTH__)?__TEXT_REGION_LENGTH__:0x20000
                0x000000000000ffa0                __DATA_REGION_LENGTH__ = DEFINED (__DATA_REGION_LENGTH__)?__DATA_REGION_LENGTH__:0xffa0
                0x0000000000010000                __EEPROM_REGION_LENGTH__ = DEFINED (__EEPROM_REGION_LENGTH__)?__EEPROM_REGION_LENGTH__:0x10000
                0x0000000000000400                __FUSE_REGION_LENGTH__ = DEFINED (__FUSE_REGION_LENGTH__)?__FUSE_REGION_LENGTH__:0x400
                0x0000000000000400                __LOCK_REGION_LENGTH__ = DEFINED (__LOCK_REGION_LENGTH__)?__LOCK_REGION_LENGTH__:0x400
                0x0000000000000400                __SIGNATURE_REGION_LENGTH__ = DEFINED (__SIGNATURE_REGION_LENGTH__)?__SIGNATURE_REGION_LENGTH__:0x400
                0x0000000000000400                __USER_SIGNATURE_REGION_LENGTH__ = DEFINED (__USER_SIGNATURE_REGION_LENGTH__)?__USER_SIGNATURE_REGION_LENGTH__:0x400

.hash
 *(.hash)

.dynsym
 *(.dynsym)

.dynstr
 *(.dynstr)

.gnu.version
 *(.gnu.version)

.gnu.version_d
 *(.gnu.version_d)

.gnu.version_r
 *(.gnu.version_r)

.rel.init
 *(.rel.init)

.rela.init
 *(.rela.init)

.rel.text
 *(.rel.text)
 *(.rel.text.*)
 *(.rel.gnu.linkonce.t*)

.rela.text
 *(.rela.text)
 *(.rela.text.*)
 *(.rela.gnu.linkonce.t*)

.rel.fini
 *(.rel.fini)

.rela.fini
 *(.rela.fini)

.rel.rodata
 *(.rel.rodata)
 *(.rel.rodata.*)
 *(.rel.gnu.linkonce.r*)

.rela.rodata
 *(.rela.rodata)
 *(.rela.rodata.*)
 *(.rela.gnu.linkonce.r*)

.rel.data
 *(.rel.data)
 *(.rel.data.*)
 *(.rel.gnu.linkonce.d*)

.rela.data
 *(.rela.data)
 *(.rela.data.*)
 *(.rela.gnu.linkonce.d*)

.rel.ctors
 *(.rel.ctors)

.rela.ctors
 *(.rela.ctors)

.rel.dtors
 *(.rel.dtors)

.rela.dtors
 *(.rela.dtors)

.rel.got
 *(.rel.got)

.rela.got
 *(.rela.got)

.rel.bss
 *(.rel.bss)

.rela.bss
 *(.rela.bss)

.rel.plt
 *(.rel.plt)

.rela.plt
 *(.rela.plt)

.text           0x0000000000000000     0x3f06
 *(.vectors)
 .vectors       0x0000000000000000       0x68 /usr/local/Cellar/avr-gcc/9.3.0/lib/avr-gcc/9/gcc/avr/9.3.0/../../../../../../avr/lib/avr5/crtatmega328p.o
                0x0000000000000000                __vectors
                0x0000000000000000                __vector_default
 *(.vectors)
 *(.progmem.gcc*)
                0x0000000000000068                . = ALIGN (0x2)
                0x0000000000000068                __trampolines_start = .
 *(.trampolines)
 .trampolines   0x0000000000000068        0x0 linker stubs
 *(.trampolines*)
                0x0000000000000068                __trampolines_end = .
 *libprintf_flt.a:*(.progmem.data)
 *libc.a:*(.progmem.data)
 *(.progmem.*)
 .progmem.data._ZL21tone_pin_to_timer_PGM
                0x0000000000000068        0x1 /var/folders/pw/_t21wqld2mz2z8g3y6gcqbzc0000gn/T//chip_tester.atmega328p.elf.p3BzUg.ltrans0.ltrans.o
 .progmem.data.port_to_output_PGM
                0x0000000000000069        0xa /var/folders/pw/_t21wqld2mz2z8g3y6gcqbzc0000gn/T//chip_tester.atmega328p.elf.p3BzUg.ltrans0.ltrans.o
 .progmem.data.digital_pin_to_port_PGM
                0x0000000000000073       0x14 /var/folders/pw/_t21wqld2mz2z8g3y6gcqbzc0000gn/T//chip_tester.atmega328p.elf.p3BzUg.ltrans0.ltrans.o
 .progmem.data.digital_pin_to_bit_mask_PGM
                0x0000000000000087       0x14 /var/folders/pw/_t21wqld2mz2z8g3y6gcqbzc0000gn/T//chip_tester.atmega328p.elf.p3BzUg.ltrans0.ltrans.o
 .progmem.data.digital_pin_to_timer_PGM
                0x000000000000009b       0x14 /var/folders/pw/_t21wqld2mz2z8g3y6gcqbzc0000gn/T//chip_tester.atmega328p.elf.p3BzUg.ltrans0.ltrans.o
                0x00000000000000b0                . = ALIGN (0x2)
 *fill*         0x00000000000000af        0x1 
 *(.lowtext)
 *(.lowtext*)
                0x00000000000000b0                __ctors_start = .
 *(.ctors)
 .ctors         0x00000000000000b0        0x2 /var/folders/pw/_t21wqld2mz2z8g3y6gcqbzc0000gn/T//chip_tester.atmega328p.elf.p3BzUg.ltrans0.ltrans.o
                0x00000000000000b2                __ctors_end = .
                0x00000000000000b2                __dtors_start = .
 *(.dtors)
                0x00000000000000b2                __dtors_end = .
 SORT_BY_NAME(*)(.ctors)
 SORT_BY_NAME(*)(.dtors)
 *(.init0)
 .init0         0x00000000000000b2        0x0 /usr/local/Cellar/avr-gcc/9.3.0/lib/avr-gcc/9/gcc/avr/9.3.0/../../../../../../avr/lib/avr5/crtatmega328p.o
                0x00000000000000b2                __init
 *(.init0)
 *(.init1)
 *(.init1)
 *(.init2)
 .init2         0x00000000000000b2        0xc /usr/local/Cellar/avr-gcc/9.3.0/lib/avr-gcc/9/gcc/avr/9.3.0/../../../../../../avr/lib/avr5/crtatmega328p.o
 *(.init2)
 *(.init3)
 *(.init3)
 *(.init4)
 .init4         0x00000000000000be       0x16 /usr/local/Cellar/avr-gcc/9.3.0/lib/avr-gcc/9/gcc/avr/9.3.0/avr5/libgcc.a(_copy_data.o)
                0x00000000000000be                __do_copy_data
 .init4         0x00000000000000d4       0x10 /usr/local/Cellar/avr-gcc/9.3.0/lib/avr-gcc/9/gcc/avr/9.3.0/avr5/libgcc.a(_clear_bss.o)
                0x00000000000000d4                __do_clear_bss
 *(.init4)
 *(.init5)
 *(.init5)
 *(.init6)
 .init6         0x00000000000000e4       0x16 /usr/local/Cellar/avr-gcc/9.3.0/lib/avr-gcc/9/gcc/avr/9.3.0/avr5/libgcc.a(_ctors.o)
                0x00000000000000e4                __do_global_ctors
 *(.init6)
 *(.init7)
 *(.init7)
 *(.init8)
 *(.init8)
 *(.init9)
 .init9         0x00000000000000fa        0x8 /usr/local/Cellar/avr-gcc/9.3.0/lib/avr-gcc/9/gcc/avr/9.3.0/../../../../../../avr/lib/avr5/crtatmega328p.o
 *(.init9)
 *(.text)
 .text          0x0000000000000102        0x4 /usr/local/Cellar/avr-gcc/9.3.0/lib/avr-gcc/9/gcc/avr/9.3.0/../../../../../../avr/lib/avr5/crtatmega328p.o
                0x0000000000000102                __vector_20
                0x0000000000000102                __vector_12
                0x0000000000000102                __bad_interrupt
                0x0000000000000102                __vector_6
                0x0000000000000102                __vector_3
                0x0000000000000102                __vector_23
                0x0000000000000102                __vector_25
                0x0000000000000102                __vector_11
                0x0000000000000102                __vector_13
                0x0000000000000102                __vector_17
                0x0000000000000102                __vector_5
                0x0000000000000102                __vector_4
                0x0000000000000102                __vector_9
                0x0000000000000102                __vector_21
                0x0000000000000102                __vector_15
                0x0000000000000102                __vector_8
                0x0000000000000102                __vector_14
                0x0000000000000102                __vector_10
                0x0000000000000102                __vector_22
                0x0000000000000106                . = ALIGN (0x2)
 *(.text.*)
 .text._ZL12__iCliRetValv
                0x0000000000000106       0x12 /var/folders/pw/_t21wqld2mz2z8g3y6gcqbzc0000gn/T//chip_tester.atmega328p.elf.p3BzUg.ltrans0.ltrans.o
 .text._ZL10__iRestorePKh
                0x0000000000000118       0x28 /var/folders/pw/_t21wqld2mz2z8g3y6gcqbzc0000gn/T//chip_tester.atmega328p.elf.p3BzUg.ltrans0.ltrans.o
 .text._ZN14HardwareSerial17_tx_udr_empty_irqEv
                0x0000000000000140       0xce /var/folders/pw/_t21wqld2mz2z8g3y6gcqbzc0000gn/T//chip_tester.atmega328p.elf.p3BzUg.ltrans0.ltrans.o
 .text._ZN14HardwareSerial9availableEv
                0x000000000000020e       0x42 /var/folders/pw/_t21wqld2mz2z8g3y6gcqbzc0000gn/T//chip_tester.atmega328p.elf.p3BzUg.ltrans0.ltrans.o
 .text._ZN14HardwareSerial4peekEv
                0x0000000000000250       0x58 /var/folders/pw/_t21wqld2mz2z8g3y6gcqbzc0000gn/T//chip_tester.atmega328p.elf.p3BzUg.ltrans0.ltrans.o
 .text._ZN14HardwareSerial4readEv
                0x00000000000002a8       0x76 /var/folders/pw/_t21wqld2mz2z8g3y6gcqbzc0000gn/T//chip_tester.atmega328p.elf.p3BzUg.ltrans0.ltrans.o
 .text._ZN14HardwareSerial17availableForWriteEv
                0x000000000000031e       0x6a /var/folders/pw/_t21wqld2mz2z8g3y6gcqbzc0000gn/T//chip_tester.atmega328p.elf.p3BzUg.ltrans0.ltrans.o
 .text._ZN14HardwareSerial5flushEv
                0x0000000000000388       0xc8 /var/folders/pw/_t21wqld2mz2z8g3y6gcqbzc0000gn/T//chip_tester.atmega328p.elf.p3BzUg.ltrans0.ltrans.o
 .text._ZN14HardwareSerial5writeEh
                0x0000000000000450      0x1aa /var/folders/pw/_t21wqld2mz2z8g3y6gcqbzc0000gn/T//chip_tester.atmega328p.elf.p3BzUg.ltrans0.ltrans.o
 .text._ZN5PrintC2Ev
                0x00000000000005fa       0x30 /var/folders/pw/_t21wqld2mz2z8g3y6gcqbzc0000gn/T//chip_tester.atmega328p.elf.p3BzUg.ltrans0.ltrans.o
 .text._ZN5Print17availableForWriteEv
                0x000000000000062a       0x1c /var/folders/pw/_t21wqld2mz2z8g3y6gcqbzc0000gn/T//chip_tester.atmega328p.elf.p3BzUg.ltrans0.ltrans.o
 .text._ZN5Print5flushEv
                0x0000000000000646       0x18 /var/folders/pw/_t21wqld2mz2z8g3y6gcqbzc0000gn/T//chip_tester.atmega328p.elf.p3BzUg.ltrans0.ltrans.o
 .text._ZN6StreamC2Ev
                0x000000000000065e       0x44 /var/folders/pw/_t21wqld2mz2z8g3y6gcqbzc0000gn/T//chip_tester.atmega328p.elf.p3BzUg.ltrans0.ltrans.o
 .text._ZN14HardwareSerialC2EPVhS1_S1_S1_S1_S1_
                0x00000000000006a2       0xe4 /var/folders/pw/_t21wqld2mz2z8g3y6gcqbzc0000gn/T//chip_tester.atmega328p.elf.p3BzUg.ltrans0.ltrans.o
 .text._ZN14HardwareSerial16_rx_complete_irqEv
                0x0000000000000786       0xaa /var/folders/pw/_t21wqld2mz2z8g3y6gcqbzc0000gn/T//chip_tester.atmega328p.elf.p3BzUg.ltrans0.ltrans.o
 .text.__vector_18
                0x0000000000000830       0x58 /var/folders/pw/_t21wqld2mz2z8g3y6gcqbzc0000gn/T//chip_tester.atmega328p.elf.p3BzUg.ltrans0.ltrans.o
                0x0000000000000830                __vector_18
 .text.__vector_19
                0x0000000000000888       0x58 /var/folders/pw/_t21wqld2mz2z8g3y6gcqbzc0000gn/T//chip_tester.atmega328p.elf.p3BzUg.ltrans0.ltrans.o
                0x0000000000000888                __vector_19
 .text._Z41__static_initialization_and_destruction_0ii.lto_priv.0
                0x00000000000008e0       0x76 /var/folders/pw/_t21wqld2mz2z8g3y6gcqbzc0000gn/T//chip_tester.atmega328p.elf.p3BzUg.ltrans0.ltrans.o
 .text._GLOBAL__sub_I___vector_18
                0x0000000000000956       0x1a /var/folders/pw/_t21wqld2mz2z8g3y6gcqbzc0000gn/T//chip_tester.atmega328p.elf.p3BzUg.ltrans0.ltrans.o
 .text._ZN9PrintableC2Ev
                0x0000000000000970       0x26 /var/folders/pw/_t21wqld2mz2z8g3y6gcqbzc0000gn/T//chip_tester.atmega328p.elf.p3BzUg.ltrans0.ltrans.o
 .text._ZN9IPAddressC2Ehhhh
                0x0000000000000996       0x6e /var/folders/pw/_t21wqld2mz2z8g3y6gcqbzc0000gn/T//chip_tester.atmega328p.elf.p3BzUg.ltrans0.ltrans.o
 .text._ZNK9IPAddress7printToER5Print
                0x0000000000000a04       0xb8 /var/folders/pw/_t21wqld2mz2z8g3y6gcqbzc0000gn/T//chip_tester.atmega328p.elf.p3BzUg.ltrans0.ltrans.o
 .text._Z41__static_initialization_and_destruction_0ii.lto_priv.1
                0x0000000000000abc       0x46 /var/folders/pw/_t21wqld2mz2z8g3y6gcqbzc0000gn/T//chip_tester.atmega328p.elf.p3BzUg.ltrans0.ltrans.o
 .text._GLOBAL__sub_I__ZN9IPAddressC2Ev
                0x0000000000000b02       0x1a /var/folders/pw/_t21wqld2mz2z8g3y6gcqbzc0000gn/T//chip_tester.atmega328p.elf.p3BzUg.ltrans0.ltrans.o
 .text._ZN5Print5writeEPKc
                0x0000000000000b1c       0x62 /var/folders/pw/_t21wqld2mz2z8g3y6gcqbzc0000gn/T//chip_tester.atmega328p.elf.p3BzUg.ltrans0.ltrans.o
 .text._ZN5Print5writeEPKhj
                0x0000000000000b7e       0x98 /var/folders/pw/_t21wqld2mz2z8g3y6gcqbzc0000gn/T//chip_tester.atmega328p.elf.p3BzUg.ltrans0.ltrans.o
 .text._ZN5Print5printEc
                0x0000000000000c16       0x3a /var/folders/pw/_t21wqld2mz2z8g3y6gcqbzc0000gn/T//chip_tester.atmega328p.elf.p3BzUg.ltrans0.ltrans.o
 .text._ZN5Print5printEhi
                0x0000000000000c50       0x44 /var/folders/pw/_t21wqld2mz2z8g3y6gcqbzc0000gn/T//chip_tester.atmega328p.elf.p3BzUg.ltrans0.ltrans.o
 .text._ZN5Print5printEmi
                0x0000000000000c94       0x74 /var/folders/pw/_t21wqld2mz2z8g3y6gcqbzc0000gn/T//chip_tester.atmega328p.elf.p3BzUg.ltrans0.ltrans.o
 .text._ZN5Print11printNumberEmh
                0x0000000000000d08      0x110 /var/folders/pw/_t21wqld2mz2z8g3y6gcqbzc0000gn/T//chip_tester.atmega328p.elf.p3BzUg.ltrans0.ltrans.o
 .text._Z12disableTimerh
                0x0000000000000e18       0x88 /var/folders/pw/_t21wqld2mz2z8g3y6gcqbzc0000gn/T//chip_tester.atmega328p.elf.p3BzUg.ltrans0.ltrans.o
 .text._Z6noToneh
                0x0000000000000ea0       0x8c /var/folders/pw/_t21wqld2mz2z8g3y6gcqbzc0000gn/T//chip_tester.atmega328p.elf.p3BzUg.ltrans0.ltrans.o
 .text.__vector_7
                0x0000000000000f2c       0xe0 /var/folders/pw/_t21wqld2mz2z8g3y6gcqbzc0000gn/T//chip_tester.atmega328p.elf.p3BzUg.ltrans0.ltrans.o
                0x0000000000000f2c                __vector_7
 .text.__cxa_pure_virtual
                0x000000000000100c        0xc /var/folders/pw/_t21wqld2mz2z8g3y6gcqbzc0000gn/T//chip_tester.atmega328p.elf.p3BzUg.ltrans0.ltrans.o
 .text._ZN5Print13setWriteErrorEi
                0x0000000000001018       0x30 /var/folders/pw/_t21wqld2mz2z8g3y6gcqbzc0000gn/T//chip_tester.atmega328p.elf.p3BzUg.ltrans0.ltrans.o
 .text._ZN7TwoWireC2Ev
                0x0000000000001048       0x2e /var/folders/pw/_t21wqld2mz2z8g3y6gcqbzc0000gn/T//chip_tester.atmega328p.elf.p3BzUg.ltrans0.ltrans.o
 .text._ZN7TwoWire5writeEh
                0x0000000000001076       0x74 /var/folders/pw/_t21wqld2mz2z8g3y6gcqbzc0000gn/T//chip_tester.atmega328p.elf.p3BzUg.ltrans0.ltrans.o
 .text._ZN7TwoWire5writeEPKhj
                0x00000000000010ea       0x92 /var/folders/pw/_t21wqld2mz2z8g3y6gcqbzc0000gn/T//chip_tester.atmega328p.elf.p3BzUg.ltrans0.ltrans.o
 .text._ZN7TwoWire9availableEv
                0x000000000000117c       0x30 /var/folders/pw/_t21wqld2mz2z8g3y6gcqbzc0000gn/T//chip_tester.atmega328p.elf.p3BzUg.ltrans0.ltrans.o
 .text._ZN7TwoWire4readEv
                0x00000000000011ac       0x58 /var/folders/pw/_t21wqld2mz2z8g3y6gcqbzc0000gn/T//chip_tester.atmega328p.elf.p3BzUg.ltrans0.ltrans.o
 .text._ZN7TwoWire4peekEv
                0x0000000000001204       0x4e /var/folders/pw/_t21wqld2mz2z8g3y6gcqbzc0000gn/T//chip_tester.atmega328p.elf.p3BzUg.ltrans0.ltrans.o
 .text._ZN7TwoWire5flushEv
                0x0000000000001252       0x18 /var/folders/pw/_t21wqld2mz2z8g3y6gcqbzc0000gn/T//chip_tester.atmega328p.elf.p3BzUg.ltrans0.ltrans.o
 .text._Z41__static_initialization_and_destruction_0ii.lto_priv.2
                0x000000000000126a       0x3a /var/folders/pw/_t21wqld2mz2z8g3y6gcqbzc0000gn/T//chip_tester.atmega328p.elf.p3BzUg.ltrans0.ltrans.o
 .text._GLOBAL__sub_I__ZN7TwoWire8rxBufferE
                0x00000000000012a4       0x1a /var/folders/pw/_t21wqld2mz2z8g3y6gcqbzc0000gn/T//chip_tester.atmega328p.elf.p3BzUg.ltrans0.ltrans.o
 .text._ZNK6SdFile5isDirEv
                0x00000000000012be       0x28 /var/folders/pw/_t21wqld2mz2z8g3y6gcqbzc0000gn/T//chip_tester.atmega328p.elf.p3BzUg.ltrans0.ltrans.o
 .text._ZNK6SdFile6isOpenEv
                0x00000000000012e6       0x28 /var/folders/pw/_t21wqld2mz2z8g3y6gcqbzc0000gn/T//chip_tester.atmega328p.elf.p3BzUg.ltrans0.ltrans.o
 .text._ZN7Sd2CardC2Ev
                0x000000000000130e       0x38 /var/folders/pw/_t21wqld2mz2z8g3y6gcqbzc0000gn/T//chip_tester.atmega328p.elf.p3BzUg.ltrans0.ltrans.o
 .text._ZN6SdFileC2Ev
                0x0000000000001346       0x36 /var/folders/pw/_t21wqld2mz2z8g3y6gcqbzc0000gn/T//chip_tester.atmega328p.elf.p3BzUg.ltrans0.ltrans.o
 .text._ZN8SdVolumeC2Ev
                0x000000000000137c       0x36 /var/folders/pw/_t21wqld2mz2z8g3y6gcqbzc0000gn/T//chip_tester.atmega328p.elf.p3BzUg.ltrans0.ltrans.o
 .text._ZN5SDLib7SDClassC2Ev
                0x00000000000013b2       0x34 /var/folders/pw/_t21wqld2mz2z8g3y6gcqbzc0000gn/T//chip_tester.atmega328p.elf.p3BzUg.ltrans0.ltrans.o
 .text._Z41__static_initialization_and_destruction_0ii.lto_priv.3
                0x00000000000013e6       0x3a /var/folders/pw/_t21wqld2mz2z8g3y6gcqbzc0000gn/T//chip_tester.atmega328p.elf.p3BzUg.ltrans0.ltrans.o
 .text._GLOBAL__sub_I__ZN5SDLib20getNextPathComponentEPKcPjPc
                0x0000000000001420       0x1a /var/folders/pw/_t21wqld2mz2z8g3y6gcqbzc0000gn/T//chip_tester.atmega328p.elf.p3BzUg.ltrans0.ltrans.o
 .text._ZNK7Sd2Card4typeEv
                0x000000000000143a       0x20 /var/folders/pw/_t21wqld2mz2z8g3y6gcqbzc0000gn/T//chip_tester.atmega328p.elf.p3BzUg.ltrans0.ltrans.o
 .text._ZN7Sd2Card5errorEh
                0x000000000000145a       0x28 /var/folders/pw/_t21wqld2mz2z8g3y6gcqbzc0000gn/T//chip_tester.atmega328p.elf.p3BzUg.ltrans0.ltrans.o
 .text._ZN11SPISettingsC2Ev
                0x0000000000001482       0xe6 /var/folders/pw/_t21wqld2mz2z8g3y6gcqbzc0000gn/T//chip_tester.atmega328p.elf.p3BzUg.ltrans0.ltrans.o
 .text._ZN8SPIClass16beginTransactionE11SPISettings
                0x0000000000001568       0x86 /var/folders/pw/_t21wqld2mz2z8g3y6gcqbzc0000gn/T//chip_tester.atmega328p.elf.p3BzUg.ltrans0.ltrans.o
 .text._ZN8SPIClass8transferEh
                0x00000000000015ee       0x3c /var/folders/pw/_t21wqld2mz2z8g3y6gcqbzc0000gn/T//chip_tester.atmega328p.elf.p3BzUg.ltrans0.ltrans.o
 .text._ZN8SPIClass14endTransactionEv
                0x000000000000162a       0x52 /var/folders/pw/_t21wqld2mz2z8g3y6gcqbzc0000gn/T//chip_tester.atmega328p.elf.p3BzUg.ltrans0.ltrans.o
 .text._ZL7spiSendh
                0x000000000000167c       0x1a /var/folders/pw/_t21wqld2mz2z8g3y6gcqbzc0000gn/T//chip_tester.atmega328p.elf.p3BzUg.ltrans0.ltrans.o
 .text._ZL6spiRecv
                0x0000000000001696       0x14 /var/folders/pw/_t21wqld2mz2z8g3y6gcqbzc0000gn/T//chip_tester.atmega328p.elf.p3BzUg.ltrans0.ltrans.o
 .text._ZN7Sd2Card11cardCommandEhm
                0x00000000000016aa       0xe6 /var/folders/pw/_t21wqld2mz2z8g3y6gcqbzc0000gn/T//chip_tester.atmega328p.elf.p3BzUg.ltrans0.ltrans.o
 .text._ZN7Sd2Card14chipSelectHighEv
                0x0000000000001790       0x36 /var/folders/pw/_t21wqld2mz2z8g3y6gcqbzc0000gn/T//chip_tester.atmega328p.elf.p3BzUg.ltrans0.ltrans.o
 .text._ZN7Sd2Card13chipSelectLowEv
                0x00000000000017c6       0x40 /var/folders/pw/_t21wqld2mz2z8g3y6gcqbzc0000gn/T//chip_tester.atmega328p.elf.p3BzUg.ltrans0.ltrans.o
 .text._ZN7Sd2Card9readBlockEmPh
                0x0000000000001806       0x6a /var/folders/pw/_t21wqld2mz2z8g3y6gcqbzc0000gn/T//chip_tester.atmega328p.elf.p3BzUg.ltrans0.ltrans.o
 .text._ZN7Sd2Card8readDataEmjjPh
                0x0000000000001870      0x218 /var/folders/pw/_t21wqld2mz2z8g3y6gcqbzc0000gn/T//chip_tester.atmega328p.elf.p3BzUg.ltrans0.ltrans.o
 .text._ZN7Sd2Card7readEndEv
                0x0000000000001a88       0x62 /var/folders/pw/_t21wqld2mz2z8g3y6gcqbzc0000gn/T//chip_tester.atmega328p.elf.p3BzUg.ltrans0.ltrans.o
 .text._ZN7Sd2Card11waitNotBusyEj
                0x0000000000001aea       0x88 /var/folders/pw/_t21wqld2mz2z8g3y6gcqbzc0000gn/T//chip_tester.atmega328p.elf.p3BzUg.ltrans0.ltrans.o
 .text._ZN7Sd2Card14waitStartBlockEv
                0x0000000000001b72       0xbc /var/folders/pw/_t21wqld2mz2z8g3y6gcqbzc0000gn/T//chip_tester.atmega328p.elf.p3BzUg.ltrans0.ltrans.o
 .text._ZN7Sd2Card10writeBlockEmPKh
                0x0000000000001c2e      0x14a /var/folders/pw/_t21wqld2mz2z8g3y6gcqbzc0000gn/T//chip_tester.atmega328p.elf.p3BzUg.ltrans0.ltrans.o
 .text._ZN7Sd2Card9writeDataEhPKh
                0x0000000000001d78       0xa6 /var/folders/pw/_t21wqld2mz2z8g3y6gcqbzc0000gn/T//chip_tester.atmega328p.elf.p3BzUg.ltrans0.ltrans.o
 .text._Z41__static_initialization_and_destruction_0ii.lto_priv.4
                0x0000000000001e1e       0x3a /var/folders/pw/_t21wqld2mz2z8g3y6gcqbzc0000gn/T//chip_tester.atmega328p.elf.p3BzUg.ltrans0.ltrans.o
 .text._GLOBAL__sub_I__ZN7Sd2Card11cardCommandEhm
                0x0000000000001e58       0x1a /var/folders/pw/_t21wqld2mz2z8g3y6gcqbzc0000gn/T//chip_tester.atmega328p.elf.p3BzUg.ltrans0.ltrans.o
 .text._ZNK6SdFile6isFileEv
                0x0000000000001e72       0x28 /var/folders/pw/_t21wqld2mz2z8g3y6gcqbzc0000gn/T//chip_tester.atmega328p.elf.p3BzUg.ltrans0.ltrans.o
 .text._ZN6SdFile7seekEndEv
                0x0000000000001e9a       0x34 /var/folders/pw/_t21wqld2mz2z8g3y6gcqbzc0000gn/T//chip_tester.atmega328p.elf.p3BzUg.ltrans0.ltrans.o
 .text._ZNK8SdVolume14blockOfClusterEm
                0x0000000000001ece       0x54 /var/folders/pw/_t21wqld2mz2z8g3y6gcqbzc0000gn/T//chip_tester.atmega328p.elf.p3BzUg.ltrans0.ltrans.o
 .text._ZNK8SdVolume17clusterStartBlockEm
                0x0000000000001f22       0x80 /var/folders/pw/_t21wqld2mz2z8g3y6gcqbzc0000gn/T//chip_tester.atmega328p.elf.p3BzUg.ltrans0.ltrans.o
 .text._ZN8SdVolume13cacheSetDirtyEv
                0x0000000000001fa2       0x18 /var/folders/pw/_t21wqld2mz2z8g3y6gcqbzc0000gn/T//chip_tester.atmega328p.elf.p3BzUg.ltrans0.ltrans.o
 .text._ZN8SdVolume9fatPutEOCEm
                0x0000000000001fba       0x52 /var/folders/pw/_t21wqld2mz2z8g3y6gcqbzc0000gn/T//chip_tester.atmega328p.elf.p3BzUg.ltrans0.ltrans.o
 .text._ZNK8SdVolume5isEOCEm
                0x000000000000200c       0x62 /var/folders/pw/_t21wqld2mz2z8g3y6gcqbzc0000gn/T//chip_tester.atmega328p.elf.p3BzUg.ltrans0.ltrans.o
 .text._ZN8SdVolume10writeBlockEmPKh
                0x000000000000206e       0x54 /var/folders/pw/_t21wqld2mz2z8g3y6gcqbzc0000gn/T//chip_tester.atmega328p.elf.p3BzUg.ltrans0.ltrans.o
 .text._ZN6SdFile10addClusterEv
                0x00000000000020c2       0x96 /var/folders/pw/_t21wqld2mz2z8g3y6gcqbzc0000gn/T//chip_tester.atmega328p.elf.p3BzUg.ltrans0.ltrans.o
 .text._ZN6SdFile13cacheDirEntryEh
                0x0000000000002158       0x80 /var/folders/pw/_t21wqld2mz2z8g3y6gcqbzc0000gn/T//chip_tester.atmega328p.elf.p3BzUg.ltrans0.ltrans.o
 .text._ZN6SdFile7seekSetEm
                0x00000000000021d8      0x24c /var/folders/pw/_t21wqld2mz2z8g3y6gcqbzc0000gn/T//chip_tester.atmega328p.elf.p3BzUg.ltrans0.ltrans.o
 .text._ZN6SdFile4syncEv
                0x0000000000002424      0x122 /var/folders/pw/_t21wqld2mz2z8g3y6gcqbzc0000gn/T//chip_tester.atmega328p.elf.p3BzUg.ltrans0.ltrans.o
 .text._ZN6SdFile5writeEPKvj
                0x0000000000002546      0x51c /var/folders/pw/_t21wqld2mz2z8g3y6gcqbzc0000gn/T//chip_tester.atmega328p.elf.p3BzUg.ltrans0.ltrans.o
 .text._ZN6SdFile5writeEh
                0x0000000000002a62       0x32 /var/folders/pw/_t21wqld2mz2z8g3y6gcqbzc0000gn/T//chip_tester.atmega328p.elf.p3BzUg.ltrans0.ltrans.o
 .text._ZN8SdVolume15allocContiguousEmPm
                0x0000000000002a94      0x30e /var/folders/pw/_t21wqld2mz2z8g3y6gcqbzc0000gn/T//chip_tester.atmega328p.elf.p3BzUg.ltrans0.ltrans.o
 .text._ZN8SdVolume10cacheFlushEv
                0x0000000000002da2       0xb6 /var/folders/pw/_t21wqld2mz2z8g3y6gcqbzc0000gn/T//chip_tester.atmega328p.elf.p3BzUg.ltrans0.ltrans.o
 .text._ZN8SdVolume13cacheRawBlockEmh
                0x0000000000002e58       0xb6 /var/folders/pw/_t21wqld2mz2z8g3y6gcqbzc0000gn/T//chip_tester.atmega328p.elf.p3BzUg.ltrans0.ltrans.o
 .text._ZNK8SdVolume6fatGetEmPm
                0x0000000000002f0e      0x190 /var/folders/pw/_t21wqld2mz2z8g3y6gcqbzc0000gn/T//chip_tester.atmega328p.elf.p3BzUg.ltrans0.ltrans.o
 .text._ZN8SdVolume6fatPutEmm
                0x000000000000309e      0x1da /var/folders/pw/_t21wqld2mz2z8g3y6gcqbzc0000gn/T//chip_tester.atmega328p.elf.p3BzUg.ltrans0.ltrans.o
 .text.main     0x0000000000003278       0x30 /var/folders/pw/_t21wqld2mz2z8g3y6gcqbzc0000gn/T//chip_tester.atmega328p.elf.p3BzUg.ltrans0.ltrans.o
                0x0000000000003278                main
 .text._Z10init_portsv
                0x00000000000032a8       0x56 /var/folders/pw/_t21wqld2mz2z8g3y6gcqbzc0000gn/T//chip_tester.atmega328p.elf.p3BzUg.ltrans0.ltrans.o
 .text._Z6led_onv
                0x00000000000032fe       0x20 /var/folders/pw/_t21wqld2mz2z8g3y6gcqbzc0000gn/T//chip_tester.atmega328p.elf.p3BzUg.ltrans0.ltrans.o
 .text._Z10led_togglev
                0x000000000000331e       0x30 /var/folders/pw/_t21wqld2mz2z8g3y6gcqbzc0000gn/T//chip_tester.atmega328p.elf.p3BzUg.ltrans0.ltrans.o
 .text._Z2swv   0x000000000000334e       0x28 /var/folders/pw/_t21wqld2mz2z8g3y6gcqbzc0000gn/T//chip_tester.atmega328p.elf.p3BzUg.ltrans0.ltrans.o
 .text.nothing  0x0000000000003376        0xe /var/folders/pw/_t21wqld2mz2z8g3y6gcqbzc0000gn/T//chip_tester.atmega328p.elf.p3BzUg.ltrans0.ltrans.o
 .text.__vector_1
                0x0000000000003384       0x5c /var/folders/pw/_t21wqld2mz2z8g3y6gcqbzc0000gn/T//chip_tester.atmega328p.elf.p3BzUg.ltrans0.ltrans.o
                0x0000000000003384                __vector_1
 .text.__vector_2
                0x00000000000033e0       0x5c /var/folders/pw/_t21wqld2mz2z8g3y6gcqbzc0000gn/T//chip_tester.atmega328p.elf.p3BzUg.ltrans0.ltrans.o
                0x00000000000033e0                __vector_2
 .text.__empty  0x000000000000343c        0xe /var/folders/pw/_t21wqld2mz2z8g3y6gcqbzc0000gn/T//chip_tester.atmega328p.elf.p3BzUg.ltrans0.ltrans.o
 .text.__vector_16
                0x000000000000344a       0xe0 /var/folders/pw/_t21wqld2mz2z8g3y6gcqbzc0000gn/T//chip_tester.atmega328p.elf.p3BzUg.ltrans0.ltrans.o
                0x000000000000344a                __vector_16
 .text.millis   0x000000000000352a       0x6c /var/folders/pw/_t21wqld2mz2z8g3y6gcqbzc0000gn/T//chip_tester.atmega328p.elf.p3BzUg.ltrans0.ltrans.o
 .text.micros   0x0000000000003596       0xd0 /var/folders/pw/_t21wqld2mz2z8g3y6gcqbzc0000gn/T//chip_tester.atmega328p.elf.p3BzUg.ltrans0.ltrans.o
 .text.delay    0x0000000000003666       0xd4 /var/folders/pw/_t21wqld2mz2z8g3y6gcqbzc0000gn/T//chip_tester.atmega328p.elf.p3BzUg.ltrans0.ltrans.o
 .text.turnOffPWM
                0x000000000000373a       0xd8 /var/folders/pw/_t21wqld2mz2z8g3y6gcqbzc0000gn/T//chip_tester.atmega328p.elf.p3BzUg.ltrans0.ltrans.o
 .text.digitalWrite
                0x0000000000003812      0x112 /var/folders/pw/_t21wqld2mz2z8g3y6gcqbzc0000gn/T//chip_tester.atmega328p.elf.p3BzUg.ltrans0.ltrans.o
 .text.twi_transmit
                0x0000000000003924       0x92 /var/folders/pw/_t21wqld2mz2z8g3y6gcqbzc0000gn/T//chip_tester.atmega328p.elf.p3BzUg.ltrans0.ltrans.o
 .text.twi_reply
                0x00000000000039b6       0x30 /var/folders/pw/_t21wqld2mz2z8g3y6gcqbzc0000gn/T//chip_tester.atmega328p.elf.p3BzUg.ltrans0.ltrans.o
 .text.twi_stop
                0x00000000000039e6       0x30 /var/folders/pw/_t21wqld2mz2z8g3y6gcqbzc0000gn/T//chip_tester.atmega328p.elf.p3BzUg.ltrans0.ltrans.o
 .text.twi_releaseBus
                0x0000000000003a16       0x1c /var/folders/pw/_t21wqld2mz2z8g3y6gcqbzc0000gn/T//chip_tester.atmega328p.elf.p3BzUg.ltrans0.ltrans.o
 .text.__vector_24
                0x0000000000003a32      0x2b0 /var/folders/pw/_t21wqld2mz2z8g3y6gcqbzc0000gn/T//chip_tester.atmega328p.elf.p3BzUg.ltrans0.ltrans.o
                0x0000000000003a32                __vector_24
 .text._GLOBAL__I_65535_0_CDC.o.3866
                0x0000000000003ce2       0x22 /var/folders/pw/_t21wqld2mz2z8g3y6gcqbzc0000gn/T//chip_tester.atmega328p.elf.p3BzUg.ltrans0.ltrans.o
 .text.libgcc   0x0000000000003d04        0xc /usr/local/Cellar/avr-gcc/9.3.0/lib/avr-gcc/9/gcc/avr/9.3.0/avr5/libgcc.a(_tablejump2.o)
                0x0000000000003d04                __tablejump2__
 .text.avr-libc
                0x0000000000003d10        0xa /usr/local/Cellar/avr-gcc/9.3.0/lib/avr-gcc/9/gcc/avr/9.3.0/../../../../../../avr/lib/avr5/libc.a(abort.o)
                0x0000000000003d10                abort
 .text.avr-libc
                0x0000000000003d1a       0x12 /usr/local/Cellar/avr-gcc/9.3.0/lib/avr-gcc/9/gcc/avr/9.3.0/../../../../../../avr/lib/avr5/libc.a(strlen.o)
                0x0000000000003d1a                strlen
 .text.libgcc.div
                0x0000000000003d2c       0x44 /usr/local/Cellar/avr-gcc/9.3.0/lib/avr-gcc/9/gcc/avr/9.3.0/avr5/libgcc.a(_udivmodsi4.o)
                0x0000000000003d2c                __udivmodsi4
                0x0000000000003d70                . = ALIGN (0x2)
 *(.fini9)
 .fini9         0x0000000000003d70        0x0 /usr/local/Cellar/avr-gcc/9.3.0/lib/avr-gcc/9/gcc/avr/9.3.0/avr5/libgcc.a(_exit.o)
                0x0000000000003d70                exit
                0x0000000000003d70                _exit
 *(.fini9)
 *(.fini8)
 *(.fini8)
 *(.fini7)
 *(.fini7)
 *(.fini6)
 *(.fini6)
 *(.fini5)
 *(.fini5)
 *(.fini4)
 *(.fini4)
 *(.fini3)
 *(.fini3)
 *(.fini2)
 *(.fini2)
 *(.fini1)
 *(.fini1)
 *(.fini0)
 .fini0         0x0000000000003d70        0x4 /usr/local/Cellar/avr-gcc/9.3.0/lib/avr-gcc/9/gcc/avr/9.3.0/avr5/libgcc.a(_exit.o)
 *(.fini0)
 *(.hightext)
 *(.hightext*)
 *(.progmemx.*)
                0x0000000000003d74                . = ALIGN (0x2)
 *(.jumptables)
 *(.jumptables*)
 .jumptables.gcc.__vector_24
                0x0000000000003d74      0x192 /var/folders/pw/_t21wqld2mz2z8g3y6gcqbzc0000gn/T//chip_tester.atmega328p.elf.p3BzUg.ltrans0.ltrans.o
                0x0000000000003f06                _etext = .

.data           0x0000000000800100       0x64 load address 0x0000000000003f06
                0x0000000000800100                PROVIDE (__data_start = .)
 *(.data)
 *(.data*)
 .data._ZL9tone_pins
                0x0000000000800100        0x1 /var/folders/pw/_t21wqld2mz2z8g3y6gcqbzc0000gn/T//chip_tester.atmega328p.elf.p3BzUg.ltrans0.ltrans.o
 .data._ZN8SdVolume17cacheBlockNumber_E
                0x0000000000800101        0x4 /var/folders/pw/_t21wqld2mz2z8g3y6gcqbzc0000gn/T//chip_tester.atmega328p.elf.p3BzUg.ltrans0.ltrans.o
 .data.intFunc  0x0000000000800105        0x4 /var/folders/pw/_t21wqld2mz2z8g3y6gcqbzc0000gn/T//chip_tester.atmega328p.elf.p3BzUg.ltrans0.ltrans.o
 *(.gnu.linkonce.d*)
 *(.rodata)
 *(.rodata*)
 .rodata._ZTV14HardwareSerial
                0x0000000000800109       0x12 /var/folders/pw/_t21wqld2mz2z8g3y6gcqbzc0000gn/T//chip_tester.atmega328p.elf.p3BzUg.ltrans0.ltrans.o
 .rodata._ZTV6Stream
                0x000000000080011b       0x12 /var/folders/pw/_t21wqld2mz2z8g3y6gcqbzc0000gn/T//chip_tester.atmega328p.elf.p3BzUg.ltrans0.ltrans.o
 .rodata._ZTV9IPAddress
                0x000000000080012d        0x6 /var/folders/pw/_t21wqld2mz2z8g3y6gcqbzc0000gn/T//chip_tester.atmega328p.elf.p3BzUg.ltrans0.ltrans.o
 .rodata._ZTV9Printable
                0x0000000000800133        0x6 /var/folders/pw/_t21wqld2mz2z8g3y6gcqbzc0000gn/T//chip_tester.atmega328p.elf.p3BzUg.ltrans0.ltrans.o
 .rodata._ZTV5Print
                0x0000000000800139        0xc /var/folders/pw/_t21wqld2mz2z8g3y6gcqbzc0000gn/T//chip_tester.atmega328p.elf.p3BzUg.ltrans0.ltrans.o
 .rodata._ZTV7TwoWire
                0x0000000000800145       0x12 /var/folders/pw/_t21wqld2mz2z8g3y6gcqbzc0000gn/T//chip_tester.atmega328p.elf.p3BzUg.ltrans0.ltrans.o
 .rodata._ZTV6SdFile
                0x0000000000800157        0xc /var/folders/pw/_t21wqld2mz2z8g3y6gcqbzc0000gn/T//chip_tester.atmega328p.elf.p3BzUg.ltrans0.ltrans.o
 *(.gnu.linkonce.r*)
                0x0000000000800164                . = ALIGN (0x2)
 *fill*         0x0000000000800163        0x1 
                0x0000000000800164                _edata = .
                0x0000000000800164                PROVIDE (__data_end = .)

.bss            0x0000000000800164      0x3ca
                0x0000000000800164                PROVIDE (__bss_start = .)
 *(.bss)
 *(.bss*)
 .bss.Serial    0x0000000000800164       0x9d /var/folders/pw/_t21wqld2mz2z8g3y6gcqbzc0000gn/T//chip_tester.atmega328p.elf.p3BzUg.ltrans0.ltrans.o
 .bss._ZL11INADDR_NONE
                0x0000000000800201        0x6 /var/folders/pw/_t21wqld2mz2z8g3y6gcqbzc0000gn/T//chip_tester.atmega328p.elf.p3BzUg.ltrans0.ltrans.o
 .bss.timer2_toggle_count
                0x0000000000800207        0x4 /var/folders/pw/_t21wqld2mz2z8g3y6gcqbzc0000gn/T//chip_tester.atmega328p.elf.p3BzUg.ltrans0.ltrans.o
 .bss.timer2_pin_port
                0x000000000080020b        0x2 /var/folders/pw/_t21wqld2mz2z8g3y6gcqbzc0000gn/T//chip_tester.atmega328p.elf.p3BzUg.ltrans0.ltrans.o
 .bss.timer2_pin_mask
                0x000000000080020d        0x1 /var/folders/pw/_t21wqld2mz2z8g3y6gcqbzc0000gn/T//chip_tester.atmega328p.elf.p3BzUg.ltrans0.ltrans.o
 .bss._ZN7TwoWire8rxBufferE
                0x000000000080020e       0x20 /var/folders/pw/_t21wqld2mz2z8g3y6gcqbzc0000gn/T//chip_tester.atmega328p.elf.p3BzUg.ltrans0.ltrans.o
 .bss._ZN7TwoWire13rxBufferIndexE
                0x000000000080022e        0x1 /var/folders/pw/_t21wqld2mz2z8g3y6gcqbzc0000gn/T//chip_tester.atmega328p.elf.p3BzUg.ltrans0.ltrans.o
 .bss._ZN7TwoWire14rxBufferLengthE
                0x000000000080022f        0x1 /var/folders/pw/_t21wqld2mz2z8g3y6gcqbzc0000gn/T//chip_tester.atmega328p.elf.p3BzUg.ltrans0.ltrans.o
 .bss._ZN7TwoWire8txBufferE
                0x0000000000800230       0x20 /var/folders/pw/_t21wqld2mz2z8g3y6gcqbzc0000gn/T//chip_tester.atmega328p.elf.p3BzUg.ltrans0.ltrans.o
 .bss._ZN7TwoWire13txBufferIndexE
                0x0000000000800250        0x1 /var/folders/pw/_t21wqld2mz2z8g3y6gcqbzc0000gn/T//chip_tester.atmega328p.elf.p3BzUg.ltrans0.ltrans.o
 .bss._ZN7TwoWire14txBufferLengthE
                0x0000000000800251        0x1 /var/folders/pw/_t21wqld2mz2z8g3y6gcqbzc0000gn/T//chip_tester.atmega328p.elf.p3BzUg.ltrans0.ltrans.o
 .bss._ZN7TwoWire12transmittingE
                0x0000000000800252        0x1 /var/folders/pw/_t21wqld2mz2z8g3y6gcqbzc0000gn/T//chip_tester.atmega328p.elf.p3BzUg.ltrans0.ltrans.o
 .bss.Wire      0x0000000000800253        0xc /var/folders/pw/_t21wqld2mz2z8g3y6gcqbzc0000gn/T//chip_tester.atmega328p.elf.p3BzUg.ltrans0.ltrans.o
 .bss._ZN8SPIClass13interruptModeE
                0x000000000080025f        0x1 /var/folders/pw/_t21wqld2mz2z8g3y6gcqbzc0000gn/T//chip_tester.atmega328p.elf.p3BzUg.ltrans0.ltrans.o
 .bss._ZN8SPIClass13interruptMaskE
                0x0000000000800260        0x1 /var/folders/pw/_t21wqld2mz2z8g3y6gcqbzc0000gn/T//chip_tester.atmega328p.elf.p3BzUg.ltrans0.ltrans.o
 .bss._ZN8SPIClass13interruptSaveE
                0x0000000000800261        0x1 /var/folders/pw/_t21wqld2mz2z8g3y6gcqbzc0000gn/T//chip_tester.atmega328p.elf.p3BzUg.ltrans0.ltrans.o
 .bss._ZN5SDLib2SDE
                0x0000000000800262       0x49 /var/folders/pw/_t21wqld2mz2z8g3y6gcqbzc0000gn/T//chip_tester.atmega328p.elf.p3BzUg.ltrans0.ltrans.o
 .bss._ZL8settings
                0x00000000008002ab        0x2 /var/folders/pw/_t21wqld2mz2z8g3y6gcqbzc0000gn/T//chip_tester.atmega328p.elf.p3BzUg.ltrans0.ltrans.o
 .bss._ZL20chip_select_asserted
                0x00000000008002ad        0x1 /var/folders/pw/_t21wqld2mz2z8g3y6gcqbzc0000gn/T//chip_tester.atmega328p.elf.p3BzUg.ltrans0.ltrans.o
 .bss._ZN6SdFile9dateTime_E
                0x00000000008002ae        0x2 /var/folders/pw/_t21wqld2mz2z8g3y6gcqbzc0000gn/T//chip_tester.atmega328p.elf.p3BzUg.ltrans0.ltrans.o
 .bss._ZN8SdVolume12cacheBuffer_E
                0x00000000008002b0      0x200 /var/folders/pw/_t21wqld2mz2z8g3y6gcqbzc0000gn/T//chip_tester.atmega328p.elf.p3BzUg.ltrans0.ltrans.o
 .bss._ZN8SdVolume7sdCard_E
                0x00000000008004b0        0x2 /var/folders/pw/_t21wqld2mz2z8g3y6gcqbzc0000gn/T//chip_tester.atmega328p.elf.p3BzUg.ltrans0.ltrans.o
 .bss._ZN8SdVolume11cacheDirty_E
                0x00000000008004b2        0x1 /var/folders/pw/_t21wqld2mz2z8g3y6gcqbzc0000gn/T//chip_tester.atmega328p.elf.p3BzUg.ltrans0.ltrans.o
 .bss._ZN8SdVolume17cacheMirrorBlock_E
                0x00000000008004b3        0x4 /var/folders/pw/_t21wqld2mz2z8g3y6gcqbzc0000gn/T//chip_tester.atmega328p.elf.p3BzUg.ltrans0.ltrans.o
 .bss.timer0_overflow_count
                0x00000000008004b7        0x4 /var/folders/pw/_t21wqld2mz2z8g3y6gcqbzc0000gn/T//chip_tester.atmega328p.elf.p3BzUg.ltrans0.ltrans.o
 .bss.timer0_millis
                0x00000000008004bb        0x4 /var/folders/pw/_t21wqld2mz2z8g3y6gcqbzc0000gn/T//chip_tester.atmega328p.elf.p3BzUg.ltrans0.ltrans.o
 .bss.timer0_fract
                0x00000000008004bf        0x1 /var/folders/pw/_t21wqld2mz2z8g3y6gcqbzc0000gn/T//chip_tester.atmega328p.elf.p3BzUg.ltrans0.ltrans.o
 .bss.twi_state
                0x00000000008004c0        0x1 /var/folders/pw/_t21wqld2mz2z8g3y6gcqbzc0000gn/T//chip_tester.atmega328p.elf.p3BzUg.ltrans0.ltrans.o
 .bss.twi_slarw
                0x00000000008004c1        0x1 /var/folders/pw/_t21wqld2mz2z8g3y6gcqbzc0000gn/T//chip_tester.atmega328p.elf.p3BzUg.ltrans0.ltrans.o
 .bss.twi_sendStop
                0x00000000008004c2        0x1 /var/folders/pw/_t21wqld2mz2z8g3y6gcqbzc0000gn/T//chip_tester.atmega328p.elf.p3BzUg.ltrans0.ltrans.o
 .bss.twi_inRepStart
                0x00000000008004c3        0x1 /var/folders/pw/_t21wqld2mz2z8g3y6gcqbzc0000gn/T//chip_tester.atmega328p.elf.p3BzUg.ltrans0.ltrans.o
 .bss.twi_onSlaveTransmit
                0x00000000008004c4        0x2 /var/folders/pw/_t21wqld2mz2z8g3y6gcqbzc0000gn/T//chip_tester.atmega328p.elf.p3BzUg.ltrans0.ltrans.o
 .bss.twi_onSlaveReceive
                0x00000000008004c6        0x2 /var/folders/pw/_t21wqld2mz2z8g3y6gcqbzc0000gn/T//chip_tester.atmega328p.elf.p3BzUg.ltrans0.ltrans.o
 .bss.twi_masterBuffer
                0x00000000008004c8       0x20 /var/folders/pw/_t21wqld2mz2z8g3y6gcqbzc0000gn/T//chip_tester.atmega328p.elf.p3BzUg.ltrans0.ltrans.o
 .bss.twi_masterBufferIndex
                0x00000000008004e8        0x1 /var/folders/pw/_t21wqld2mz2z8g3y6gcqbzc0000gn/T//chip_tester.atmega328p.elf.p3BzUg.ltrans0.ltrans.o
 .bss.twi_masterBufferLength
                0x00000000008004e9        0x1 /var/folders/pw/_t21wqld2mz2z8g3y6gcqbzc0000gn/T//chip_tester.atmega328p.elf.p3BzUg.ltrans0.ltrans.o
 .bss.twi_txBuffer
                0x00000000008004ea       0x20 /var/folders/pw/_t21wqld2mz2z8g3y6gcqbzc0000gn/T//chip_tester.atmega328p.elf.p3BzUg.ltrans0.ltrans.o
 .bss.twi_txBufferIndex
                0x000000000080050a        0x1 /var/folders/pw/_t21wqld2mz2z8g3y6gcqbzc0000gn/T//chip_tester.atmega328p.elf.p3BzUg.ltrans0.ltrans.o
 .bss.twi_txBufferLength
                0x000000000080050b        0x1 /var/folders/pw/_t21wqld2mz2z8g3y6gcqbzc0000gn/T//chip_tester.atmega328p.elf.p3BzUg.ltrans0.ltrans.o
 .bss.twi_rxBuffer
                0x000000000080050c       0x20 /var/folders/pw/_t21wqld2mz2z8g3y6gcqbzc0000gn/T//chip_tester.atmega328p.elf.p3BzUg.ltrans0.ltrans.o
 .bss.twi_rxBufferIndex
                0x000000000080052c        0x1 /var/folders/pw/_t21wqld2mz2z8g3y6gcqbzc0000gn/T//chip_tester.atmega328p.elf.p3BzUg.ltrans0.ltrans.o
 .bss.twi_error
                0x000000000080052d        0x1 /var/folders/pw/_t21wqld2mz2z8g3y6gcqbzc0000gn/T//chip_tester.atmega328p.elf.p3BzUg.ltrans0.ltrans.o
 *(COMMON)
                0x000000000080052e                PROVIDE (__bss_end = .)
                0x0000000000003f06                __data_load_start = LOADADDR (.data)
                0x0000000000003f6a                __data_load_end = (__data_load_start + SIZEOF (.data))

.noinit         0x000000000080052e        0x0
                [!provide]                        PROVIDE (__noinit_start = .)
 *(.noinit*)
                [!provide]                        PROVIDE (__noinit_end = .)
                0x000000000080052e                _end = .
                0x000000000080052e                PROVIDE (__heap_start = .)

.eeprom         0x0000000000810000        0x0
 *(.eeprom*)
                0x0000000000810000                __eeprom_end = .

.fuse
 *(.fuse)
 *(.lfuse)
 *(.hfuse)
 *(.efuse)

.lock
 *(.lock*)

.signature
 *(.signature*)

.stab
 *(.stab)

.stabstr
 *(.stabstr)

.stab.excl
 *(.stab.excl)

.stab.exclstr
 *(.stab.exclstr)

.stab.index
 *(.stab.index)

.stab.indexstr
 *(.stab.indexstr)

.comment        0x0000000000000000       0x24
 *(.comment)
 .comment       0x0000000000000000       0x24 /var/folders/pw/_t21wqld2mz2z8g3y6gcqbzc0000gn/T//chip_tester.atmega328p.elf.p3BzUg.ltrans0.ltrans.o
                                         0x25 (size before relaxing)

.note.gnu.avr.deviceinfo
                0x0000000000000000       0x40
 .note.gnu.avr.deviceinfo
                0x0000000000000000       0x40 /usr/local/Cellar/avr-gcc/9.3.0/lib/avr-gcc/9/gcc/avr/9.3.0/../../../../../../avr/lib/avr5/crtatmega328p.o

.note.gnu.build-id
 *(.note.gnu.build-id)

.debug
 *(.debug)

.line
 *(.line)

.debug_srcinfo
 *(.debug_srcinfo)

.debug_sfnames
 *(.debug_sfnames)

.debug_aranges  0x0000000000000000      0xe48
 *(.debug_aranges)
 .debug_aranges
                0x0000000000000000      0xd88 /var/folders/pw/_t21wqld2mz2z8g3y6gcqbzc0000gn/T//chip_tester.atmega328p.elf.p3BzUg.ltrans0.ltrans.o
 .debug_aranges
                0x0000000000000d88       0x20 /usr/local/Cellar/avr-gcc/9.3.0/lib/avr-gcc/9/gcc/avr/9.3.0/avr5/libgcc.a(_exit.o)
 .debug_aranges
                0x0000000000000da8       0x20 /usr/local/Cellar/avr-gcc/9.3.0/lib/avr-gcc/9/gcc/avr/9.3.0/avr5/libgcc.a(_tablejump2.o)
 .debug_aranges
                0x0000000000000dc8       0x20 /usr/local/Cellar/avr-gcc/9.3.0/lib/avr-gcc/9/gcc/avr/9.3.0/avr5/libgcc.a(_ctors.o)
 .debug_aranges
                0x0000000000000de8       0x20 /usr/local/Cellar/avr-gcc/9.3.0/lib/avr-gcc/9/gcc/avr/9.3.0/avr5/libgcc.a(_copy_data.o)
 .debug_aranges
                0x0000000000000e08       0x20 /usr/local/Cellar/avr-gcc/9.3.0/lib/avr-gcc/9/gcc/avr/9.3.0/avr5/libgcc.a(_clear_bss.o)
 .debug_aranges
                0x0000000000000e28       0x20 /usr/local/Cellar/avr-gcc/9.3.0/lib/avr-gcc/9/gcc/avr/9.3.0/avr5/libgcc.a(_udivmodsi4.o)

.debug_pubnames
 *(.debug_pubnames)

.debug_info     0x0000000000000000    0x291e3
 *(.debug_info .gnu.linkonce.wi.*)
 .debug_info    0x0000000000000000      0x5f4 /usr/local/Cellar/avr-gcc/9.3.0/lib/avr-gcc/9/gcc/avr/9.3.0/../../../../../../avr/lib/avr5/crtatmega328p.o
 .debug_info    0x00000000000005f4     0x7a19 /var/folders/pw/_t21wqld2mz2z8g3y6gcqbzc0000gn/T//chip_tester.atmega328p.elf.p3BzUg.ltrans0.ltrans.o
 .debug_info    0x000000000000800d      0x3c9 /var/folders/pw/_t21wqld2mz2z8g3y6gcqbzc0000gn/T//cc4xY8TT.debug.temp.o
                0x000000000000800d                CDC.cpp.0277b33b
 .debug_info    0x00000000000083d6     0x1deb /var/folders/pw/_t21wqld2mz2z8g3y6gcqbzc0000gn/T//cctGhQ2t.debug.temp.o
                0x00000000000083d6                HardwareSerial.cpp.8bdb831b
 .debug_info    0x000000000000a1c1     0x1af7 /var/folders/pw/_t21wqld2mz2z8g3y6gcqbzc0000gn/T//ccsjy9Js.debug.temp.o
                0x000000000000a1c1                HardwareSerial0.cpp.177c43d7
 .debug_info    0x000000000000bcb8      0x3c9 /var/folders/pw/_t21wqld2mz2z8g3y6gcqbzc0000gn/T//ccZXoqCm.debug.temp.o
                0x000000000000bcb8                HardwareSerial1.cpp.2b7a7f9c
 .debug_info    0x000000000000c081      0x3c9 /var/folders/pw/_t21wqld2mz2z8g3y6gcqbzc0000gn/T//ccIdebUX.debug.temp.o
                0x000000000000c081                HardwareSerial2.cpp.ba4a4d0a
 .debug_info    0x000000000000c44a      0x3c9 /var/folders/pw/_t21wqld2mz2z8g3y6gcqbzc0000gn/T//ccBT9gtj.debug.temp.o
                0x000000000000c44a                HardwareSerial3.cpp.c55c435c
 .debug_info    0x000000000000c813     0x1a2a /var/folders/pw/_t21wqld2mz2z8g3y6gcqbzc0000gn/T//cctYNjHz.debug.temp.o
                0x000000000000c813                IPAddress.cpp.d63bb9cc
 .debug_info    0x000000000000e23d      0x3c9 /var/folders/pw/_t21wqld2mz2z8g3y6gcqbzc0000gn/T//ccs1eI5R.debug.temp.o
                0x000000000000e23d                PluggableUSB.cpp.fa528fa5
 .debug_info    0x000000000000e606     0x1e7f /var/folders/pw/_t21wqld2mz2z8g3y6gcqbzc0000gn/T//ccsRY0xm.debug.temp.o
                0x000000000000e606                Print.cpp.1ce21404
 .debug_info    0x0000000000010485     0x1c1e /var/folders/pw/_t21wqld2mz2z8g3y6gcqbzc0000gn/T//ccvkfmWi.debug.temp.o
                0x0000000000010485                Stream.cpp.0732af00
 .debug_info    0x00000000000120a3      0x6f3 /var/folders/pw/_t21wqld2mz2z8g3y6gcqbzc0000gn/T//ccU0SMP1.debug.temp.o
                0x00000000000120a3                Tone.cpp.b32c16b3
 .debug_info    0x0000000000012796      0x3c9 /var/folders/pw/_t21wqld2mz2z8g3y6gcqbzc0000gn/T//ccZqeT3G.debug.temp.o
                0x0000000000012796                USBCore.cpp.3896a5d4
 .debug_info    0x0000000000012b5f      0x18f /var/folders/pw/_t21wqld2mz2z8g3y6gcqbzc0000gn/T//ccIkwBNV.debug.temp.o
                0x0000000000012b5f                WMath.cpp.91f2951c
 .debug_info    0x0000000000012cee     0x2421 /var/folders/pw/_t21wqld2mz2z8g3y6gcqbzc0000gn/T//ccBKLeL3.debug.temp.o
                0x0000000000012cee                WString.cpp.8337a96e
 .debug_info    0x000000000001510f       0x83 /var/folders/pw/_t21wqld2mz2z8g3y6gcqbzc0000gn/T//ccecjlTZ.debug.temp.o
                0x000000000001510f                abi.cpp.b1c335e6
 .debug_info    0x0000000000015192      0x3fa /var/folders/pw/_t21wqld2mz2z8g3y6gcqbzc0000gn/T//cca59twV.debug.temp.o
                0x0000000000015192                main.cpp.664e4e0f
 .debug_info    0x000000000001558c       0xed /var/folders/pw/_t21wqld2mz2z8g3y6gcqbzc0000gn/T//ccflTTlw.debug.temp.o
                0x000000000001558c                new.cpp.599f59db
 .debug_info    0x0000000000015679     0x222e /var/folders/pw/_t21wqld2mz2z8g3y6gcqbzc0000gn/T//ccrKIeWI.debug.temp.o
                0x0000000000015679                Wire.cpp.9c78dd40
 .debug_info    0x00000000000178a7      0x760 /var/folders/pw/_t21wqld2mz2z8g3y6gcqbzc0000gn/T//cc9ExfHS.debug.temp.o
                0x00000000000178a7                SPI.cpp.14f3a158
 .debug_info    0x0000000000018007     0x3fb9 /var/folders/pw/_t21wqld2mz2z8g3y6gcqbzc0000gn/T//ccTh1UPw.debug.temp.o
                0x0000000000018007                File.cpp.262a790e
 .debug_info    0x000000000001bfc0     0x3d45 /var/folders/pw/_t21wqld2mz2z8g3y6gcqbzc0000gn/T//ccan2v80.debug.temp.o
                0x000000000001bfc0                SD.cpp.1e235de9
 .debug_info    0x000000000001fd05     0x1c7b /var/folders/pw/_t21wqld2mz2z8g3y6gcqbzc0000gn/T//ccmsCOBS.debug.temp.o
                0x000000000001fd05                Sd2Card.cpp.c96101de
 .debug_info    0x0000000000021980     0x3891 /var/folders/pw/_t21wqld2mz2z8g3y6gcqbzc0000gn/T//ccHotEGW.debug.temp.o
                0x0000000000021980                SdFile.cpp.4676169f
 .debug_info    0x0000000000025211     0x221d /var/folders/pw/_t21wqld2mz2z8g3y6gcqbzc0000gn/T//ccCQSDGJ.debug.temp.o
                0x0000000000025211                SdVolume.cpp.05ce1cac
 .debug_info    0x000000000002742e      0x1b3 /var/folders/pw/_t21wqld2mz2z8g3y6gcqbzc0000gn/T//cczUJnCS.debug.temp.o
                0x000000000002742e                main.cpp.c52535c3
 .debug_info    0x00000000000275e1      0x32d /var/folders/pw/_t21wqld2mz2z8g3y6gcqbzc0000gn/T//ccHYyk11.debug.temp.o
                0x00000000000275e1                WInterrupts.c.aad0b9d9
 .debug_info    0x000000000002790e       0x26 /var/folders/pw/_t21wqld2mz2z8g3y6gcqbzc0000gn/T//ccX419fw.debug.temp.o
                0x000000000002790e                hooks.c.46e15c02
 .debug_info    0x0000000000027934      0x37e /var/folders/pw/_t21wqld2mz2z8g3y6gcqbzc0000gn/T//ccrWjm2Z.debug.temp.o
                0x0000000000027934                wiring.c.a4769de1
 .debug_info    0x0000000000027cb2      0x325 /var/folders/pw/_t21wqld2mz2z8g3y6gcqbzc0000gn/T//ccWhkZtH.debug.temp.o
                0x0000000000027cb2                wiring_analog.c.e79b9491
 .debug_info    0x0000000000027fd7      0x569 /var/folders/pw/_t21wqld2mz2z8g3y6gcqbzc0000gn/T//ccWPUIkR.debug.temp.o
                0x0000000000027fd7                wiring_digital.c.099821c5
 .debug_info    0x0000000000028540      0x456 /var/folders/pw/_t21wqld2mz2z8g3y6gcqbzc0000gn/T//ccRX1HBn.debug.temp.o
                0x0000000000028540                wiring_pulse.c.d1894887
 .debug_info    0x0000000000028996      0x31e /var/folders/pw/_t21wqld2mz2z8g3y6gcqbzc0000gn/T//ccFOP95s.debug.temp.o
                0x0000000000028996                wiring_shift.c.78daceee
 .debug_info    0x0000000000028cb4      0x44b /var/folders/pw/_t21wqld2mz2z8g3y6gcqbzc0000gn/T//ccA8G4iq.debug.temp.o
                0x0000000000028cb4                twi.c.d36bad39
 .debug_info    0x00000000000290ff       0x26 /usr/local/Cellar/avr-gcc/9.3.0/lib/avr-gcc/9/gcc/avr/9.3.0/avr5/libgcc.a(_exit.o)
 .debug_info    0x0000000000029125       0x26 /usr/local/Cellar/avr-gcc/9.3.0/lib/avr-gcc/9/gcc/avr/9.3.0/avr5/libgcc.a(_tablejump2.o)
 .debug_info    0x000000000002914b       0x26 /usr/local/Cellar/avr-gcc/9.3.0/lib/avr-gcc/9/gcc/avr/9.3.0/avr5/libgcc.a(_ctors.o)
 .debug_info    0x0000000000029171       0x26 /usr/local/Cellar/avr-gcc/9.3.0/lib/avr-gcc/9/gcc/avr/9.3.0/avr5/libgcc.a(_copy_data.o)
 .debug_info    0x0000000000029197       0x26 /usr/local/Cellar/avr-gcc/9.3.0/lib/avr-gcc/9/gcc/avr/9.3.0/avr5/libgcc.a(_clear_bss.o)
 .debug_info    0x00000000000291bd       0x26 /usr/local/Cellar/avr-gcc/9.3.0/lib/avr-gcc/9/gcc/avr/9.3.0/avr5/libgcc.a(_udivmodsi4.o)

.debug_abbrev   0x0000000000000000     0x5888
 *(.debug_abbrev)
 .debug_abbrev  0x0000000000000000      0x5a2 /usr/local/Cellar/avr-gcc/9.3.0/lib/avr-gcc/9/gcc/avr/9.3.0/../../../../../../avr/lib/avr5/crtatmega328p.o
 .debug_abbrev  0x00000000000005a2       0xd8 /var/folders/pw/_t21wqld2mz2z8g3y6gcqbzc0000gn/T//chip_tester.atmega328p.elf.p3BzUg.ltrans0.ltrans.o
 .debug_abbrev  0x000000000000067a      0x1a4 /var/folders/pw/_t21wqld2mz2z8g3y6gcqbzc0000gn/T//cc4xY8TT.debug.temp.o
 .debug_abbrev  0x000000000000081e      0x3aa /var/folders/pw/_t21wqld2mz2z8g3y6gcqbzc0000gn/T//cctGhQ2t.debug.temp.o
 .debug_abbrev  0x0000000000000bc8      0x393 /var/folders/pw/_t21wqld2mz2z8g3y6gcqbzc0000gn/T//ccsjy9Js.debug.temp.o
 .debug_abbrev  0x0000000000000f5b      0x1a4 /var/folders/pw/_t21wqld2mz2z8g3y6gcqbzc0000gn/T//ccZXoqCm.debug.temp.o
 .debug_abbrev  0x00000000000010ff      0x1a4 /var/folders/pw/_t21wqld2mz2z8g3y6gcqbzc0000gn/T//ccIdebUX.debug.temp.o
 .debug_abbrev  0x00000000000012a3      0x1a4 /var/folders/pw/_t21wqld2mz2z8g3y6gcqbzc0000gn/T//ccBT9gtj.debug.temp.o
 .debug_abbrev  0x0000000000001447      0x3ba /var/folders/pw/_t21wqld2mz2z8g3y6gcqbzc0000gn/T//cctYNjHz.debug.temp.o
 .debug_abbrev  0x0000000000001801      0x1a4 /var/folders/pw/_t21wqld2mz2z8g3y6gcqbzc0000gn/T//ccs1eI5R.debug.temp.o
 .debug_abbrev  0x00000000000019a5      0x360 /var/folders/pw/_t21wqld2mz2z8g3y6gcqbzc0000gn/T//ccsRY0xm.debug.temp.o
 .debug_abbrev  0x0000000000001d05      0x34e /var/folders/pw/_t21wqld2mz2z8g3y6gcqbzc0000gn/T//ccvkfmWi.debug.temp.o
 .debug_abbrev  0x0000000000002053      0x251 /var/folders/pw/_t21wqld2mz2z8g3y6gcqbzc0000gn/T//ccU0SMP1.debug.temp.o
 .debug_abbrev  0x00000000000022a4      0x1a4 /var/folders/pw/_t21wqld2mz2z8g3y6gcqbzc0000gn/T//ccZqeT3G.debug.temp.o
 .debug_abbrev  0x0000000000002448       0xbb /var/folders/pw/_t21wqld2mz2z8g3y6gcqbzc0000gn/T//ccIkwBNV.debug.temp.o
 .debug_abbrev  0x0000000000002503      0x2a5 /var/folders/pw/_t21wqld2mz2z8g3y6gcqbzc0000gn/T//ccBKLeL3.debug.temp.o
 .debug_abbrev  0x00000000000027a8       0x63 /var/folders/pw/_t21wqld2mz2z8g3y6gcqbzc0000gn/T//ccecjlTZ.debug.temp.o
 .debug_abbrev  0x000000000000280b      0x1dc /var/folders/pw/_t21wqld2mz2z8g3y6gcqbzc0000gn/T//cca59twV.debug.temp.o
 .debug_abbrev  0x00000000000029e7       0xb1 /var/folders/pw/_t21wqld2mz2z8g3y6gcqbzc0000gn/T//ccflTTlw.debug.temp.o
 .debug_abbrev  0x0000000000002a98      0x472 /var/folders/pw/_t21wqld2mz2z8g3y6gcqbzc0000gn/T//ccrKIeWI.debug.temp.o
 .debug_abbrev  0x0000000000002f0a      0x2de /var/folders/pw/_t21wqld2mz2z8g3y6gcqbzc0000gn/T//cc9ExfHS.debug.temp.o
 .debug_abbrev  0x00000000000031e8      0x5c6 /var/folders/pw/_t21wqld2mz2z8g3y6gcqbzc0000gn/T//ccTh1UPw.debug.temp.o
 .debug_abbrev  0x00000000000037ae      0x686 /var/folders/pw/_t21wqld2mz2z8g3y6gcqbzc0000gn/T//ccan2v80.debug.temp.o
 .debug_abbrev  0x0000000000003e34      0x466 /var/folders/pw/_t21wqld2mz2z8g3y6gcqbzc0000gn/T//ccmsCOBS.debug.temp.o
 .debug_abbrev  0x000000000000429a      0x61f /var/folders/pw/_t21wqld2mz2z8g3y6gcqbzc0000gn/T//ccHotEGW.debug.temp.o
 .debug_abbrev  0x00000000000048b9      0x48e /var/folders/pw/_t21wqld2mz2z8g3y6gcqbzc0000gn/T//ccCQSDGJ.debug.temp.o
 .debug_abbrev  0x0000000000004d47       0xcd /var/folders/pw/_t21wqld2mz2z8g3y6gcqbzc0000gn/T//cczUJnCS.debug.temp.o
 .debug_abbrev  0x0000000000004e14      0x15e /var/folders/pw/_t21wqld2mz2z8g3y6gcqbzc0000gn/T//ccHYyk11.debug.temp.o
 .debug_abbrev  0x0000000000004f72       0x1d /var/folders/pw/_t21wqld2mz2z8g3y6gcqbzc0000gn/T//ccX419fw.debug.temp.o
 .debug_abbrev  0x0000000000004f8f      0x176 /var/folders/pw/_t21wqld2mz2z8g3y6gcqbzc0000gn/T//ccrWjm2Z.debug.temp.o
 .debug_abbrev  0x0000000000005105      0x172 /var/folders/pw/_t21wqld2mz2z8g3y6gcqbzc0000gn/T//ccWhkZtH.debug.temp.o
 .debug_abbrev  0x0000000000005277      0x18d /var/folders/pw/_t21wqld2mz2z8g3y6gcqbzc0000gn/T//ccWPUIkR.debug.temp.o
 .debug_abbrev  0x0000000000005404      0x157 /var/folders/pw/_t21wqld2mz2z8g3y6gcqbzc0000gn/T//ccRX1HBn.debug.temp.o
 .debug_abbrev  0x000000000000555b      0x149 /var/folders/pw/_t21wqld2mz2z8g3y6gcqbzc0000gn/T//ccFOP95s.debug.temp.o
 .debug_abbrev  0x00000000000056a4      0x16c /var/folders/pw/_t21wqld2mz2z8g3y6gcqbzc0000gn/T//ccA8G4iq.debug.temp.o
 .debug_abbrev  0x0000000000005810       0x14 /usr/local/Cellar/avr-gcc/9.3.0/lib/avr-gcc/9/gcc/avr/9.3.0/avr5/libgcc.a(_exit.o)
 .debug_abbrev  0x0000000000005824       0x14 /usr/local/Cellar/avr-gcc/9.3.0/lib/avr-gcc/9/gcc/avr/9.3.0/avr5/libgcc.a(_tablejump2.o)
 .debug_abbrev  0x0000000000005838       0x14 /usr/local/Cellar/avr-gcc/9.3.0/lib/avr-gcc/9/gcc/avr/9.3.0/avr5/libgcc.a(_ctors.o)
 .debug_abbrev  0x000000000000584c       0x14 /usr/local/Cellar/avr-gcc/9.3.0/lib/avr-gcc/9/gcc/avr/9.3.0/avr5/libgcc.a(_copy_data.o)
 .debug_abbrev  0x0000000000005860       0x14 /usr/local/Cellar/avr-gcc/9.3.0/lib/avr-gcc/9/gcc/avr/9.3.0/avr5/libgcc.a(_clear_bss.o)
 .debug_abbrev  0x0000000000005874       0x14 /usr/local/Cellar/avr-gcc/9.3.0/lib/avr-gcc/9/gcc/avr/9.3.0/avr5/libgcc.a(_udivmodsi4.o)

.debug_line     0x0000000000000000    0x1002d
 *(.debug_line .debug_line.* .debug_line_end)
 .debug_line    0x0000000000000000       0x1d /usr/local/Cellar/avr-gcc/9.3.0/lib/avr-gcc/9/gcc/avr/9.3.0/../../../../../../avr/lib/avr5/crtatmega328p.o
 .debug_line    0x000000000000001d     0xcacb /var/folders/pw/_t21wqld2mz2z8g3y6gcqbzc0000gn/T//chip_tester.atmega328p.elf.p3BzUg.ltrans0.ltrans.o
 .debug_line    0x000000000000cae8      0x169 /var/folders/pw/_t21wqld2mz2z8g3y6gcqbzc0000gn/T//cc4xY8TT.debug.temp.o
 .debug_line    0x000000000000cc51      0x1e5 /var/folders/pw/_t21wqld2mz2z8g3y6gcqbzc0000gn/T//cctGhQ2t.debug.temp.o
 .debug_line    0x000000000000ce36      0x1a9 /var/folders/pw/_t21wqld2mz2z8g3y6gcqbzc0000gn/T//ccsjy9Js.debug.temp.o
 .debug_line    0x000000000000cfdf      0x169 /var/folders/pw/_t21wqld2mz2z8g3y6gcqbzc0000gn/T//ccZXoqCm.debug.temp.o
 .debug_line    0x000000000000d148      0x169 /var/folders/pw/_t21wqld2mz2z8g3y6gcqbzc0000gn/T//ccIdebUX.debug.temp.o
 .debug_line    0x000000000000d2b1      0x169 /var/folders/pw/_t21wqld2mz2z8g3y6gcqbzc0000gn/T//ccBT9gtj.debug.temp.o
 .debug_line    0x000000000000d41a      0x1ed /var/folders/pw/_t21wqld2mz2z8g3y6gcqbzc0000gn/T//cctYNjHz.debug.temp.o
 .debug_line    0x000000000000d607      0x169 /var/folders/pw/_t21wqld2mz2z8g3y6gcqbzc0000gn/T//ccs1eI5R.debug.temp.o
 .debug_line    0x000000000000d770      0x183 /var/folders/pw/_t21wqld2mz2z8g3y6gcqbzc0000gn/T//ccsRY0xm.debug.temp.o
 .debug_line    0x000000000000d8f3      0x184 /var/folders/pw/_t21wqld2mz2z8g3y6gcqbzc0000gn/T//ccvkfmWi.debug.temp.o
 .debug_line    0x000000000000da77      0x175 /var/folders/pw/_t21wqld2mz2z8g3y6gcqbzc0000gn/T//ccU0SMP1.debug.temp.o
 .debug_line    0x000000000000dbec      0x169 /var/folders/pw/_t21wqld2mz2z8g3y6gcqbzc0000gn/T//ccZqeT3G.debug.temp.o
 .debug_line    0x000000000000dd55       0xbb /var/folders/pw/_t21wqld2mz2z8g3y6gcqbzc0000gn/T//ccIkwBNV.debug.temp.o
 .debug_line    0x000000000000de10      0x108 /var/folders/pw/_t21wqld2mz2z8g3y6gcqbzc0000gn/T//ccBKLeL3.debug.temp.o
 .debug_line    0x000000000000df18       0xb9 /var/folders/pw/_t21wqld2mz2z8g3y6gcqbzc0000gn/T//ccecjlTZ.debug.temp.o
 .debug_line    0x000000000000dfd1      0x1bd /var/folders/pw/_t21wqld2mz2z8g3y6gcqbzc0000gn/T//cca59twV.debug.temp.o
 .debug_line    0x000000000000e18e       0xb9 /var/folders/pw/_t21wqld2mz2z8g3y6gcqbzc0000gn/T//ccflTTlw.debug.temp.o
 .debug_line    0x000000000000e247      0x15a /var/folders/pw/_t21wqld2mz2z8g3y6gcqbzc0000gn/T//ccrKIeWI.debug.temp.o
 .debug_line    0x000000000000e3a1      0x1d7 /var/folders/pw/_t21wqld2mz2z8g3y6gcqbzc0000gn/T//cc9ExfHS.debug.temp.o
 .debug_line    0x000000000000e578      0x2ef /var/folders/pw/_t21wqld2mz2z8g3y6gcqbzc0000gn/T//ccTh1UPw.debug.temp.o
 .debug_line    0x000000000000e867      0x294 /var/folders/pw/_t21wqld2mz2z8g3y6gcqbzc0000gn/T//ccan2v80.debug.temp.o
 .debug_line    0x000000000000eafb      0x264 /var/folders/pw/_t21wqld2mz2z8g3y6gcqbzc0000gn/T//ccmsCOBS.debug.temp.o
 .debug_line    0x000000000000ed5f      0x21b /var/folders/pw/_t21wqld2mz2z8g3y6gcqbzc0000gn/T//ccHotEGW.debug.temp.o
 .debug_line    0x000000000000ef7a      0x21d /var/folders/pw/_t21wqld2mz2z8g3y6gcqbzc0000gn/T//ccCQSDGJ.debug.temp.o
 .debug_line    0x000000000000f197      0x12e /var/folders/pw/_t21wqld2mz2z8g3y6gcqbzc0000gn/T//cczUJnCS.debug.temp.o
 .debug_line    0x000000000000f2c5      0x163 /var/folders/pw/_t21wqld2mz2z8g3y6gcqbzc0000gn/T//ccHYyk11.debug.temp.o
 .debug_line    0x000000000000f428       0x31 /var/folders/pw/_t21wqld2mz2z8g3y6gcqbzc0000gn/T//ccX419fw.debug.temp.o
 .debug_line    0x000000000000f459      0x14a /var/folders/pw/_t21wqld2mz2z8g3y6gcqbzc0000gn/T//ccrWjm2Z.debug.temp.o
 .debug_line    0x000000000000f5a3      0x151 /var/folders/pw/_t21wqld2mz2z8g3y6gcqbzc0000gn/T//ccWhkZtH.debug.temp.o
 .debug_line    0x000000000000f6f4      0x152 /var/folders/pw/_t21wqld2mz2z8g3y6gcqbzc0000gn/T//ccWPUIkR.debug.temp.o
 .debug_line    0x000000000000f846      0x150 /var/folders/pw/_t21wqld2mz2z8g3y6gcqbzc0000gn/T//ccRX1HBn.debug.temp.o
 .debug_line    0x000000000000f996      0x150 /var/folders/pw/_t21wqld2mz2z8g3y6gcqbzc0000gn/T//ccFOP95s.debug.temp.o
 .debug_line    0x000000000000fae6      0x19f /var/folders/pw/_t21wqld2mz2z8g3y6gcqbzc0000gn/T//ccA8G4iq.debug.temp.o
 .debug_line    0x000000000000fc85       0x61 /usr/local/Cellar/avr-gcc/9.3.0/lib/avr-gcc/9/gcc/avr/9.3.0/avr5/libgcc.a(_exit.o)
 .debug_line    0x000000000000fce6       0x79 /usr/local/Cellar/avr-gcc/9.3.0/lib/avr-gcc/9/gcc/avr/9.3.0/avr5/libgcc.a(_tablejump2.o)
 .debug_line    0x000000000000fd5f       0x91 /usr/local/Cellar/avr-gcc/9.3.0/lib/avr-gcc/9/gcc/avr/9.3.0/avr5/libgcc.a(_ctors.o)
 .debug_line    0x000000000000fdf0       0x97 /usr/local/Cellar/avr-gcc/9.3.0/lib/avr-gcc/9/gcc/avr/9.3.0/avr5/libgcc.a(_copy_data.o)
 .debug_line    0x000000000000fe87       0x85 /usr/local/Cellar/avr-gcc/9.3.0/lib/avr-gcc/9/gcc/avr/9.3.0/avr5/libgcc.a(_clear_bss.o)
 .debug_line    0x000000000000ff0c      0x121 /usr/local/Cellar/avr-gcc/9.3.0/lib/avr-gcc/9/gcc/avr/9.3.0/avr5/libgcc.a(_udivmodsi4.o)

.debug_frame    0x0000000000000000     0x3a54
 *(.debug_frame)
 .debug_frame   0x0000000000000000     0x3a54 /var/folders/pw/_t21wqld2mz2z8g3y6gcqbzc0000gn/T//chip_tester.atmega328p.elf.p3BzUg.ltrans0.ltrans.o

.debug_str      0x0000000000000000     0x6304
 *(.debug_str)
 .debug_str     0x0000000000000000      0x208 /usr/local/Cellar/avr-gcc/9.3.0/lib/avr-gcc/9/gcc/avr/9.3.0/../../../../../../avr/lib/avr5/crtatmega328p.o
 .debug_str     0x0000000000000208      0x11c /var/folders/pw/_t21wqld2mz2z8g3y6gcqbzc0000gn/T//chip_tester.atmega328p.elf.p3BzUg.ltrans0.ltrans.o
 .debug_str     0x0000000000000324      0x2f6 /var/folders/pw/_t21wqld2mz2z8g3y6gcqbzc0000gn/T//cc4xY8TT.debug.temp.o
                                        0x38d (size before relaxing)
 .debug_str     0x000000000000061a     0x12b4 /var/folders/pw/_t21wqld2mz2z8g3y6gcqbzc0000gn/T//cctGhQ2t.debug.temp.o
                                       0x16a7 (size before relaxing)
 .debug_str     0x00000000000018ce      0x135 /var/folders/pw/_t21wqld2mz2z8g3y6gcqbzc0000gn/T//ccsjy9Js.debug.temp.o
                                       0x14cd (size before relaxing)
 .debug_str     0x0000000000001a03       0x1c /var/folders/pw/_t21wqld2mz2z8g3y6gcqbzc0000gn/T//ccZXoqCm.debug.temp.o
                                        0x399 (size before relaxing)
 .debug_str     0x0000000000001a1f       0x1c /var/folders/pw/_t21wqld2mz2z8g3y6gcqbzc0000gn/T//ccIdebUX.debug.temp.o
                                        0x399 (size before relaxing)
 .debug_str     0x0000000000001a3b       0x1c /var/folders/pw/_t21wqld2mz2z8g3y6gcqbzc0000gn/T//ccBT9gtj.debug.temp.o
                                        0x399 (size before relaxing)
 .debug_str     0x0000000000001a57      0x38d /var/folders/pw/_t21wqld2mz2z8g3y6gcqbzc0000gn/T//cctYNjHz.debug.temp.o
                                       0x12ec (size before relaxing)
 .debug_str     0x0000000000001de4       0x19 /var/folders/pw/_t21wqld2mz2z8g3y6gcqbzc0000gn/T//ccs1eI5R.debug.temp.o
                                        0x396 (size before relaxing)
 .debug_str     0x0000000000001dfd      0x39d /var/folders/pw/_t21wqld2mz2z8g3y6gcqbzc0000gn/T//ccsRY0xm.debug.temp.o
                                       0x12e9 (size before relaxing)
 .debug_str     0x000000000000219a       0x92 /var/folders/pw/_t21wqld2mz2z8g3y6gcqbzc0000gn/T//ccvkfmWi.debug.temp.o
                                       0x134f (size before relaxing)
 .debug_str     0x000000000000222c      0x150 /var/folders/pw/_t21wqld2mz2z8g3y6gcqbzc0000gn/T//ccU0SMP1.debug.temp.o
                                        0x4fc (size before relaxing)
 .debug_str     0x000000000000237c       0x14 /var/folders/pw/_t21wqld2mz2z8g3y6gcqbzc0000gn/T//ccZqeT3G.debug.temp.o
                                        0x391 (size before relaxing)
 .debug_str     0x0000000000002390       0xae /var/folders/pw/_t21wqld2mz2z8g3y6gcqbzc0000gn/T//ccIkwBNV.debug.temp.o
                                        0x257 (size before relaxing)
 .debug_str     0x000000000000243e      0x2f8 /var/folders/pw/_t21wqld2mz2z8g3y6gcqbzc0000gn/T//ccBKLeL3.debug.temp.o
                                       0x107d (size before relaxing)
 .debug_str     0x0000000000002736       0x39 /var/folders/pw/_t21wqld2mz2z8g3y6gcqbzc0000gn/T//ccecjlTZ.debug.temp.o
                                        0x1bd (size before relaxing)
 .debug_str     0x000000000000276f       0x3a /var/folders/pw/_t21wqld2mz2z8g3y6gcqbzc0000gn/T//cca59twV.debug.temp.o
                                        0x3b7 (size before relaxing)
 .debug_str     0x00000000000027a9       0x6a /var/folders/pw/_t21wqld2mz2z8g3y6gcqbzc0000gn/T//ccflTTlw.debug.temp.o
                                        0x1f3 (size before relaxing)
 .debug_str     0x0000000000002813      0x52d /var/folders/pw/_t21wqld2mz2z8g3y6gcqbzc0000gn/T//ccrKIeWI.debug.temp.o
                                       0x18ac (size before relaxing)
 .debug_str     0x0000000000002d40      0x3c7 /var/folders/pw/_t21wqld2mz2z8g3y6gcqbzc0000gn/T//cc9ExfHS.debug.temp.o
                                        0x77b (size before relaxing)
 .debug_str     0x0000000000003107     0x1c3a /var/folders/pw/_t21wqld2mz2z8g3y6gcqbzc0000gn/T//ccTh1UPw.debug.temp.o
                                       0x3103 (size before relaxing)
 .debug_str     0x0000000000004d41      0x3e8 /var/folders/pw/_t21wqld2mz2z8g3y6gcqbzc0000gn/T//ccan2v80.debug.temp.o
                                       0x2e3a (size before relaxing)
 .debug_str     0x0000000000005129      0x148 /var/folders/pw/_t21wqld2mz2z8g3y6gcqbzc0000gn/T//ccmsCOBS.debug.temp.o
                                       0x1405 (size before relaxing)
 .debug_str     0x0000000000005271      0xa19 /var/folders/pw/_t21wqld2mz2z8g3y6gcqbzc0000gn/T//ccHotEGW.debug.temp.o
                                       0x27b4 (size before relaxing)
 .debug_str     0x0000000000005c8a      0x100 /var/folders/pw/_t21wqld2mz2z8g3y6gcqbzc0000gn/T//ccCQSDGJ.debug.temp.o
                                       0x1c13 (size before relaxing)
 .debug_str     0x0000000000005d8a       0x83 /var/folders/pw/_t21wqld2mz2z8g3y6gcqbzc0000gn/T//cczUJnCS.debug.temp.o
                                        0x26f (size before relaxing)
 .debug_str     0x0000000000005e0d       0xfb /var/folders/pw/_t21wqld2mz2z8g3y6gcqbzc0000gn/T//ccHYyk11.debug.temp.o
                                        0x2cb (size before relaxing)
 .debug_str     0x0000000000005f08       0x18 /var/folders/pw/_t21wqld2mz2z8g3y6gcqbzc0000gn/T//ccX419fw.debug.temp.o
                                         0xef (size before relaxing)
 .debug_str     0x0000000000005f20       0x75 /var/folders/pw/_t21wqld2mz2z8g3y6gcqbzc0000gn/T//ccrWjm2Z.debug.temp.o
                                        0x2d8 (size before relaxing)
 .debug_str     0x0000000000005f95       0x50 /var/folders/pw/_t21wqld2mz2z8g3y6gcqbzc0000gn/T//ccWhkZtH.debug.temp.o
                                        0x2b4 (size before relaxing)
 .debug_str     0x0000000000005fe5       0x45 /var/folders/pw/_t21wqld2mz2z8g3y6gcqbzc0000gn/T//ccWPUIkR.debug.temp.o
                                        0x2b7 (size before relaxing)
 .debug_str     0x000000000000602a       0x4a /var/folders/pw/_t21wqld2mz2z8g3y6gcqbzc0000gn/T//ccRX1HBn.debug.temp.o
                                        0x2c3 (size before relaxing)
 .debug_str     0x0000000000006074       0x39 /var/folders/pw/_t21wqld2mz2z8g3y6gcqbzc0000gn/T//ccFOP95s.debug.temp.o
                                        0x290 (size before relaxing)
 .debug_str     0x00000000000060ad      0x1d5 /var/folders/pw/_t21wqld2mz2z8g3y6gcqbzc0000gn/T//ccA8G4iq.debug.temp.o
                                        0x432 (size before relaxing)
 .debug_str     0x0000000000006282       0x82 /usr/local/Cellar/avr-gcc/9.3.0/lib/avr-gcc/9/gcc/avr/9.3.0/avr5/libgcc.a(_exit.o)
 .debug_str     0x0000000000006304       0x82 /usr/local/Cellar/avr-gcc/9.3.0/lib/avr-gcc/9/gcc/avr/9.3.0/avr5/libgcc.a(_tablejump2.o)
 .debug_str     0x0000000000006304       0x82 /usr/local/Cellar/avr-gcc/9.3.0/lib/avr-gcc/9/gcc/avr/9.3.0/avr5/libgcc.a(_ctors.o)
 .debug_str     0x0000000000006304       0x82 /usr/local/Cellar/avr-gcc/9.3.0/lib/avr-gcc/9/gcc/avr/9.3.0/avr5/libgcc.a(_copy_data.o)
 .debug_str     0x0000000000006304       0x82 /usr/local/Cellar/avr-gcc/9.3.0/lib/avr-gcc/9/gcc/avr/9.3.0/avr5/libgcc.a(_clear_bss.o)
 .debug_str     0x0000000000006304       0x82 /usr/local/Cellar/avr-gcc/9.3.0/lib/avr-gcc/9/gcc/avr/9.3.0/avr5/libgcc.a(_udivmodsi4.o)

.debug_loc
 *(.debug_loc)

.debug_macinfo
 *(.debug_macinfo)

.debug_weaknames
 *(.debug_weaknames)

.debug_funcnames
 *(.debug_funcnames)

.debug_typenames
 *(.debug_typenames)

.debug_varnames
 *(.debug_varnames)

.debug_pubtypes
 *(.debug_pubtypes)

.debug_ranges   0x0000000000000000      0xdd8
 *(.debug_ranges)
 .debug_ranges  0x0000000000000000      0xdd8 /var/folders/pw/_t21wqld2mz2z8g3y6gcqbzc0000gn/T//chip_tester.atmega328p.elf.p3BzUg.ltrans0.ltrans.o

.debug_macro
 *(.debug_macro)

.debug_addr
 *(.debug_addr)
OUTPUT(/Users/petioptrv/development/shape-the-world-with-arduino/lab-6/bin/chip_tester.atmega328p.elf elf32-avr)
LOAD linker stubs

Cross Reference Table

Symbol                                            File
CDC.cpp.0277b33b                                  /var/folders/pw/_t21wqld2mz2z8g3y6gcqbzc0000gn/T//cc4xY8TT.debug.temp.o
                                                  /var/folders/pw/_t21wqld2mz2z8g3y6gcqbzc0000gn/T//chip_tester.atmega328p.elf.p3BzUg.ltrans0.ltrans.o
File.cpp.262a790e                                 /var/folders/pw/_t21wqld2mz2z8g3y6gcqbzc0000gn/T//ccTh1UPw.debug.temp.o
                                                  /var/folders/pw/_t21wqld2mz2z8g3y6gcqbzc0000gn/T//chip_tester.atmega328p.elf.p3BzUg.ltrans0.ltrans.o
HardwareSerial.cpp.8bdb831b                       /var/folders/pw/_t21wqld2mz2z8g3y6gcqbzc0000gn/T//cctGhQ2t.debug.temp.o
                                                  /var/folders/pw/_t21wqld2mz2z8g3y6gcqbzc0000gn/T//chip_tester.atmega328p.elf.p3BzUg.ltrans0.ltrans.o
HardwareSerial0.cpp.177c43d7                      /var/folders/pw/_t21wqld2mz2z8g3y6gcqbzc0000gn/T//ccsjy9Js.debug.temp.o
                                                  /var/folders/pw/_t21wqld2mz2z8g3y6gcqbzc0000gn/T//chip_tester.atmega328p.elf.p3BzUg.ltrans0.ltrans.o
HardwareSerial1.cpp.2b7a7f9c                      /var/folders/pw/_t21wqld2mz2z8g3y6gcqbzc0000gn/T//ccZXoqCm.debug.temp.o
                                                  /var/folders/pw/_t21wqld2mz2z8g3y6gcqbzc0000gn/T//chip_tester.atmega328p.elf.p3BzUg.ltrans0.ltrans.o
HardwareSerial2.cpp.ba4a4d0a                      /var/folders/pw/_t21wqld2mz2z8g3y6gcqbzc0000gn/T//ccIdebUX.debug.temp.o
                                                  /var/folders/pw/_t21wqld2mz2z8g3y6gcqbzc0000gn/T//chip_tester.atmega328p.elf.p3BzUg.ltrans0.ltrans.o
HardwareSerial3.cpp.c55c435c                      /var/folders/pw/_t21wqld2mz2z8g3y6gcqbzc0000gn/T//ccBT9gtj.debug.temp.o
                                                  /var/folders/pw/_t21wqld2mz2z8g3y6gcqbzc0000gn/T//chip_tester.atmega328p.elf.p3BzUg.ltrans0.ltrans.o
HardwareSerial::HardwareSerial(unsigned char volatile*, unsigned char volatile*, unsigned char volatile*, unsigned char volatile*, unsigned char volatile*, unsigned char volatile*) /Users/petioptrv/development/shape-the-world-with-arduino/lab-6/obj/arduino/HardwareSerial0.o (symbol from plugin)
HardwareSerial::HardwareSerial(unsigned char volatile*, unsigned char volatile*, unsigned char volatile*, unsigned char volatile*, unsigned char volatile*, unsigned char volatile*) /Users/petioptrv/development/shape-the-world-with-arduino/lab-6/obj/arduino/HardwareSerial0.o (symbol from plugin)
HardwareSerial::_rx_complete_irq()                /Users/petioptrv/development/shape-the-world-with-arduino/lab-6/obj/arduino/HardwareSerial0.o (symbol from plugin)
HardwareSerial::_tx_udr_empty_irq()               /Users/petioptrv/development/shape-the-world-with-arduino/lab-6/obj/arduino/HardwareSerial.o (symbol from plugin)
                                                  /Users/petioptrv/development/shape-the-world-with-arduino/lab-6/obj/arduino/HardwareSerial0.o (symbol from plugin)
HardwareSerial::available()                       /Users/petioptrv/development/shape-the-world-with-arduino/lab-6/obj/arduino/HardwareSerial.o (symbol from plugin)
                                                  /Users/petioptrv/development/shape-the-world-with-arduino/lab-6/obj/arduino/HardwareSerial0.o (symbol from plugin)
HardwareSerial::availableForWrite()               /Users/petioptrv/development/shape-the-world-with-arduino/lab-6/obj/arduino/HardwareSerial.o (symbol from plugin)
HardwareSerial::begin(unsigned long, unsigned char) /Users/petioptrv/development/shape-the-world-with-arduino/lab-6/obj/arduino/HardwareSerial.o (symbol from plugin)
HardwareSerial::end()                             /Users/petioptrv/development/shape-the-world-with-arduino/lab-6/obj/arduino/HardwareSerial.o (symbol from plugin)
HardwareSerial::flush()                           /Users/petioptrv/development/shape-the-world-with-arduino/lab-6/obj/arduino/HardwareSerial.o (symbol from plugin)
HardwareSerial::peek()                            /Users/petioptrv/development/shape-the-world-with-arduino/lab-6/obj/arduino/HardwareSerial.o (symbol from plugin)
HardwareSerial::read()                            /Users/petioptrv/development/shape-the-world-with-arduino/lab-6/obj/arduino/HardwareSerial.o (symbol from plugin)
HardwareSerial::write(unsigned char)              /Users/petioptrv/development/shape-the-world-with-arduino/lab-6/obj/arduino/HardwareSerial.o (symbol from plugin)
                                                  /Users/petioptrv/development/shape-the-world-with-arduino/lab-6/obj/arduino/libraries/SD/src/utility/SdFile.o (symbol from plugin)
                                                  /Users/petioptrv/development/shape-the-world-with-arduino/lab-6/obj/arduino/libraries/SD/src/SD.o (symbol from plugin)
                                                  /Users/petioptrv/development/shape-the-world-with-arduino/lab-6/obj/arduino/libraries/SD/src/File.o (symbol from plugin)
IPAddress.cpp.d63bb9cc                            /var/folders/pw/_t21wqld2mz2z8g3y6gcqbzc0000gn/T//cctYNjHz.debug.temp.o
                                                  /var/folders/pw/_t21wqld2mz2z8g3y6gcqbzc0000gn/T//chip_tester.atmega328p.elf.p3BzUg.ltrans0.ltrans.o
IPAddress::IPAddress()                            /Users/petioptrv/development/shape-the-world-with-arduino/lab-6/obj/arduino/IPAddress.o (symbol from plugin)
IPAddress::IPAddress()                            /Users/petioptrv/development/shape-the-world-with-arduino/lab-6/obj/arduino/IPAddress.o (symbol from plugin)
IPAddress::IPAddress(unsigned char const*)        /Users/petioptrv/development/shape-the-world-with-arduino/lab-6/obj/arduino/IPAddress.o (symbol from plugin)
IPAddress::IPAddress(unsigned char const*)        /Users/petioptrv/development/shape-the-world-with-arduino/lab-6/obj/arduino/IPAddress.o (symbol from plugin)
IPAddress::IPAddress(unsigned char, unsigned char, unsigned char, unsigned char) /Users/petioptrv/development/shape-the-world-with-arduino/lab-6/obj/arduino/IPAddress.o (symbol from plugin)
IPAddress::IPAddress(unsigned char, unsigned char, unsigned char, unsigned char) /Users/petioptrv/development/shape-the-world-with-arduino/lab-6/obj/arduino/IPAddress.o (symbol from plugin)
IPAddress::IPAddress(unsigned long)               /Users/petioptrv/development/shape-the-world-with-arduino/lab-6/obj/arduino/IPAddress.o (symbol from plugin)
IPAddress::IPAddress(unsigned long)               /Users/petioptrv/development/shape-the-world-with-arduino/lab-6/obj/arduino/IPAddress.o (symbol from plugin)
IPAddress::fromString(char const*)                /Users/petioptrv/development/shape-the-world-with-arduino/lab-6/obj/arduino/IPAddress.o (symbol from plugin)
IPAddress::operator=(unsigned char const*)        /Users/petioptrv/development/shape-the-world-with-arduino/lab-6/obj/arduino/IPAddress.o (symbol from plugin)
IPAddress::operator=(unsigned long)               /Users/petioptrv/development/shape-the-world-with-arduino/lab-6/obj/arduino/IPAddress.o (symbol from plugin)
IPAddress::operator==(unsigned char const*) const /Users/petioptrv/development/shape-the-world-with-arduino/lab-6/obj/arduino/IPAddress.o (symbol from plugin)
IPAddress::printTo(Print&) const                  /Users/petioptrv/development/shape-the-world-with-arduino/lab-6/obj/arduino/IPAddress.o (symbol from plugin)
PluggableUSB.cpp.fa528fa5                         /var/folders/pw/_t21wqld2mz2z8g3y6gcqbzc0000gn/T//ccs1eI5R.debug.temp.o
                                                  /var/folders/pw/_t21wqld2mz2z8g3y6gcqbzc0000gn/T//chip_tester.atmega328p.elf.p3BzUg.ltrans0.ltrans.o
Print.cpp.1ce21404                                /var/folders/pw/_t21wqld2mz2z8g3y6gcqbzc0000gn/T//ccsRY0xm.debug.temp.o
                                                  /var/folders/pw/_t21wqld2mz2z8g3y6gcqbzc0000gn/T//chip_tester.atmega328p.elf.p3BzUg.ltrans0.ltrans.o
Print::Print()                                    /Users/petioptrv/development/shape-the-world-with-arduino/lab-6/obj/arduino/HardwareSerial0.o (symbol from plugin)
                                                  /Users/petioptrv/development/shape-the-world-with-arduino/lab-6/obj/arduino/libraries/SD/src/utility/SdFile.o (symbol from plugin)
                                                  /Users/petioptrv/development/shape-the-world-with-arduino/lab-6/obj/arduino/libraries/SD/src/SD.o (symbol from plugin)
                                                  /Users/petioptrv/development/shape-the-world-with-arduino/lab-6/obj/arduino/libraries/SD/src/File.o (symbol from plugin)
                                                  /Users/petioptrv/development/shape-the-world-with-arduino/lab-6/obj/arduino/libraries/Wire/src/Wire.o (symbol from plugin)
Print::Print()                                    /Users/petioptrv/development/shape-the-world-with-arduino/lab-6/obj/arduino/HardwareSerial0.o (symbol from plugin)
                                                  /Users/petioptrv/development/shape-the-world-with-arduino/lab-6/obj/arduino/libraries/SD/src/utility/SdFile.o (symbol from plugin)
                                                  /Users/petioptrv/development/shape-the-world-with-arduino/lab-6/obj/arduino/libraries/SD/src/SD.o (symbol from plugin)
                                                  /Users/petioptrv/development/shape-the-world-with-arduino/lab-6/obj/arduino/libraries/SD/src/File.o (symbol from plugin)
                                                  /Users/petioptrv/development/shape-the-world-with-arduino/lab-6/obj/arduino/libraries/Wire/src/Wire.o (symbol from plugin)
Print::Print(Print const&)                        /Users/petioptrv/development/shape-the-world-with-arduino/lab-6/obj/arduino/libraries/SD/src/SD.o (symbol from plugin)
Print::Print(Print const&)                        /Users/petioptrv/development/shape-the-world-with-arduino/lab-6/obj/arduino/libraries/SD/src/SD.o (symbol from plugin)
Print::availableForWrite()                        /Users/petioptrv/development/shape-the-world-with-arduino/lab-6/obj/arduino/HardwareSerial0.o (symbol from plugin)
                                                  /Users/petioptrv/development/shape-the-world-with-arduino/lab-6/obj/arduino/libraries/SD/src/utility/SdFile.o (symbol from plugin)
                                                  /Users/petioptrv/development/shape-the-world-with-arduino/lab-6/obj/arduino/libraries/SD/src/File.o (symbol from plugin)
                                                  /Users/petioptrv/development/shape-the-world-with-arduino/lab-6/obj/arduino/libraries/Wire/src/Wire.o (symbol from plugin)
                                                  /Users/petioptrv/development/shape-the-world-with-arduino/lab-6/obj/arduino/Print.o (symbol from plugin)
Print::clearWriteError()                          /Users/petioptrv/development/shape-the-world-with-arduino/lab-6/obj/arduino/libraries/SD/src/File.o (symbol from plugin)
Print::flush()                                    /Users/petioptrv/development/shape-the-world-with-arduino/lab-6/obj/arduino/HardwareSerial0.o (symbol from plugin)
                                                  /Users/petioptrv/development/shape-the-world-with-arduino/lab-6/obj/arduino/libraries/SD/src/utility/SdFile.o (symbol from plugin)
                                                  /Users/petioptrv/development/shape-the-world-with-arduino/lab-6/obj/arduino/libraries/SD/src/File.o (symbol from plugin)
                                                  /Users/petioptrv/development/shape-the-world-with-arduino/lab-6/obj/arduino/libraries/Wire/src/Wire.o (symbol from plugin)
                                                  /Users/petioptrv/development/shape-the-world-with-arduino/lab-6/obj/arduino/Print.o (symbol from plugin)
Print::getWriteError()                            /Users/petioptrv/development/shape-the-world-with-arduino/lab-6/obj/arduino/libraries/SD/src/File.o (symbol from plugin)
Print::print(Printable const&)                    /Users/petioptrv/development/shape-the-world-with-arduino/lab-6/obj/arduino/Print.o (symbol from plugin)
Print::print(String const&)                       /Users/petioptrv/development/shape-the-world-with-arduino/lab-6/obj/arduino/Print.o (symbol from plugin)
Print::print(__FlashStringHelper const*)          /Users/petioptrv/development/shape-the-world-with-arduino/lab-6/obj/arduino/Print.o (symbol from plugin)
Print::print(char const*)                         /Users/petioptrv/development/shape-the-world-with-arduino/lab-6/obj/arduino/Print.o (symbol from plugin)
                                                  /Users/petioptrv/development/shape-the-world-with-arduino/lab-6/obj/arduino/libraries/SD/src/utility/SdFile.o (symbol from plugin)
Print::print(char)                                /Users/petioptrv/development/shape-the-world-with-arduino/lab-6/obj/arduino/Print.o (symbol from plugin)
                                                  /Users/petioptrv/development/shape-the-world-with-arduino/lab-6/obj/arduino/libraries/SD/src/utility/SdFile.o (symbol from plugin)
                                                  /Users/petioptrv/development/shape-the-world-with-arduino/lab-6/obj/arduino/IPAddress.o (symbol from plugin)
Print::print(double, int)                         /Users/petioptrv/development/shape-the-world-with-arduino/lab-6/obj/arduino/Print.o (symbol from plugin)
Print::print(int, int)                            /Users/petioptrv/development/shape-the-world-with-arduino/lab-6/obj/arduino/Print.o (symbol from plugin)
Print::print(long, int)                           /Users/petioptrv/development/shape-the-world-with-arduino/lab-6/obj/arduino/Print.o (symbol from plugin)
Print::print(unsigned char, int)                  /Users/petioptrv/development/shape-the-world-with-arduino/lab-6/obj/arduino/Print.o (symbol from plugin)
                                                  /Users/petioptrv/development/shape-the-world-with-arduino/lab-6/obj/arduino/IPAddress.o (symbol from plugin)
Print::print(unsigned int, int)                   /Users/petioptrv/development/shape-the-world-with-arduino/lab-6/obj/arduino/Print.o (symbol from plugin)
                                                  /Users/petioptrv/development/shape-the-world-with-arduino/lab-6/obj/arduino/libraries/SD/src/utility/SdFile.o (symbol from plugin)
Print::print(unsigned long, int)                  /Users/petioptrv/development/shape-the-world-with-arduino/lab-6/obj/arduino/Print.o (symbol from plugin)
                                                  /Users/petioptrv/development/shape-the-world-with-arduino/lab-6/obj/arduino/libraries/SD/src/utility/SdFile.o (symbol from plugin)
Print::printFloat(double, unsigned char)          /Users/petioptrv/development/shape-the-world-with-arduino/lab-6/obj/arduino/Print.o (symbol from plugin)
Print::printNumber(unsigned long, unsigned char)  /Users/petioptrv/development/shape-the-world-with-arduino/lab-6/obj/arduino/Print.o (symbol from plugin)
Print::println()                                  /Users/petioptrv/development/shape-the-world-with-arduino/lab-6/obj/arduino/Print.o (symbol from plugin)
                                                  /Users/petioptrv/development/shape-the-world-with-arduino/lab-6/obj/arduino/libraries/SD/src/utility/SdFile.o (symbol from plugin)
                                                  /Users/petioptrv/development/shape-the-world-with-arduino/lab-6/obj/arduino/libraries/SD/src/SD.o (symbol from plugin)
                                                  /Users/petioptrv/development/shape-the-world-with-arduino/lab-6/obj/arduino/libraries/SD/src/File.o (symbol from plugin)
Print::println(Printable const&)                  /Users/petioptrv/development/shape-the-world-with-arduino/lab-6/obj/arduino/Print.o (symbol from plugin)
Print::println(String const&)                     /Users/petioptrv/development/shape-the-world-with-arduino/lab-6/obj/arduino/Print.o (symbol from plugin)
Print::println(__FlashStringHelper const*)        /Users/petioptrv/development/shape-the-world-with-arduino/lab-6/obj/arduino/Print.o (symbol from plugin)
Print::println(char const*)                       /Users/petioptrv/development/shape-the-world-with-arduino/lab-6/obj/arduino/Print.o (symbol from plugin)
Print::println(char)                              /Users/petioptrv/development/shape-the-world-with-arduino/lab-6/obj/arduino/Print.o (symbol from plugin)
Print::println(double, int)                       /Users/petioptrv/development/shape-the-world-with-arduino/lab-6/obj/arduino/Print.o (symbol from plugin)
Print::println(int, int)                          /Users/petioptrv/development/shape-the-world-with-arduino/lab-6/obj/arduino/Print.o (symbol from plugin)
Print::println(long, int)                         /Users/petioptrv/development/shape-the-world-with-arduino/lab-6/obj/arduino/Print.o (symbol from plugin)
Print::println(unsigned char, int)                /Users/petioptrv/development/shape-the-world-with-arduino/lab-6/obj/arduino/Print.o (symbol from plugin)
Print::println(unsigned int, int)                 /Users/petioptrv/development/shape-the-world-with-arduino/lab-6/obj/arduino/Print.o (symbol from plugin)
Print::println(unsigned long, int)                /Users/petioptrv/development/shape-the-world-with-arduino/lab-6/obj/arduino/Print.o (symbol from plugin)
Print::setWriteError(int)                         /Users/petioptrv/development/shape-the-world-with-arduino/lab-6/obj/arduino/libraries/Wire/src/Wire.o (symbol from plugin)
                                                  /Users/petioptrv/development/shape-the-world-with-arduino/lab-6/obj/arduino/libraries/SD/src/utility/SdFile.o (symbol from plugin)
                                                  /Users/petioptrv/development/shape-the-world-with-arduino/lab-6/obj/arduino/libraries/SD/src/File.o (symbol from plugin)
Print::write(char const*)                         /Users/petioptrv/development/shape-the-world-with-arduino/lab-6/obj/arduino/Print.o (symbol from plugin)
Print::write(char const*, unsigned int)           /Users/petioptrv/development/shape-the-world-with-arduino/lab-6/obj/arduino/Print.o (symbol from plugin)
Print::write(unsigned char const*, unsigned int)  /Users/petioptrv/development/shape-the-world-with-arduino/lab-6/obj/arduino/Print.o (symbol from plugin)
                                                  /Users/petioptrv/development/shape-the-world-with-arduino/lab-6/obj/arduino/libraries/SD/src/utility/SdFile.o (symbol from plugin)
                                                  /Users/petioptrv/development/shape-the-world-with-arduino/lab-6/obj/arduino/libraries/SD/src/File.o (symbol from plugin)
                                                  /Users/petioptrv/development/shape-the-world-with-arduino/lab-6/obj/arduino/libraries/Wire/src/Wire.o (symbol from plugin)
                                                  /Users/petioptrv/development/shape-the-world-with-arduino/lab-6/obj/arduino/HardwareSerial0.o (symbol from plugin)
                                                  /Users/petioptrv/development/shape-the-world-with-arduino/lab-6/obj/arduino/HardwareSerial.o (symbol from plugin)
Printable::Printable()                            /Users/petioptrv/development/shape-the-world-with-arduino/lab-6/obj/arduino/IPAddress.o (symbol from plugin)
Printable::Printable()                            /Users/petioptrv/development/shape-the-world-with-arduino/lab-6/obj/arduino/IPAddress.o (symbol from plugin)
SD.cpp.1e235de9                                   /var/folders/pw/_t21wqld2mz2z8g3y6gcqbzc0000gn/T//ccan2v80.debug.temp.o
                                                  /var/folders/pw/_t21wqld2mz2z8g3y6gcqbzc0000gn/T//chip_tester.atmega328p.elf.p3BzUg.ltrans0.ltrans.o
SDLib::File::File()                               /Users/petioptrv/development/shape-the-world-with-arduino/lab-6/obj/arduino/libraries/SD/src/File.o (symbol from plugin)
                                                  /Users/petioptrv/development/shape-the-world-with-arduino/lab-6/obj/arduino/libraries/SD/src/SD.o (symbol from plugin)