Archive member included to satisfy reference by file (symbol)

/usr/local/Cellar/avr-gcc/9.3.0/lib/avr-gcc/9/gcc/avr/9.3.0/avr5/libgcc.a(_exit.o)
                              /usr/local/Cellar/avr-gcc/9.3.0/lib/avr-gcc/9/gcc/avr/9.3.0/../../../../../../avr/lib/avr5/crtatmega328p.o (exit)
/usr/local/Cellar/avr-gcc/9.3.0/lib/avr-gcc/9/gcc/avr/9.3.0/../../../../../../avr/lib/avr5/libc.a(dtostrf.o)
                              /Users/petioptrv/development/shape-the-world-with-arduino/lab-4/obj/arduino/WString.o (symbol from plugin) (dtostrf)
/usr/local/Cellar/avr-gcc/9.3.0/lib/avr-gcc/9/gcc/avr/9.3.0/../../../../../../avr/lib/avr5/libc.a(random.o)
                              /Users/petioptrv/development/shape-the-world-with-arduino/lab-4/obj/arduino/WMath.o (symbol from plugin) (random)
/usr/local/Cellar/avr-gcc/9.3.0/lib/avr-gcc/9/gcc/avr/9.3.0/../../../../../../avr/lib/avr5/libc.a(atof.o)
                              /Users/petioptrv/development/shape-the-world-with-arduino/lab-4/obj/arduino/WString.o (symbol from plugin) (atof)
/usr/local/Cellar/avr-gcc/9.3.0/lib/avr-gcc/9/gcc/avr/9.3.0/../../../../../../avr/lib/avr5/libc.a(atol.o)
                              /Users/petioptrv/development/shape-the-world-with-arduino/lab-4/obj/arduino/WString.o (symbol from plugin) (atol)
/usr/local/Cellar/avr-gcc/9.3.0/lib/avr-gcc/9/gcc/avr/9.3.0/../../../../../../avr/lib/avr5/libc.a(strcpy_P.o)
                              /Users/petioptrv/development/shape-the-world-with-arduino/lab-4/obj/arduino/WString.o (symbol from plugin) (strcpy_P)
/usr/local/Cellar/avr-gcc/9.3.0/lib/avr-gcc/9/gcc/avr/9.3.0/../../../../../../avr/lib/avr5/libc.a(strlen_P.o)
                              /Users/petioptrv/development/shape-the-world-with-arduino/lab-4/obj/arduino/WString.o (symbol from plugin) (__strlen_P)
/usr/local/Cellar/avr-gcc/9.3.0/lib/avr-gcc/9/gcc/avr/9.3.0/../../../../../../avr/lib/avr5/libc.a(itoa.o)
                              /Users/petioptrv/development/shape-the-world-with-arduino/lab-4/obj/arduino/WString.o (symbol from plugin) (__itoa)
/usr/local/Cellar/avr-gcc/9.3.0/lib/avr-gcc/9/gcc/avr/9.3.0/../../../../../../avr/lib/avr5/libc.a(itoa_ncheck.o)
                              /usr/local/Cellar/avr-gcc/9.3.0/lib/avr-gcc/9/gcc/avr/9.3.0/../../../../../../avr/lib/avr5/libc.a(itoa.o) (__itoa_ncheck)
/usr/local/Cellar/avr-gcc/9.3.0/lib/avr-gcc/9/gcc/avr/9.3.0/../../../../../../avr/lib/avr5/libc.a(ltoa.o)
                              /Users/petioptrv/development/shape-the-world-with-arduino/lab-4/obj/arduino/WString.o (symbol from plugin) (__ltoa)
/usr/local/Cellar/avr-gcc/9.3.0/lib/avr-gcc/9/gcc/avr/9.3.0/../../../../../../avr/lib/avr5/libc.a(ltoa_ncheck.o)
                              /usr/local/Cellar/avr-gcc/9.3.0/lib/avr-gcc/9/gcc/avr/9.3.0/../../../../../../avr/lib/avr5/libc.a(ltoa.o) (__ltoa_ncheck)
/usr/local/Cellar/avr-gcc/9.3.0/lib/avr-gcc/9/gcc/avr/9.3.0/../../../../../../avr/lib/avr5/libc.a(mulsi10.o)
                              /usr/local/Cellar/avr-gcc/9.3.0/lib/avr-gcc/9/gcc/avr/9.3.0/../../../../../../avr/lib/avr5/libc.a(atol.o) (__mulsi_const_10)
/usr/local/Cellar/avr-gcc/9.3.0/lib/avr-gcc/9/gcc/avr/9.3.0/../../../../../../avr/lib/avr5/libc.a(ultoa.o)
                              /Users/petioptrv/development/shape-the-world-with-arduino/lab-4/obj/arduino/WString.o (symbol from plugin) (__ultoa)
/usr/local/Cellar/avr-gcc/9.3.0/lib/avr-gcc/9/gcc/avr/9.3.0/../../../../../../avr/lib/avr5/libc.a(ultoa_ncheck.o)
                              /usr/local/Cellar/avr-gcc/9.3.0/lib/avr-gcc/9/gcc/avr/9.3.0/../../../../../../avr/lib/avr5/libc.a(ultoa.o) (__ultoa_ncheck)
/usr/local/Cellar/avr-gcc/9.3.0/lib/avr-gcc/9/gcc/avr/9.3.0/../../../../../../avr/lib/avr5/libc.a(utoa.o)
                              /Users/petioptrv/development/shape-the-world-with-arduino/lab-4/obj/arduino/WString.o (symbol from plugin) (__utoa)
/usr/local/Cellar/avr-gcc/9.3.0/lib/avr-gcc/9/gcc/avr/9.3.0/../../../../../../avr/lib/avr5/libc.a(utoa_ncheck.o)
                              /usr/local/Cellar/avr-gcc/9.3.0/lib/avr-gcc/9/gcc/avr/9.3.0/../../../../../../avr/lib/avr5/libc.a(utoa.o) (__utoa_ncheck)
/usr/local/Cellar/avr-gcc/9.3.0/lib/avr-gcc/9/gcc/avr/9.3.0/../../../../../../avr/lib/avr5/libc.a(dtoa_prf.o)
                              /usr/local/Cellar/avr-gcc/9.3.0/lib/avr-gcc/9/gcc/avr/9.3.0/../../../../../../avr/lib/avr5/libc.a(dtostrf.o) (dtoa_prf)
/usr/local/Cellar/avr-gcc/9.3.0/lib/avr-gcc/9/gcc/avr/9.3.0/../../../../../../avr/lib/avr5/libc.a(strtod.o)
                              /usr/local/Cellar/avr-gcc/9.3.0/lib/avr-gcc/9/gcc/avr/9.3.0/../../../../../../avr/lib/avr5/libc.a(atof.o) (strtod)
/usr/local/Cellar/avr-gcc/9.3.0/lib/avr-gcc/9/gcc/avr/9.3.0/../../../../../../avr/lib/avr5/libc.a(ftoa_engine.o)
                              /usr/local/Cellar/avr-gcc/9.3.0/lib/avr-gcc/9/gcc/avr/9.3.0/../../../../../../avr/lib/avr5/libc.a(dtoa_prf.o) (__ftoa_engine)
[...]
Memory Configuration

Name             Origin             Length             Attributes
text             0x0000000000000000 0x0000000000020000 xr
data             0x0000000000800060 0x000000000000ffa0 rw !x
eeprom           0x0000000000810000 0x0000000000010000 rw !x
fuse             0x0000000000820000 0x0000000000000400 rw !x
lock             0x0000000000830000 0x0000000000000400 rw !x
signature        0x0000000000840000 0x0000000000000400 rw !x
user_signatures  0x0000000000850000 0x0000000000000400 rw !x
*default*        0x0000000000000000 0xffffffffffffffff

Linker script and memory map

Address of section .data set to 0x800100
LOAD /usr/local/Cellar/avr-gcc/9.3.0/lib/avr-gcc/9/gcc/avr/9.3.0/../../../../../../avr/lib/avr5/crtatmega328p.o
LOAD /Users/petioptrv/development/shape-the-world-with-arduino/lab-4/obj/arduino/CDC.o
LOAD /var/folders/pw/_t21wqld2mz2z8g3y6gcqbzc0000gn/T//chip_tester.atmega328p.elf.jUVCtd.ltrans0.ltrans.o
LOAD /var/folders/pw/_t21wqld2mz2z8g3y6gcqbzc0000gn/T//cc8S6nMP.debug.temp.o
LOAD /var/folders/pw/_t21wqld2mz2z8g3y6gcqbzc0000gn/T//cclrXtgi.debug.temp.o
LOAD /var/folders/pw/_t21wqld2mz2z8g3y6gcqbzc0000gn/T//cc6WqZXk.debug.temp.o
LOAD /var/folders/pw/_t21wqld2mz2z8g3y6gcqbzc0000gn/T//cctX9FxZ.debug.temp.o
LOAD /var/folders/pw/_t21wqld2mz2z8g3y6gcqbzc0000gn/T//cc315kZ6.debug.temp.o
LOAD /var/folders/pw/_t21wqld2mz2z8g3y6gcqbzc0000gn/T//ccoIvdWj.debug.temp.o
LOAD /var/folders/pw/_t21wqld2mz2z8g3y6gcqbzc0000gn/T//ccq04Y0A.debug.temp.o
LOAD /var/folders/pw/_t21wqld2mz2z8g3y6gcqbzc0000gn/T//ccmKmwkC.debug.temp.o
LOAD /var/folders/pw/_t21wqld2mz2z8g3y6gcqbzc0000gn/T//cczf1Ava.debug.temp.o
LOAD /var/folders/pw/_t21wqld2mz2z8g3y6gcqbzc0000gn/T//ccFwEabJ.debug.temp.o
LOAD /var/folders/pw/_t21wqld2mz2z8g3y6gcqbzc0000gn/T//cc0TGZzu.debug.temp.o
LOAD /var/folders/pw/_t21wqld2mz2z8g3y6gcqbzc0000gn/T//ccrtNYZy.debug.temp.o
LOAD /var/folders/pw/_t21wqld2mz2z8g3y6gcqbzc0000gn/T//ccO2DydT.debug.temp.o
LOAD /var/folders/pw/_t21wqld2mz2z8g3y6gcqbzc0000gn/T//cc9UyV73.debug.temp.o
LOAD /var/folders/pw/_t21wqld2mz2z8g3y6gcqbzc0000gn/T//ccSjJEtY.debug.temp.o
LOAD /var/folders/pw/_t21wqld2mz2z8g3y6gcqbzc0000gn/T//ccfN59Ir.debug.temp.o
LOAD /var/folders/pw/_t21wqld2mz2z8g3y6gcqbzc0000gn/T//ccYaelbZ.debug.temp.o
LOAD /var/folders/pw/_t21wqld2mz2z8g3y6gcqbzc0000gn/T//ccSNicy0.debug.temp.o
LOAD /var/folders/pw/_t21wqld2mz2z8g3y6gcqbzc0000gn/T//ccELZxKd.debug.temp.o
LOAD /var/folders/pw/_t21wqld2mz2z8g3y6gcqbzc0000gn/T//ccL2Q9Pq.debug.temp.o
LOAD /var/folders/pw/_t21wqld2mz2z8g3y6gcqbzc0000gn/T//ccTXRd5x.debug.temp.o
LOAD /var/folders/pw/_t21wqld2mz2z8g3y6gcqbzc0000gn/T//cc5A3Mv2.debug.temp.o
LOAD /var/folders/pw/_t21wqld2mz2z8g3y6gcqbzc0000gn/T//ccknZ3Xt.debug.temp.o
LOAD /var/folders/pw/_t21wqld2mz2z8g3y6gcqbzc0000gn/T//ccV9d20R.debug.temp.o
LOAD /var/folders/pw/_t21wqld2mz2z8g3y6gcqbzc0000gn/T//cc7Qt9Bw.debug.temp.o
LOAD /var/folders/pw/_t21wqld2mz2z8g3y6gcqbzc0000gn/T//ccg0uOYw.debug.temp.o
LOAD /var/folders/pw/_t21wqld2mz2z8g3y6gcqbzc0000gn/T//ccf7kHH3.debug.temp.o
LOAD /var/folders/pw/_t21wqld2mz2z8g3y6gcqbzc0000gn/T//ccibMIId.debug.temp.o
LOAD /var/folders/pw/_t21wqld2mz2z8g3y6gcqbzc0000gn/T//cc6NYJ85.debug.temp.o
LOAD /var/folders/pw/_t21wqld2mz2z8g3y6gcqbzc0000gn/T//ccRq39xN.debug.temp.o
LOAD /var/folders/pw/_t21wqld2mz2z8g3y6gcqbzc0000gn/T//ccgsTiPI.debug.temp.o
LOAD /var/folders/pw/_t21wqld2mz2z8g3y6gcqbzc0000gn/T//ccvbih6M.debug.temp.o
LOAD /var/folders/pw/_t21wqld2mz2z8g3y6gcqbzc0000gn/T//ccQnvW8h.debug.temp.o
LOAD /Users/petioptrv/development/shape-the-world-with-arduino/lab-4/obj/arduino/HardwareSerial.o
LOAD /Users/petioptrv/development/shape-the-world-with-arduino/lab-4/obj/arduino/HardwareSerial0.o
LOAD /Users/petioptrv/development/shape-the-world-with-arduino/lab-4/obj/arduino/HardwareSerial1.o
LOAD /Users/petioptrv/development/shape-the-world-with-arduino/lab-4/obj/arduino/HardwareSerial2.o
LOAD /Users/petioptrv/development/shape-the-world-with-arduino/lab-4/obj/arduino/HardwareSerial3.o
LOAD /Users/petioptrv/development/shape-the-world-with-arduino/lab-4/obj/arduino/IPAddress.o
LOAD /Users/petioptrv/development/shape-the-world-with-arduino/lab-4/obj/arduino/PluggableUSB.o
LOAD /Users/petioptrv/development/shape-the-world-with-arduino/lab-4/obj/arduino/Print.o
LOAD /Users/petioptrv/development/shape-the-world-with-arduino/lab-4/obj/arduino/Stream.o
LOAD /Users/petioptrv/development/shape-the-world-with-arduino/lab-4/obj/arduino/Tone.o
LOAD /Users/petioptrv/development/shape-the-world-with-arduino/lab-4/obj/arduino/USBCore.o
LOAD /Users/petioptrv/development/shape-the-world-with-arduino/lab-4/obj/arduino/WMath.o
LOAD /Users/petioptrv/development/shape-the-world-with-arduino/lab-4/obj/arduino/WString.o
LOAD /Users/petioptrv/development/shape-the-world-with-arduino/lab-4/obj/arduino/abi.o
LOAD /Users/petioptrv/development/shape-the-world-with-arduino/lab-4/obj/arduino/main.o
LOAD /Users/petioptrv/development/shape-the-world-with-arduino/lab-4/obj/arduino/new.o
LOAD /Users/petioptrv/development/shape-the-world-with-arduino/lab-4/obj/arduino/libraries/Wire/src/Wire.o
LOAD /Users/petioptrv/development/shape-the-world-with-arduino/lab-4/obj/arduino/libraries/SPI/src/SPI.o
LOAD /Users/petioptrv/development/shape-the-world-with-arduino/lab-4/obj/arduino/libraries/SD/src/File.o
LOAD /Users/petioptrv/development/shape-the-world-with-arduino/lab-4/obj/arduino/libraries/SD/src/SD.o
LOAD /Users/petioptrv/development/shape-the-world-with-arduino/lab-4/obj/arduino/libraries/SD/src/utility/Sd2Card.o
LOAD /Users/petioptrv/development/shape-the-world-with-arduino/lab-4/obj/arduino/libraries/SD/src/utility/SdFile.o
LOAD /Users/petioptrv/development/shape-the-world-with-arduino/lab-4/obj/arduino/libraries/SD/src/utility/SdVolume.o
LOAD /Users/petioptrv/development/shape-the-world-with-arduino/lab-4/obj/src/main.o
LOAD /Users/petioptrv/development/shape-the-world-with-arduino/lab-4/obj/arduino/WInterrupts.o
LOAD /Users/petioptrv/development/shape-the-world-with-arduino/lab-4/obj/arduino/hooks.o
LOAD /Users/petioptrv/development/shape-the-world-with-arduino/lab-4/obj/arduino/wiring.o
LOAD /Users/petioptrv/development/shape-the-world-with-arduino/lab-4/obj/arduino/wiring_analog.o
LOAD /Users/petioptrv/development/shape-the-world-with-arduino/lab-4/obj/arduino/wiring_digital.o
LOAD /Users/petioptrv/development/shape-the-world-with-arduino/lab-4/obj/arduino/wiring_pulse.o
LOAD /Users/petioptrv/development/shape-the-world-with-arduino/lab-4/obj/arduino/wiring_shift.o
LOAD /Users/petioptrv/development/shape-the-world-with-arduino/lab-4/obj/arduino/libraries/Wire/src/utility/twi.o
LOAD /usr/local/Cellar/avr-gcc/9.3.0/lib/avr-gcc/9/gcc/avr/9.3.0/avr5/libgcc.a
LOAD /usr/local/Cellar/avr-gcc/9.3.0/lib/avr-gcc/9/gcc/avr/9.3.0/../../../../../../avr/lib/avr5/libm.a
START GROUP
LOAD /usr/local/Cellar/avr-gcc/9.3.0/lib/avr-gcc/9/gcc/avr/9.3.0/avr5/libgcc.a
LOAD /usr/local/Cellar/avr-gcc/9.3.0/lib/avr-gcc/9/gcc/avr/9.3.0/../../../../../../avr/lib/avr5/libm.a
LOAD /usr/local/Cellar/avr-gcc/9.3.0/lib/avr-gcc/9/gcc/avr/9.3.0/../../../../../../avr/lib/avr5/libc.a
LOAD /usr/local/Cellar/avr-gcc/9.3.0/lib/avr-gcc/9/gcc/avr/9.3.0/../../../../../../avr/lib/avr5/libatmega328p.a
END GROUP
                0x0000000000020000                __TEXT_REGION_LENGTH__ = DEFINED (__TEXT_REGION_LENGTH__)?__TEXT_REGION_LENGTH__:0x20000
                0x000000000000ffa0                __DATA_REGION_LENGTH__ = DEFINED (__DATA_REGION_LENGTH__)?__DATA_REGION_LENGTH__:0xffa0
                0x0000000000010000                __EEPROM_REGION_LENGTH__ = DEFINED (__EEPROM_REGION_LENGTH__)?__EEPROM_REGION_LENGTH__:0x10000
                0x0000000000000400                __FUSE_REGION_LENGTH__ = DEFINED (__FUSE_REGION_LENGTH__)?__FUSE_REGION_LENGTH__:0x400
                0x0000000000000400                __LOCK_REGION_LENGTH__ = DEFINED (__LOCK_REGION_LENGTH__)?__LOCK_REGION_LENGTH__:0x400
                0x0000000000000400                __SIGNATURE_REGION_LENGTH__ = DEFINED (__SIGNATURE_REGION_LENGTH__)?__SIGNATURE_REGION_LENGTH__:0x400
                0x0000000000000400                __USER_SIGNATURE_REGION_LENGTH__ = DEFINED (__USER_SIGNATURE_REGION_LENGTH__)?__USER_SIGNATURE_REGION_LENGTH__:0x400

.hash
 *(.hash)

.dynsym
 *(.dynsym)

.dynstr
 *(.dynstr)

.gnu.version
 *(.gnu.version)

.gnu.version_d
 *(.gnu.version_d)

.gnu.version_r
 *(.gnu.version_r)

.rel.init
 *(.rel.init)

.rela.init
 *(.rela.init)

.rel.text
 *(.rel.text)
 *(.rel.text.*)
 *(.rel.gnu.linkonce.t*)

.rela.text
 *(.rela.text)
 *(.rela.text.*)
 *(.rela.gnu.linkonce.t*)

.rel.fini
 *(.rel.fini)

.rela.fini
 *(.rela.fini)

.rel.rodata
 *(.rel.rodata)
 *(.rel.rodata.*)
 *(.rel.gnu.linkonce.r*)

.rela.rodata
 *(.rela.rodata)
 *(.rela.rodata.*)
 *(.rela.gnu.linkonce.r*)

.rel.data
 *(.rel.data)
 *(.rel.data.*)
 *(.rel.gnu.linkonce.d*)

.rela.data
 *(.rela.data)
 *(.rela.data.*)
 *(.rela.gnu.linkonce.d*)

.rel.ctors
 *(.rel.ctors)

.rela.ctors
 *(.rela.ctors)

.rel.dtors
 *(.rel.dtors)

.rela.dtors
 *(.rela.dtors)

.rel.got
 *(.rel.got)

.rela.got
 *(.rela.got)

.rel.bss
 *(.rel.bss)

.rela.bss
 *(.rela.bss)

.rel.plt
 *(.rel.plt)

.rela.plt
 *(.rela.plt)

.text           0x0000000000000000     0x15d0
 *(.vectors)
 .vectors       0x0000000000000000       0x68 /usr/local/Cellar/avr-gcc/9.3.0/lib/avr-gcc/9/gcc/avr/9.3.0/../../../../../../avr/lib/avr5/crtatmega328p.o
                0x0000000000000000                __vectors
                0x0000000000000000                __vector_default
 *(.vectors)
 *(.progmem.gcc*)
                0x0000000000000068                . = ALIGN (0x2)
                0x0000000000000068                __trampolines_start = .
 *(.trampolines)
 .trampolines   0x0000000000000068        0x0 linker stubs
 *(.trampolines*)
                0x0000000000000068                __trampolines_end = .
 *libprintf_flt.a:*(.progmem.data)
 *libc.a:*(.progmem.data)
 *(.progmem.*)
 .progmem.data._ZL21tone_pin_to_timer_PGM
                0x0000000000000068        0x1 /var/folders/pw/_t21wqld2mz2z8g3y6gcqbzc0000gn/T//chip_tester.atmega328p.elf.jUVCtd.ltrans0.ltrans.o
 .progmem.data.port_to_output_PGM
                0x0000000000000069        0xa /var/folders/pw/_t21wqld2mz2z8g3y6gcqbzc0000gn/T//chip_tester.atmega328p.elf.jUVCtd.ltrans0.ltrans.o
 .progmem.data.digital_pin_to_port_PGM
                0x0000000000000073       0x14 /var/folders/pw/_t21wqld2mz2z8g3y6gcqbzc0000gn/T//chip_tester.atmega328p.elf.jUVCtd.ltrans0.ltrans.o
 .progmem.data.digital_pin_to_bit_mask_PGM
                0x0000000000000087       0x14 /var/folders/pw/_t21wqld2mz2z8g3y6gcqbzc0000gn/T//chip_tester.atmega328p.elf.jUVCtd.ltrans0.ltrans.o
 .progmem.data.digital_pin_to_timer_PGM
                0x000000000000009b       0x14 /var/folders/pw/_t21wqld2mz2z8g3y6gcqbzc0000gn/T//chip_tester.atmega328p.elf.jUVCtd.ltrans0.ltrans.o
                0x00000000000000b0                . = ALIGN (0x2)
 *fill*         0x00000000000000af        0x1 
 *(.lowtext)
 *(.lowtext*)
                0x00000000000000b0                __ctors_start = .
 *(.ctors)
 .ctors         0x00000000000000b0        0x2 /var/folders/pw/_t21wqld2mz2z8g3y6gcqbzc0000gn/T//chip_tester.atmega328p.elf.jUVCtd.ltrans0.ltrans.o
                0x00000000000000b2                __ctors_end = .
                0x00000000000000b2                __dtors_start = .
 *(.dtors)
                0x00000000000000b2                __dtors_end = .
 SORT_BY_NAME(*)(.ctors)
 SORT_BY_NAME(*)(.dtors)
 *(.init0)
 .init0         0x00000000000000b2        0x0 /usr/local/Cellar/avr-gcc/9.3.0/lib/avr-gcc/9/gcc/avr/9.3.0/../../../../../../avr/lib/avr5/crtatmega328p.o
                0x00000000000000b2                __init
 *(.init0)
 *(.init1)
 *(.init1)
 *(.init2)
 .init2         0x00000000000000b2        0xc /usr/local/Cellar/avr-gcc/9.3.0/lib/avr-gcc/9/gcc/avr/9.3.0/../../../../../../avr/lib/avr5/crtatmega328p.o
 *(.init2)
 *(.init3)
 *(.init3)
 *(.init4)
 .init4         0x00000000000000be       0x16 /usr/local/Cellar/avr-gcc/9.3.0/lib/avr-gcc/9/gcc/avr/9.3.0/avr5/libgcc.a(_copy_data.o)
                0x00000000000000be                __do_copy_data
 .init4         0x00000000000000d4       0x10 /usr/local/Cellar/avr-gcc/9.3.0/lib/avr-gcc/9/gcc/avr/9.3.0/avr5/libgcc.a(_clear_bss.o)
                0x00000000000000d4                __do_clear_bss
 *(.init4)
 *(.init5)
 *(.init5)
 *(.init6)
 .init6         0x00000000000000e4       0x16 /usr/local/Cellar/avr-gcc/9.3.0/lib/avr-gcc/9/gcc/avr/9.3.0/avr5/libgcc.a(_ctors.o)
                0x00000000000000e4                __do_global_ctors
 *(.init6)
 *(.init7)
 *(.init7)
 *(.init8)
 *(.init8)
 *(.init9)
 .init9         0x00000000000000fa        0x8 /usr/local/Cellar/avr-gcc/9.3.0/lib/avr-gcc/9/gcc/avr/9.3.0/../../../../../../avr/lib/avr5/crtatmega328p.o
 *(.init9)
 *(.text)
 .text          0x0000000000000102        0x4 /usr/local/Cellar/avr-gcc/9.3.0/lib/avr-gcc/9/gcc/avr/9.3.0/../../../../../../avr/lib/avr5/crtatmega328p.o
                0x0000000000000102                __vector_20
                0x0000000000000102                __vector_12
                0x0000000000000102                __bad_interrupt
                0x0000000000000102                __vector_6
                0x0000000000000102                __vector_3
                0x0000000000000102                __vector_23
                0x0000000000000102                __vector_25
                0x0000000000000102                __vector_11
                0x0000000000000102                __vector_13
                0x0000000000000102                __vector_17
                0x0000000000000102                __vector_5
                0x0000000000000102                __vector_4
                0x0000000000000102                __vector_9
                0x0000000000000102                __vector_21
                0x0000000000000102                __vector_15
                0x0000000000000102                __vector_8
                0x0000000000000102                __vector_14
                0x0000000000000102                __vector_10
                0x0000000000000102                __vector_22
                0x0000000000000106                . = ALIGN (0x2)
 *(.text.*)
 .text.twi_stop
                0x0000000000000106       0x14 /var/folders/pw/_t21wqld2mz2z8g3y6gcqbzc0000gn/T//chip_tester.atmega328p.elf.jUVCtd.ltrans0.ltrans.o
 .text.digitalWrite
                0x000000000000011a       0x98 /var/folders/pw/_t21wqld2mz2z8g3y6gcqbzc0000gn/T//chip_tester.atmega328p.elf.jUVCtd.ltrans0.ltrans.o
 .text.nothing  0x00000000000001b2        0x2 /var/folders/pw/_t21wqld2mz2z8g3y6gcqbzc0000gn/T//chip_tester.atmega328p.elf.jUVCtd.ltrans0.ltrans.o
 .text._Z7led_offv
                0x00000000000001b4        0x8 /var/folders/pw/_t21wqld2mz2z8g3y6gcqbzc0000gn/T//chip_tester.atmega328p.elf.jUVCtd.ltrans0.ltrans.o
 .text._ZN7Sd2Card14chipSelectHighEv
                0x00000000000001bc       0x16 /var/folders/pw/_t21wqld2mz2z8g3y6gcqbzc0000gn/T//chip_tester.atmega328p.elf.jUVCtd.ltrans0.ltrans.o
 .text._ZN8SPIClass8transferEh
                0x00000000000001d2        0xe /var/folders/pw/_t21wqld2mz2z8g3y6gcqbzc0000gn/T//chip_tester.atmega328p.elf.jUVCtd.ltrans0.ltrans.o
 .text._ZL6spiRecv
                0x00000000000001e0        0x6 /var/folders/pw/_t21wqld2mz2z8g3y6gcqbzc0000gn/T//chip_tester.atmega328p.elf.jUVCtd.ltrans0.ltrans.o
 .text._ZN7Sd2Card11waitNotBusyEj.constprop.0
                0x00000000000001e6       0x58 /var/folders/pw/_t21wqld2mz2z8g3y6gcqbzc0000gn/T//chip_tester.atmega328p.elf.jUVCtd.ltrans0.ltrans.o
 .text._ZN7Sd2Card7readEndEv
                0x000000000000023e       0x34 /var/folders/pw/_t21wqld2mz2z8g3y6gcqbzc0000gn/T//chip_tester.atmega328p.elf.jUVCtd.ltrans0.ltrans.o
 .text._ZN7Sd2Card11cardCommandEhm
                0x0000000000000272       0xa2 /var/folders/pw/_t21wqld2mz2z8g3y6gcqbzc0000gn/T//chip_tester.atmega328p.elf.jUVCtd.ltrans0.ltrans.o
 .text._ZN7Sd2Card10writeBlockEmPKh
                0x0000000000000314       0xdc /var/folders/pw/_t21wqld2mz2z8g3y6gcqbzc0000gn/T//chip_tester.atmega328p.elf.jUVCtd.ltrans0.ltrans.o
 .text._ZN8SdVolume10cacheFlushEv
                0x00000000000003f0       0x6e /var/folders/pw/_t21wqld2mz2z8g3y6gcqbzc0000gn/T//chip_tester.atmega328p.elf.jUVCtd.ltrans0.ltrans.o
 .text._ZN8SdVolume13cacheRawBlockEmh
                0x000000000000045e      0x192 /var/folders/pw/_t21wqld2mz2z8g3y6gcqbzc0000gn/T//chip_tester.atmega328p.elf.jUVCtd.ltrans0.ltrans.o
 .text._ZN8SdVolume6fatPutEmm
                0x00000000000005f0      0x134 /var/folders/pw/_t21wqld2mz2z8g3y6gcqbzc0000gn/T//chip_tester.atmega328p.elf.jUVCtd.ltrans0.ltrans.o
 .text._ZNK8SdVolume6fatGetEmPm
                0x0000000000000724      0x12e /var/folders/pw/_t21wqld2mz2z8g3y6gcqbzc0000gn/T//chip_tester.atmega328p.elf.jUVCtd.ltrans0.ltrans.o
 .text._ZN6SdFile10addClusterEv
                0x0000000000000852      0x1b8 /var/folders/pw/_t21wqld2mz2z8g3y6gcqbzc0000gn/T//chip_tester.atmega328p.elf.jUVCtd.ltrans0.ltrans.o
 .text._ZN6SdFile5writeEh
                0x0000000000000a0a      0x3f0 /var/folders/pw/_t21wqld2mz2z8g3y6gcqbzc0000gn/T//chip_tester.atmega328p.elf.jUVCtd.ltrans0.ltrans.o
 .text._ZN5Print5writeEPKhj
                0x0000000000000dfa       0x52 /var/folders/pw/_t21wqld2mz2z8g3y6gcqbzc0000gn/T//chip_tester.atmega328p.elf.jUVCtd.ltrans0.ltrans.o
 .text._ZN5Print5flushEv
                0x0000000000000e4c        0x2 /var/folders/pw/_t21wqld2mz2z8g3y6gcqbzc0000gn/T//chip_tester.atmega328p.elf.jUVCtd.ltrans0.ltrans.o
 .text._ZN5Print17availableForWriteEv
                0x0000000000000e4e        0x6 /var/folders/pw/_t21wqld2mz2z8g3y6gcqbzc0000gn/T//chip_tester.atmega328p.elf.jUVCtd.ltrans0.ltrans.o
 .text._ZN14HardwareSerial17availableForWriteEv
                0x0000000000000e54       0x1e /var/folders/pw/_t21wqld2mz2z8g3y6gcqbzc0000gn/T//chip_tester.atmega328p.elf.jUVCtd.ltrans0.ltrans.o
 .text._ZN14HardwareSerial4readEv
                0x0000000000000e72       0x28 /var/folders/pw/_t21wqld2mz2z8g3y6gcqbzc0000gn/T//chip_tester.atmega328p.elf.jUVCtd.ltrans0.ltrans.o
 .text._ZN14HardwareSerial4peekEv
                0x0000000000000e9a       0x1c /var/folders/pw/_t21wqld2mz2z8g3y6gcqbzc0000gn/T//chip_tester.atmega328p.elf.jUVCtd.ltrans0.ltrans.o
 .text._ZN14HardwareSerial9availableEv
                0x0000000000000eb6       0x16 /var/folders/pw/_t21wqld2mz2z8g3y6gcqbzc0000gn/T//chip_tester.atmega328p.elf.jUVCtd.ltrans0.ltrans.o
 .text._ZN14HardwareSerial17_tx_udr_empty_irqEv
                0x0000000000000ecc       0x44 /var/folders/pw/_t21wqld2mz2z8g3y6gcqbzc0000gn/T//chip_tester.atmega328p.elf.jUVCtd.ltrans0.ltrans.o
 .text._ZN14HardwareSerial5writeEh
                0x0000000000000f10       0x9a /var/folders/pw/_t21wqld2mz2z8g3y6gcqbzc0000gn/T//chip_tester.atmega328p.elf.jUVCtd.ltrans0.ltrans.o
 .text._ZN14HardwareSerial5flushEv
                0x0000000000000faa       0x40 /var/folders/pw/_t21wqld2mz2z8g3y6gcqbzc0000gn/T//chip_tester.atmega328p.elf.jUVCtd.ltrans0.ltrans.o
 .text.startup._GLOBAL__I_65535_0_CDC.o.2944
                0x0000000000000fea       0x90 /var/folders/pw/_t21wqld2mz2z8g3y6gcqbzc0000gn/T//chip_tester.atmega328p.elf.jUVCtd.ltrans0.ltrans.o
 .text.__vector_24
                0x000000000000107a      0x232 /var/folders/pw/_t21wqld2mz2z8g3y6gcqbzc0000gn/T//chip_tester.atmega328p.elf.jUVCtd.ltrans0.ltrans.o
                0x000000000000107a                __vector_24
 .text.__vector_16
                0x00000000000012ac       0x90 /var/folders/pw/_t21wqld2mz2z8g3y6gcqbzc0000gn/T//chip_tester.atmega328p.elf.jUVCtd.ltrans0.ltrans.o
                0x00000000000012ac                __vector_16
 .text.__vector_2
                0x000000000000133c       0x4e /var/folders/pw/_t21wqld2mz2z8g3y6gcqbzc0000gn/T//chip_tester.atmega328p.elf.jUVCtd.ltrans0.ltrans.o
                0x000000000000133c                __vector_2
 .text.__vector_1
                0x000000000000138a       0x4e /var/folders/pw/_t21wqld2mz2z8g3y6gcqbzc0000gn/T//chip_tester.atmega328p.elf.jUVCtd.ltrans0.ltrans.o
                0x000000000000138a                __vector_1
 .text.startup.main
                0x00000000000013d8       0x42 /var/folders/pw/_t21wqld2mz2z8g3y6gcqbzc0000gn/T//chip_tester.atmega328p.elf.jUVCtd.ltrans0.ltrans.o
                0x00000000000013d8                main
 .text.__vector_7
                0x000000000000141a      0x100 /var/folders/pw/_t21wqld2mz2z8g3y6gcqbzc0000gn/T//chip_tester.atmega328p.elf.jUVCtd.ltrans0.ltrans.o
                0x000000000000141a                __vector_7
 .text.__vector_19
                0x000000000000151a       0x4c /var/folders/pw/_t21wqld2mz2z8g3y6gcqbzc0000gn/T//chip_tester.atmega328p.elf.jUVCtd.ltrans0.ltrans.o
                0x000000000000151a                __vector_19
 .text.__vector_18
                0x0000000000001566       0x5a /var/folders/pw/_t21wqld2mz2z8g3y6gcqbzc0000gn/T//chip_tester.atmega328p.elf.jUVCtd.ltrans0.ltrans.o
                0x0000000000001566                __vector_18
 .text.libgcc   0x00000000000015c0        0xc /usr/local/Cellar/avr-gcc/9.3.0/lib/avr-gcc/9/gcc/avr/9.3.0/avr5/libgcc.a(_tablejump2.o)
                0x00000000000015c0                __tablejump2__
                0x00000000000015cc                . = ALIGN (0x2)
 *(.fini9)
 .fini9         0x00000000000015cc        0x0 /usr/local/Cellar/avr-gcc/9.3.0/lib/avr-gcc/9/gcc/avr/9.3.0/avr5/libgcc.a(_exit.o)
                0x00000000000015cc                exit
                0x00000000000015cc                _exit
 *(.fini9)
 *(.fini8)
 *(.fini8)
 *(.fini7)
 *(.fini7)
 *(.fini6)
 *(.fini6)
 *(.fini5)
 *(.fini5)
 *(.fini4)
 *(.fini4)
 *(.fini3)
 *(.fini3)
 *(.fini2)
 *(.fini2)
 *(.fini1)
 *(.fini1)
 *(.fini0)
 .fini0         0x00000000000015cc        0x4 /usr/local/Cellar/avr-gcc/9.3.0/lib/avr-gcc/9/gcc/avr/9.3.0/avr5/libgcc.a(_exit.o)
 *(.fini0)
 *(.hightext)
 *(.hightext*)
 *(.progmemx.*)
                0x00000000000015d0                . = ALIGN (0x2)
 *(.jumptables)
 *(.jumptables*)
                0x00000000000015d0                _etext = .

.data           0x0000000000800100       0x28 load address 0x00000000000015d0
                0x0000000000800100                PROVIDE (__data_start = .)
 *(.data)
 *(.data*)
 .data._ZL9tone_pins
                0x0000000000800100        0x1 /var/folders/pw/_t21wqld2mz2z8g3y6gcqbzc0000gn/T//chip_tester.atmega328p.elf.jUVCtd.ltrans0.ltrans.o
 .data._ZN8SdVolume17cacheBlockNumber_E
                0x0000000000800101        0x4 /var/folders/pw/_t21wqld2mz2z8g3y6gcqbzc0000gn/T//chip_tester.atmega328p.elf.jUVCtd.ltrans0.ltrans.o
 .data.intFunc  0x0000000000800105        0x4 /var/folders/pw/_t21wqld2mz2z8g3y6gcqbzc0000gn/T//chip_tester.atmega328p.elf.jUVCtd.ltrans0.ltrans.o
 *(.gnu.linkonce.d*)
 *(.rodata)
 *(.rodata*)
 .rodata._ZTV6SdFile
                0x0000000000800109        0xc /var/folders/pw/_t21wqld2mz2z8g3y6gcqbzc0000gn/T//chip_tester.atmega328p.elf.jUVCtd.ltrans0.ltrans.o
 .rodata._ZTV14HardwareSerial
                0x0000000000800115       0x12 /var/folders/pw/_t21wqld2mz2z8g3y6gcqbzc0000gn/T//chip_tester.atmega328p.elf.jUVCtd.ltrans0.ltrans.o
 *(.gnu.linkonce.r*)
                0x0000000000800128                . = ALIGN (0x2)
 *fill*         0x0000000000800127        0x1 
                0x0000000000800128                _edata = .
                0x0000000000800128                PROVIDE (__data_end = .)

.bss            0x0000000000800128      0x366
                0x0000000000800128                PROVIDE (__bss_start = .)
 *(.bss)
 *(.bss*)
 .bss.timer2_pin_mask
                0x0000000000800128        0x1 /var/folders/pw/_t21wqld2mz2z8g3y6gcqbzc0000gn/T//chip_tester.atmega328p.elf.jUVCtd.ltrans0.ltrans.o
 .bss.timer2_toggle_count
                0x0000000000800129        0x4 /var/folders/pw/_t21wqld2mz2z8g3y6gcqbzc0000gn/T//chip_tester.atmega328p.elf.jUVCtd.ltrans0.ltrans.o
 .bss._ZL20chip_select_asserted
                0x000000000080012d        0x1 /var/folders/pw/_t21wqld2mz2z8g3y6gcqbzc0000gn/T//chip_tester.atmega328p.elf.jUVCtd.ltrans0.ltrans.o
 .bss._ZN8SdVolume11cacheDirty_E
                0x000000000080012e        0x1 /var/folders/pw/_t21wqld2mz2z8g3y6gcqbzc0000gn/T//chip_tester.atmega328p.elf.jUVCtd.ltrans0.ltrans.o
 .bss._ZN8SdVolume17cacheMirrorBlock_E
                0x000000000080012f        0x4 /var/folders/pw/_t21wqld2mz2z8g3y6gcqbzc0000gn/T//chip_tester.atmega328p.elf.jUVCtd.ltrans0.ltrans.o
 .bss._ZN8SdVolume12cacheBuffer_E
                0x0000000000800133      0x200 /var/folders/pw/_t21wqld2mz2z8g3y6gcqbzc0000gn/T//chip_tester.atmega328p.elf.jUVCtd.ltrans0.ltrans.o
 .bss.timer0_overflow_count
                0x0000000000800333        0x4 /var/folders/pw/_t21wqld2mz2z8g3y6gcqbzc0000gn/T//chip_tester.atmega328p.elf.jUVCtd.ltrans0.ltrans.o
 .bss.timer0_fract
                0x0000000000800337        0x1 /var/folders/pw/_t21wqld2mz2z8g3y6gcqbzc0000gn/T//chip_tester.atmega328p.elf.jUVCtd.ltrans0.ltrans.o
 .bss.twi_txBuffer
                0x0000000000800338       0x20 /var/folders/pw/_t21wqld2mz2z8g3y6gcqbzc0000gn/T//chip_tester.atmega328p.elf.jUVCtd.ltrans0.ltrans.o
 .bss.twi_txBufferLength
                0x0000000000800358        0x1 /var/folders/pw/_t21wqld2mz2z8g3y6gcqbzc0000gn/T//chip_tester.atmega328p.elf.jUVCtd.ltrans0.ltrans.o
 .bss.twi_txBufferIndex
                0x0000000000800359        0x1 /var/folders/pw/_t21wqld2mz2z8g3y6gcqbzc0000gn/T//chip_tester.atmega328p.elf.jUVCtd.ltrans0.ltrans.o
 .bss.twi_rxBuffer
                0x000000000080035a       0x20 /var/folders/pw/_t21wqld2mz2z8g3y6gcqbzc0000gn/T//chip_tester.atmega328p.elf.jUVCtd.ltrans0.ltrans.o
 .bss.twi_rxBufferIndex
                0x000000000080037a        0x1 /var/folders/pw/_t21wqld2mz2z8g3y6gcqbzc0000gn/T//chip_tester.atmega328p.elf.jUVCtd.ltrans0.ltrans.o
 .bss.twi_error
                0x000000000080037b        0x1 /var/folders/pw/_t21wqld2mz2z8g3y6gcqbzc0000gn/T//chip_tester.atmega328p.elf.jUVCtd.ltrans0.ltrans.o
 .bss.twi_state
                0x000000000080037c        0x1 /var/folders/pw/_t21wqld2mz2z8g3y6gcqbzc0000gn/T//chip_tester.atmega328p.elf.jUVCtd.ltrans0.ltrans.o
 .bss.twi_inRepStart
                0x000000000080037d        0x1 /var/folders/pw/_t21wqld2mz2z8g3y6gcqbzc0000gn/T//chip_tester.atmega328p.elf.jUVCtd.ltrans0.ltrans.o
 .bss.twi_sendStop
                0x000000000080037e        0x1 /var/folders/pw/_t21wqld2mz2z8g3y6gcqbzc0000gn/T//chip_tester.atmega328p.elf.jUVCtd.ltrans0.ltrans.o
 .bss.twi_masterBuffer
                0x000000000080037f       0x20 /var/folders/pw/_t21wqld2mz2z8g3y6gcqbzc0000gn/T//chip_tester.atmega328p.elf.jUVCtd.ltrans0.ltrans.o
 .bss.twi_masterBufferLength
                0x000000000080039f        0x1 /var/folders/pw/_t21wqld2mz2z8g3y6gcqbzc0000gn/T//chip_tester.atmega328p.elf.jUVCtd.ltrans0.ltrans.o
 .bss.twi_masterBufferIndex
                0x00000000008003a0        0x1 /var/folders/pw/_t21wqld2mz2z8g3y6gcqbzc0000gn/T//chip_tester.atmega328p.elf.jUVCtd.ltrans0.ltrans.o
 .bss.twi_slarw
                0x00000000008003a1        0x1 /var/folders/pw/_t21wqld2mz2z8g3y6gcqbzc0000gn/T//chip_tester.atmega328p.elf.jUVCtd.ltrans0.ltrans.o
 .bss.timer0_millis
                0x00000000008003a2        0x4 /var/folders/pw/_t21wqld2mz2z8g3y6gcqbzc0000gn/T//chip_tester.atmega328p.elf.jUVCtd.ltrans0.ltrans.o
 .bss._ZL8settings
                0x00000000008003a6        0x2 /var/folders/pw/_t21wqld2mz2z8g3y6gcqbzc0000gn/T//chip_tester.atmega328p.elf.jUVCtd.ltrans0.ltrans.o
 .bss._ZN5SDLib2SDE
                0x00000000008003a8       0x49 /var/folders/pw/_t21wqld2mz2z8g3y6gcqbzc0000gn/T//chip_tester.atmega328p.elf.jUVCtd.ltrans0.ltrans.o
 .bss.Serial    0x00000000008003f1       0x9d /var/folders/pw/_t21wqld2mz2z8g3y6gcqbzc0000gn/T//chip_tester.atmega328p.elf.jUVCtd.ltrans0.ltrans.o
 *(COMMON)
                0x000000000080048e                PROVIDE (__bss_end = .)
                0x00000000000015d0                __data_load_start = LOADADDR (.data)
                0x00000000000015f8                __data_load_end = (__data_load_start + SIZEOF (.data))

.noinit         0x000000000080048e        0x0
                [!provide]                        PROVIDE (__noinit_start = .)
 *(.noinit*)
                [!provide]                        PROVIDE (__noinit_end = .)
                0x000000000080048e                _end = .
                [!provide]                        PROVIDE (__heap_start = .)

.eeprom         0x0000000000810000        0x0
 *(.eeprom*)
                0x0000000000810000                __eeprom_end = .

.fuse
 *(.fuse)
 *(.lfuse)
 *(.hfuse)
 *(.efuse)

.lock
 *(.lock*)

.signature
 *(.signature*)

.stab
 *(.stab)

.stabstr
 *(.stabstr)

.stab.excl
 *(.stab.excl)

.stab.exclstr
 *(.stab.exclstr)

.stab.index
 *(.stab.index)

.stab.indexstr
 *(.stab.indexstr)

.comment        0x0000000000000000       0x24
 *(.comment)
 .comment       0x0000000000000000       0x24 /var/folders/pw/_t21wqld2mz2z8g3y6gcqbzc0000gn/T//chip_tester.atmega328p.elf.jUVCtd.ltrans0.ltrans.o
                                         0x25 (size before relaxing)

.note.gnu.avr.deviceinfo
                0x0000000000000000       0x40
 .note.gnu.avr.deviceinfo
                0x0000000000000000       0x40 /usr/local/Cellar/avr-gcc/9.3.0/lib/avr-gcc/9/gcc/avr/9.3.0/../../../../../../avr/lib/avr5/crtatmega328p.o

.note.gnu.build-id
 *(.note.gnu.build-id)

.debug
 *(.debug)

.line
 *(.line)

.debug_srcinfo
 *(.debug_srcinfo)

.debug_sfnames
 *(.debug_sfnames)

.debug_aranges  0x0000000000000000      0x218
 *(.debug_aranges)
 .debug_aranges
                0x0000000000000000      0x178 /var/folders/pw/_t21wqld2mz2z8g3y6gcqbzc0000gn/T//chip_tester.atmega328p.elf.jUVCtd.ltrans0.ltrans.o
 .debug_aranges
                0x0000000000000178       0x20 /usr/local/Cellar/avr-gcc/9.3.0/lib/avr-gcc/9/gcc/avr/9.3.0/avr5/libgcc.a(_exit.o)
 .debug_aranges
                0x0000000000000198       0x20 /usr/local/Cellar/avr-gcc/9.3.0/lib/avr-gcc/9/gcc/avr/9.3.0/avr5/libgcc.a(_ctors.o)
 .debug_aranges
                0x00000000000001b8       0x20 /usr/local/Cellar/avr-gcc/9.3.0/lib/avr-gcc/9/gcc/avr/9.3.0/avr5/libgcc.a(_tablejump2.o)
 .debug_aranges
                0x00000000000001d8       0x20 /usr/local/Cellar/avr-gcc/9.3.0/lib/avr-gcc/9/gcc/avr/9.3.0/avr5/libgcc.a(_copy_data.o)
 .debug_aranges
                0x00000000000001f8       0x20 /usr/local/Cellar/avr-gcc/9.3.0/lib/avr-gcc/9/gcc/avr/9.3.0/avr5/libgcc.a(_clear_bss.o)

.debug_pubnames
 *(.debug_pubnames)

.debug_info     0x0000000000000000    0x1d0f5
 *(.debug_info .gnu.linkonce.wi.*)
 .debug_info    0x0000000000000000      0x5f4 /usr/local/Cellar/avr-gcc/9.3.0/lib/avr-gcc/9/gcc/avr/9.3.0/../../../../../../avr/lib/avr5/crtatmega328p.o
 .debug_info    0x00000000000005f4     0x1e2d /var/folders/pw/_t21wqld2mz2z8g3y6gcqbzc0000gn/T//chip_tester.atmega328p.elf.jUVCtd.ltrans0.ltrans.o
 .debug_info    0x0000000000002421     0x1df9 /var/folders/pw/_t21wqld2mz2z8g3y6gcqbzc0000gn/T//cclrXtgi.debug.temp.o
                0x0000000000002421                HardwareSerial.cpp.18a8ac24
 .debug_info    0x000000000000421a     0x1b05 /var/folders/pw/_t21wqld2mz2z8g3y6gcqbzc0000gn/T//cc6WqZXk.debug.temp.o
                0x000000000000421a                HardwareSerial0.cpp.4fa52d99
 .debug_info    0x0000000000005d1f     0x1a38 /var/folders/pw/_t21wqld2mz2z8g3y6gcqbzc0000gn/T//ccq04Y0A.debug.temp.o
                0x0000000000005d1f                IPAddress.cpp.cc3b8cd8
 .debug_info    0x0000000000007757     0x1e8d /var/folders/pw/_t21wqld2mz2z8g3y6gcqbzc0000gn/T//cczf1Ava.debug.temp.o
                0x0000000000007757                Print.cpp.d55e9c49
 .debug_info    0x00000000000095e4      0x701 /var/folders/pw/_t21wqld2mz2z8g3y6gcqbzc0000gn/T//cc0TGZzu.debug.temp.o
                0x00000000000095e4                Tone.cpp.76ece04e
 .debug_info    0x0000000000009ce5     0x222e /var/folders/pw/_t21wqld2mz2z8g3y6gcqbzc0000gn/T//ccSNicy0.debug.temp.o
                0x0000000000009ce5                Wire.cpp.fd99a1fe
 .debug_info    0x000000000000bf13      0x76e /var/folders/pw/_t21wqld2mz2z8g3y6gcqbzc0000gn/T//ccELZxKd.debug.temp.o
                0x000000000000bf13                SPI.cpp.0855c3d9
 .debug_info    0x000000000000c681     0x4047 /var/folders/pw/_t21wqld2mz2z8g3y6gcqbzc0000gn/T//ccL2Q9Pq.debug.temp.o
                0x000000000000c681                File.cpp.78584fb8
 .debug_info    0x00000000000106c8     0x3dd3 /var/folders/pw/_t21wqld2mz2z8g3y6gcqbzc0000gn/T//ccTXRd5x.debug.temp.o
                0x00000000000106c8                SD.cpp.dcb968b3
 .debug_info    0x000000000001449b     0x1d5c /var/folders/pw/_t21wqld2mz2z8g3y6gcqbzc0000gn/T//cc5A3Mv2.debug.temp.o
                0x000000000001449b                Sd2Card.cpp.baec6c72
 .debug_info    0x00000000000161f7     0x39ac /var/folders/pw/_t21wqld2mz2z8g3y6gcqbzc0000gn/T//ccknZ3Xt.debug.temp.o
                0x00000000000161f7                SdFile.cpp.521414c8
 .debug_info    0x0000000000019ba3     0x2338 /var/folders/pw/_t21wqld2mz2z8g3y6gcqbzc0000gn/T//ccV9d20R.debug.temp.o
                0x0000000000019ba3                SdVolume.cpp.002f1725
 .debug_info    0x000000000001bedb       0xc5 /var/folders/pw/_t21wqld2mz2z8g3y6gcqbzc0000gn/T//cc7Qt9Bw.debug.temp.o
                0x000000000001bedb                main.cpp.d8d98dd6
 .debug_info    0x000000000001bfa0      0x33b /var/folders/pw/_t21wqld2mz2z8g3y6gcqbzc0000gn/T//ccg0uOYw.debug.temp.o
                0x000000000001bfa0                WInterrupts.c.b2cad200
 .debug_info    0x000000000001c2db      0x38c /var/folders/pw/_t21wqld2mz2z8g3y6gcqbzc0000gn/T//ccibMIId.debug.temp.o
                0x000000000001c2db                wiring.c.acfc44c6
 .debug_info    0x000000000001c667      0x577 /var/folders/pw/_t21wqld2mz2z8g3y6gcqbzc0000gn/T//ccRq39xN.debug.temp.o
                0x000000000001c667                wiring_digital.c.35cdb927
 .debug_info    0x000000000001cbde      0x459 /var/folders/pw/_t21wqld2mz2z8g3y6gcqbzc0000gn/T//ccQnvW8h.debug.temp.o
                0x000000000001cbde                twi.c.39f0f7ce
 .debug_info    0x000000000001d037       0x26 /usr/local/Cellar/avr-gcc/9.3.0/lib/avr-gcc/9/gcc/avr/9.3.0/avr5/libgcc.a(_exit.o)
 .debug_info    0x000000000001d05d       0x26 /usr/local/Cellar/avr-gcc/9.3.0/lib/avr-gcc/9/gcc/avr/9.3.0/avr5/libgcc.a(_ctors.o)
 .debug_info    0x000000000001d083       0x26 /usr/local/Cellar/avr-gcc/9.3.0/lib/avr-gcc/9/gcc/avr/9.3.0/avr5/libgcc.a(_tablejump2.o)
 .debug_info    0x000000000001d0a9       0x26 /usr/local/Cellar/avr-gcc/9.3.0/lib/avr-gcc/9/gcc/avr/9.3.0/avr5/libgcc.a(_copy_data.o)
 .debug_info    0x000000000001d0cf       0x26 /usr/local/Cellar/avr-gcc/9.3.0/lib/avr-gcc/9/gcc/avr/9.3.0/avr5/libgcc.a(_clear_bss.o)

.debug_abbrev   0x0000000000000000     0x44ec
 *(.debug_abbrev)
 .debug_abbrev  0x0000000000000000      0x5a2 /usr/local/Cellar/avr-gcc/9.3.0/lib/avr-gcc/9/gcc/avr/9.3.0/../../../../../../avr/lib/avr5/crtatmega328p.o
 .debug_abbrev  0x00000000000005a2      0x270 /var/folders/pw/_t21wqld2mz2z8g3y6gcqbzc0000gn/T//chip_tester.atmega328p.elf.jUVCtd.ltrans0.ltrans.o
 .debug_abbrev  0x0000000000000812      0x3cc /var/folders/pw/_t21wqld2mz2z8g3y6gcqbzc0000gn/T//cclrXtgi.debug.temp.o
 .debug_abbrev  0x0000000000000bde      0x3a6 /var/folders/pw/_t21wqld2mz2z8g3y6gcqbzc0000gn/T//cc6WqZXk.debug.temp.o
 .debug_abbrev  0x0000000000000f84      0x3dc /var/folders/pw/_t21wqld2mz2z8g3y6gcqbzc0000gn/T//ccq04Y0A.debug.temp.o
 .debug_abbrev  0x0000000000001360      0x382 /var/folders/pw/_t21wqld2mz2z8g3y6gcqbzc0000gn/T//cczf1Ava.debug.temp.o
 .debug_abbrev  0x00000000000016e2      0x273 /var/folders/pw/_t21wqld2mz2z8g3y6gcqbzc0000gn/T//cc0TGZzu.debug.temp.o
 .debug_abbrev  0x0000000000001955      0x472 /var/folders/pw/_t21wqld2mz2z8g3y6gcqbzc0000gn/T//ccSNicy0.debug.temp.o
 .debug_abbrev  0x0000000000001dc7      0x300 /var/folders/pw/_t21wqld2mz2z8g3y6gcqbzc0000gn/T//ccELZxKd.debug.temp.o
 .debug_abbrev  0x00000000000020c7      0x5fa /var/folders/pw/_t21wqld2mz2z8g3y6gcqbzc0000gn/T//ccL2Q9Pq.debug.temp.o
 .debug_abbrev  0x00000000000026c1      0x6bf /var/folders/pw/_t21wqld2mz2z8g3y6gcqbzc0000gn/T//ccTXRd5x.debug.temp.o
 .debug_abbrev  0x0000000000002d80      0x4bb /var/folders/pw/_t21wqld2mz2z8g3y6gcqbzc0000gn/T//cc5A3Mv2.debug.temp.o
 .debug_abbrev  0x000000000000323b      0x696 /var/folders/pw/_t21wqld2mz2z8g3y6gcqbzc0000gn/T//ccknZ3Xt.debug.temp.o
 .debug_abbrev  0x00000000000038d1      0x505 /var/folders/pw/_t21wqld2mz2z8g3y6gcqbzc0000gn/T//ccV9d20R.debug.temp.o
 .debug_abbrev  0x0000000000003dd6       0x6c /var/folders/pw/_t21wqld2mz2z8g3y6gcqbzc0000gn/T//cc7Qt9Bw.debug.temp.o
 .debug_abbrev  0x0000000000003e42      0x171 /var/folders/pw/_t21wqld2mz2z8g3y6gcqbzc0000gn/T//ccg0uOYw.debug.temp.o
 .debug_abbrev  0x0000000000003fb3      0x198 /var/folders/pw/_t21wqld2mz2z8g3y6gcqbzc0000gn/T//ccibMIId.debug.temp.o
 .debug_abbrev  0x000000000000414b      0x1af /var/folders/pw/_t21wqld2mz2z8g3y6gcqbzc0000gn/T//ccRq39xN.debug.temp.o
 .debug_abbrev  0x00000000000042fa      0x18e /var/folders/pw/_t21wqld2mz2z8g3y6gcqbzc0000gn/T//ccQnvW8h.debug.temp.o
 .debug_abbrev  0x0000000000004488       0x14 /usr/local/Cellar/avr-gcc/9.3.0/lib/avr-gcc/9/gcc/avr/9.3.0/avr5/libgcc.a(_exit.o)
 .debug_abbrev  0x000000000000449c       0x14 /usr/local/Cellar/avr-gcc/9.3.0/lib/avr-gcc/9/gcc/avr/9.3.0/avr5/libgcc.a(_ctors.o)
 .debug_abbrev  0x00000000000044b0       0x14 /usr/local/Cellar/avr-gcc/9.3.0/lib/avr-gcc/9/gcc/avr/9.3.0/avr5/libgcc.a(_tablejump2.o)
 .debug_abbrev  0x00000000000044c4       0x14 /usr/local/Cellar/avr-gcc/9.3.0/lib/avr-gcc/9/gcc/avr/9.3.0/avr5/libgcc.a(_copy_data.o)
 .debug_abbrev  0x00000000000044d8       0x14 /usr/local/Cellar/avr-gcc/9.3.0/lib/avr-gcc/9/gcc/avr/9.3.0/avr5/libgcc.a(_clear_bss.o)

.debug_line     0x0000000000000000     0x515e
 *(.debug_line .debug_line.* .debug_line_end)
 .debug_line    0x0000000000000000       0x1d /usr/local/Cellar/avr-gcc/9.3.0/lib/avr-gcc/9/gcc/avr/9.3.0/../../../../../../avr/lib/avr5/crtatmega328p.o
 .debug_line    0x000000000000001d     0x3149 /var/folders/pw/_t21wqld2mz2z8g3y6gcqbzc0000gn/T//chip_tester.atmega328p.elf.jUVCtd.ltrans0.ltrans.o
 .debug_line    0x0000000000003166      0x1e5 /var/folders/pw/_t21wqld2mz2z8g3y6gcqbzc0000gn/T//cclrXtgi.debug.temp.o
 .debug_line    0x000000000000334b      0x1a9 /var/folders/pw/_t21wqld2mz2z8g3y6gcqbzc0000gn/T//cc6WqZXk.debug.temp.o
 .debug_line    0x00000000000034f4      0x1ed /var/folders/pw/_t21wqld2mz2z8g3y6gcqbzc0000gn/T//ccq04Y0A.debug.temp.o
 .debug_line    0x00000000000036e1      0x183 /var/folders/pw/_t21wqld2mz2z8g3y6gcqbzc0000gn/T//cczf1Ava.debug.temp.o
 .debug_line    0x0000000000003864      0x175 /var/folders/pw/_t21wqld2mz2z8g3y6gcqbzc0000gn/T//cc0TGZzu.debug.temp.o
 .debug_line    0x00000000000039d9      0x15a /var/folders/pw/_t21wqld2mz2z8g3y6gcqbzc0000gn/T//ccSNicy0.debug.temp.o
 .debug_line    0x0000000000003b33      0x1d7 /var/folders/pw/_t21wqld2mz2z8g3y6gcqbzc0000gn/T//ccELZxKd.debug.temp.o
 .debug_line    0x0000000000003d0a      0x2e0 /var/folders/pw/_t21wqld2mz2z8g3y6gcqbzc0000gn/T//ccL2Q9Pq.debug.temp.o
 .debug_line    0x0000000000003fea      0x285 /var/folders/pw/_t21wqld2mz2z8g3y6gcqbzc0000gn/T//ccTXRd5x.debug.temp.o
 .debug_line    0x000000000000426f      0x264 /var/folders/pw/_t21wqld2mz2z8g3y6gcqbzc0000gn/T//cc5A3Mv2.debug.temp.o
 .debug_line    0x00000000000044d3      0x21b /var/folders/pw/_t21wqld2mz2z8g3y6gcqbzc0000gn/T//ccknZ3Xt.debug.temp.o
 .debug_line    0x00000000000046ee      0x21d /var/folders/pw/_t21wqld2mz2z8g3y6gcqbzc0000gn/T//ccV9d20R.debug.temp.o
 .debug_line    0x000000000000490b       0x2e /var/folders/pw/_t21wqld2mz2z8g3y6gcqbzc0000gn/T//cc7Qt9Bw.debug.temp.o
 .debug_line    0x0000000000004939      0x163 /var/folders/pw/_t21wqld2mz2z8g3y6gcqbzc0000gn/T//ccg0uOYw.debug.temp.o
 .debug_line    0x0000000000004a9c      0x14a /var/folders/pw/_t21wqld2mz2z8g3y6gcqbzc0000gn/T//ccibMIId.debug.temp.o
 .debug_line    0x0000000000004be6      0x152 /var/folders/pw/_t21wqld2mz2z8g3y6gcqbzc0000gn/T//ccRq39xN.debug.temp.o
 .debug_line    0x0000000000004d38      0x19f /var/folders/pw/_t21wqld2mz2z8g3y6gcqbzc0000gn/T//ccQnvW8h.debug.temp.o
 .debug_line    0x0000000000004ed7       0x61 /usr/local/Cellar/avr-gcc/9.3.0/lib/avr-gcc/9/gcc/avr/9.3.0/avr5/libgcc.a(_exit.o)
 .debug_line    0x0000000000004f38       0x91 /usr/local/Cellar/avr-gcc/9.3.0/lib/avr-gcc/9/gcc/avr/9.3.0/avr5/libgcc.a(_ctors.o)
 .debug_line    0x0000000000004fc9       0x79 /usr/local/Cellar/avr-gcc/9.3.0/lib/avr-gcc/9/gcc/avr/9.3.0/avr5/libgcc.a(_tablejump2.o)
 .debug_line    0x0000000000005042       0x97 /usr/local/Cellar/avr-gcc/9.3.0/lib/avr-gcc/9/gcc/avr/9.3.0/avr5/libgcc.a(_copy_data.o)
 .debug_line    0x00000000000050d9       0x85 /usr/local/Cellar/avr-gcc/9.3.0/lib/avr-gcc/9/gcc/avr/9.3.0/avr5/libgcc.a(_clear_bss.o)

.debug_frame    0x0000000000000000      0x754
 *(.debug_frame)
 .debug_frame   0x0000000000000000      0x754 /var/folders/pw/_t21wqld2mz2z8g3y6gcqbzc0000gn/T//chip_tester.atmega328p.elf.jUVCtd.ltrans0.ltrans.o

.debug_str      0x0000000000000000     0x5c1c
 *(.debug_str)
 .debug_str     0x0000000000000000      0x208 /usr/local/Cellar/avr-gcc/9.3.0/lib/avr-gcc/9/gcc/avr/9.3.0/../../../../../../avr/lib/avr5/crtatmega328p.o
 .debug_str     0x0000000000000208      0x118 /var/folders/pw/_t21wqld2mz2z8g3y6gcqbzc0000gn/T//chip_tester.atmega328p.elf.jUVCtd.ltrans0.ltrans.o
 .debug_str     0x0000000000000320     0x1596 /var/folders/pw/_t21wqld2mz2z8g3y6gcqbzc0000gn/T//cclrXtgi.debug.temp.o
                                       0x16a3 (size before relaxing)
 .debug_str     0x00000000000018b6      0x135 /var/folders/pw/_t21wqld2mz2z8g3y6gcqbzc0000gn/T//cc6WqZXk.debug.temp.o
                                       0x14c9 (size before relaxing)
 .debug_str     0x00000000000019eb      0x38d /var/folders/pw/_t21wqld2mz2z8g3y6gcqbzc0000gn/T//ccq04Y0A.debug.temp.o
                                       0x12e8 (size before relaxing)
 .debug_str     0x0000000000001d78      0x39d /var/folders/pw/_t21wqld2mz2z8g3y6gcqbzc0000gn/T//cczf1Ava.debug.temp.o
                                       0x12e5 (size before relaxing)
 .debug_str     0x0000000000002115      0x150 /var/folders/pw/_t21wqld2mz2z8g3y6gcqbzc0000gn/T//cc0TGZzu.debug.temp.o
                                        0x4f8 (size before relaxing)
 .debug_str     0x0000000000002265      0x533 /var/folders/pw/_t21wqld2mz2z8g3y6gcqbzc0000gn/T//ccSNicy0.debug.temp.o
                                       0x18a8 (size before relaxing)
 .debug_str     0x0000000000002798      0x3c7 /var/folders/pw/_t21wqld2mz2z8g3y6gcqbzc0000gn/T//ccELZxKd.debug.temp.o
                                        0x777 (size before relaxing)
 .debug_str     0x0000000000002b5f     0x1bf5 /var/folders/pw/_t21wqld2mz2z8g3y6gcqbzc0000gn/T//ccL2Q9Pq.debug.temp.o
                                       0x30a8 (size before relaxing)
 .debug_str     0x0000000000004754      0x3e8 /var/folders/pw/_t21wqld2mz2z8g3y6gcqbzc0000gn/T//ccTXRd5x.debug.temp.o
                                       0x2ddf (size before relaxing)
 .debug_str     0x0000000000004b3c      0x148 /var/folders/pw/_t21wqld2mz2z8g3y6gcqbzc0000gn/T//cc5A3Mv2.debug.temp.o
                                       0x1401 (size before relaxing)
 .debug_str     0x0000000000004c84      0xa19 /var/folders/pw/_t21wqld2mz2z8g3y6gcqbzc0000gn/T//ccknZ3Xt.debug.temp.o
                                       0x27b0 (size before relaxing)
 .debug_str     0x000000000000569d      0x100 /var/folders/pw/_t21wqld2mz2z8g3y6gcqbzc0000gn/T//ccV9d20R.debug.temp.o
                                       0x1c0f (size before relaxing)
 .debug_str     0x000000000000579d       0x77 /var/folders/pw/_t21wqld2mz2z8g3y6gcqbzc0000gn/T//cc7Qt9Bw.debug.temp.o
                                        0x20b (size before relaxing)
 .debug_str     0x0000000000005814       0xf7 /var/folders/pw/_t21wqld2mz2z8g3y6gcqbzc0000gn/T//ccg0uOYw.debug.temp.o
                                        0x2c7 (size before relaxing)
 .debug_str     0x000000000000590b       0x75 /var/folders/pw/_t21wqld2mz2z8g3y6gcqbzc0000gn/T//ccibMIId.debug.temp.o
                                        0x2d4 (size before relaxing)
 .debug_str     0x0000000000005980       0x45 /var/folders/pw/_t21wqld2mz2z8g3y6gcqbzc0000gn/T//ccRq39xN.debug.temp.o
                                        0x2b3 (size before relaxing)
 .debug_str     0x00000000000059c5      0x1d5 /var/folders/pw/_t21wqld2mz2z8g3y6gcqbzc0000gn/T//ccQnvW8h.debug.temp.o
                                        0x42e (size before relaxing)
 .debug_str     0x0000000000005b9a       0x82 /usr/local/Cellar/avr-gcc/9.3.0/lib/avr-gcc/9/gcc/avr/9.3.0/avr5/libgcc.a(_exit.o)
 .debug_str     0x0000000000005c1c       0x82 /usr/local/Cellar/avr-gcc/9.3.0/lib/avr-gcc/9/gcc/avr/9.3.0/avr5/libgcc.a(_ctors.o)
 .debug_str     0x0000000000005c1c       0x82 /usr/local/Cellar/avr-gcc/9.3.0/lib/avr-gcc/9/gcc/avr/9.3.0/avr5/libgcc.a(_tablejump2.o)
 .debug_str     0x0000000000005c1c       0x82 /usr/local/Cellar/avr-gcc/9.3.0/lib/avr-gcc/9/gcc/avr/9.3.0/avr5/libgcc.a(_copy_data.o)
 .debug_str     0x0000000000005c1c       0x82 /usr/local/Cellar/avr-gcc/9.3.0/lib/avr-gcc/9/gcc/avr/9.3.0/avr5/libgcc.a(_clear_bss.o)

.debug_loc      0x0000000000000000     0x2855
 *(.debug_loc)
 .debug_loc     0x0000000000000000     0x2855 /var/folders/pw/_t21wqld2mz2z8g3y6gcqbzc0000gn/T//chip_tester.atmega328p.elf.jUVCtd.ltrans0.ltrans.o

.debug_macinfo
 *(.debug_macinfo)

.debug_weaknames
 *(.debug_weaknames)

.debug_funcnames
 *(.debug_funcnames)

.debug_typenames
 *(.debug_typenames)

.debug_varnames
 *(.debug_varnames)

.debug_pubtypes
 *(.debug_pubtypes)

.debug_ranges   0x0000000000000000      0x5d8
 *(.debug_ranges)
 .debug_ranges  0x0000000000000000      0x5d8 /var/folders/pw/_t21wqld2mz2z8g3y6gcqbzc0000gn/T//chip_tester.atmega328p.elf.jUVCtd.ltrans0.ltrans.o

.debug_macro
 *(.debug_macro)

.debug_addr
 *(.debug_addr)
OUTPUT(/Users/petioptrv/development/shape-the-world-with-arduino/lab-4/bin/chip_tester.atmega328p.elf elf32-avr)
LOAD linker stubs

Cross Reference Table

Symbol                                            File
CDC.cpp.59908065                                  /var/folders/pw/_t21wqld2mz2z8g3y6gcqbzc0000gn/T//cc8S6nMP.debug.temp.o
File.cpp.78584fb8                                 /var/folders/pw/_t21wqld2mz2z8g3y6gcqbzc0000gn/T//ccL2Q9Pq.debug.temp.o
                                                  /var/folders/pw/_t21wqld2mz2z8g3y6gcqbzc0000gn/T//chip_tester.atmega328p.elf.jUVCtd.ltrans0.ltrans.o
HardwareSerial.cpp.18a8ac24                       /var/folders/pw/_t21wqld2mz2z8g3y6gcqbzc0000gn/T//cclrXtgi.debug.temp.o
                                                  /var/folders/pw/_t21wqld2mz2z8g3y6gcqbzc0000gn/T//chip_tester.atmega328p.elf.jUVCtd.ltrans0.ltrans.o
HardwareSerial0.cpp.4fa52d99                      /var/folders/pw/_t21wqld2mz2z8g3y6gcqbzc0000gn/T//cc6WqZXk.debug.temp.o
                                                  /var/folders/pw/_t21wqld2mz2z8g3y6gcqbzc0000gn/T//chip_tester.atmega328p.elf.jUVCtd.ltrans0.ltrans.o
HardwareSerial1.cpp.65d6d24e                      /var/folders/pw/_t21wqld2mz2z8g3y6gcqbzc0000gn/T//cctX9FxZ.debug.temp.o
HardwareSerial2.cpp.10f3b4b8                      /var/folders/pw/_t21wqld2mz2z8g3y6gcqbzc0000gn/T//cc315kZ6.debug.temp.o
HardwareSerial3.cpp.54a8d7ce                      /var/folders/pw/_t21wqld2mz2z8g3y6gcqbzc0000gn/T//ccoIvdWj.debug.temp.o
HardwareSerial::_rx_complete_irq()                /Users/petioptrv/development/shape-the-world-with-arduino/lab-4/obj/arduino/HardwareSerial0.o (symbol from plugin)
HardwareSerial::_tx_udr_empty_irq()               /Users/petioptrv/development/shape-the-world-with-arduino/lab-4/obj/arduino/HardwareSerial.o (symbol from plugin)
                                                  /Users/petioptrv/development/shape-the-world-with-arduino/lab-4/obj/arduino/HardwareSerial0.o (symbol from plugin)
HardwareSerial::available()                       /Users/petioptrv/development/shape-the-world-with-arduino/lab-4/obj/arduino/HardwareSerial.o (symbol from plugin)
                                                  /Users/petioptrv/development/shape-the-world-with-arduino/lab-4/obj/arduino/HardwareSerial0.o (symbol from plugin)
HardwareSerial::availableForWrite()               /Users/petioptrv/development/shape-the-world-with-arduino/lab-4/obj/arduino/HardwareSerial.o (symbol from plugin)
HardwareSerial::begin(unsigned long, unsigned char) /Users/petioptrv/development/shape-the-world-with-arduino/lab-4/obj/arduino/HardwareSerial.o (symbol from plugin)
HardwareSerial::end()                             /Users/petioptrv/development/shape-the-world-with-arduino/lab-4/obj/arduino/HardwareSerial.o (symbol from plugin)
HardwareSerial::flush()                           /Users/petioptrv/development/shape-the-world-with-arduino/lab-4/obj/arduino/HardwareSerial.o (symbol from plugin)
HardwareSerial::peek()                            /Users/petioptrv/development/shape-the-world-with-arduino/lab-4/obj/arduino/HardwareSerial.o (symbol from plugin)
HardwareSerial::read()                            /Users/petioptrv/development/shape-the-world-with-arduino/lab-4/obj/arduino/HardwareSerial.o (symbol from plugin)
HardwareSerial::write(unsigned char)              /Users/petioptrv/development/shape-the-world-with-arduino/lab-4/obj/arduino/HardwareSerial.o (symbol from plugin)
                                                  /Users/petioptrv/development/shape-the-world-with-arduino/lab-4/obj/arduino/libraries/SD/src/utility/SdFile.o (symbol from plugin)
IPAddress.cpp.cc3b8cd8                            /var/folders/pw/_t21wqld2mz2z8g3y6gcqbzc0000gn/T//ccq04Y0A.debug.temp.o
                                                  /var/folders/pw/_t21wqld2mz2z8g3y6gcqbzc0000gn/T//chip_tester.atmega328p.elf.jUVCtd.ltrans0.ltrans.o
IPAddress::IPAddress()                            /Users/petioptrv/development/shape-the-world-with-arduino/lab-4/obj/arduino/IPAddress.o (symbol from plugin)
IPAddress::IPAddress()                            /Users/petioptrv/development/shape-the-world-with-arduino/lab-4/obj/arduino/IPAddress.o (symbol from plugin)
IPAddress::IPAddress(unsigned char const*)        /Users/petioptrv/development/shape-the-world-with-arduino/lab-4/obj/arduino/IPAddress.o (symbol from plugin)
IPAddress::IPAddress(unsigned char const*)        /Users/petioptrv/development/shape-the-world-with-arduino/lab-4/obj/arduino/IPAddress.o (symbol from plugin)
IPAddress::IPAddress(unsigned char, unsigned char, unsigned char, unsigned char) /Users/petioptrv/development/shape-the-world-with-arduino/lab-4/obj/arduino/IPAddress.o (symbol from plugin)
IPAddress::IPAddress(unsigned char, unsigned char, unsigned char, unsigned char) /Users/petioptrv/development/shape-the-world-with-arduino/lab-4/obj/arduino/IPAddress.o (symbol from plugin)
IPAddress::IPAddress(unsigned long)               /Users/petioptrv/development/shape-the-world-with-arduino/lab-4/obj/arduino/IPAddress.o (symbol from plugin)
IPAddress::IPAddress(unsigned long)               /Users/petioptrv/development/shape-the-world-with-arduino/lab-4/obj/arduino/IPAddress.o (symbol from plugin)
IPAddress::fromString(char const*)                /Users/petioptrv/development/shape-the-world-with-arduino/lab-4/obj/arduino/IPAddress.o (symbol from plugin)
IPAddress::operator=(unsigned char const*)        /Users/petioptrv/development/shape-the-world-with-arduino/lab-4/obj/arduino/IPAddress.o (symbol from plugin)
IPAddress::operator=(unsigned long)               /Users/petioptrv/development/shape-the-world-with-arduino/lab-4/obj/arduino/IPAddress.o (symbol from plugin)
IPAddress::operator==(unsigned char const*) const /Users/petioptrv/development/shape-the-world-with-arduino/lab-4/obj/arduino/IPAddress.o (symbol from plugin)
IPAddress::printTo(Print&) const                  /Users/petioptrv/development/shape-the-world-with-arduino/lab-4/obj/arduino/IPAddress.o (symbol from plugin)
PluggableUSB.cpp.146d7231                         /var/folders/pw/_t21wqld2mz2z8g3y6gcqbzc0000gn/T//ccmKmwkC.debug.temp.o
Print.cpp.d55e9c49                                /var/folders/pw/_t21wqld2mz2z8g3y6gcqbzc0000gn/T//cczf1Ava.debug.temp.o
                                                  /var/folders/pw/_t21wqld2mz2z8g3y6gcqbzc0000gn/T//chip_tester.atmega328p.elf.jUVCtd.ltrans0.ltrans.o
Print::availableForWrite()                        /Users/petioptrv/development/shape-the-world-with-arduino/lab-4/obj/arduino/Print.o (symbol from plugin)
                                                  /Users/petioptrv/development/shape-the-world-with-arduino/lab-4/obj/arduino/libraries/SD/src/utility/SdFile.o (symbol from plugin)
                                                  /Users/petioptrv/development/shape-the-world-with-arduino/lab-4/obj/arduino/libraries/SD/src/File.o (symbol from plugin)
                                                  /Users/petioptrv/development/shape-the-world-with-arduino/lab-4/obj/arduino/libraries/Wire/src/Wire.o (symbol from plugin)
Print::flush()                                    /Users/petioptrv/development/shape-the-world-with-arduino/lab-4/obj/arduino/Print.o (symbol from plugin)
                                                  /Users/petioptrv/development/shape-the-world-with-arduino/lab-4/obj/arduino/libraries/SD/src/utility/SdFile.o (symbol from plugin)
Print::print(Printable const&)                    /Users/petioptrv/development/shape-the-world-with-arduino/lab-4/obj/arduino/Print.o (symbol from plugin)
Print::print(String const&)                       /Users/petioptrv/development/shape-the-world-with-arduino/lab-4/obj/arduino/Print.o (symbol from plugin)
Print::print(__FlashStringHelper const*)          /Users/petioptrv/development/shape-the-world-with-arduino/lab-4/obj/arduino/Print.o (symbol from plugin)
Print::print(char const*)                         /Users/petioptrv/development/shape-the-world-with-arduino/lab-4/obj/arduino/Print.o (symbol from plugin)
                                                  /Users/petioptrv/development/shape-the-world-with-arduino/lab-4/obj/arduino/libraries/SD/src/utility/SdFile.o (symbol from plugin)
Print::print(char)                                /Users/petioptrv/development/shape-the-world-with-arduino/lab-4/obj/arduino/Print.o (symbol from plugin)
                                                  /Users/petioptrv/development/shape-the-world-with-arduino/lab-4/obj/arduino/libraries/SD/src/utility/SdFile.o (symbol from plugin)
                                                  /Users/petioptrv/development/shape-the-world-with-arduino/lab-4/obj/arduino/IPAddress.o (symbol from plugin)
Print::print(double, int)                         /Users/petioptrv/development/shape-the-world-with-arduino/lab-4/obj/arduino/Print.o (symbol from plugin)
Print::print(int, int)                            /Users/petioptrv/development/shape-the-world-with-arduino/lab-4/obj/arduino/Print.o (symbol from plugin)
Print::print(long, int)                           /Users/petioptrv/development/shape-the-world-with-arduino/lab-4/obj/arduino/Print.o (symbol from plugin)
Print::print(unsigned char, int)                  /Users/petioptrv/development/shape-the-world-with-arduino/lab-4/obj/arduino/Print.o (symbol from plugin)
                                                  /Users/petioptrv/development/shape-the-world-with-arduino/lab-4/obj/arduino/IPAddress.o (symbol from plugin)
Print::print(unsigned int, int)                   /Users/petioptrv/development/shape-the-world-with-arduino/lab-4/obj/arduino/Print.o (symbol from plugin)
                                                  /Users/petioptrv/development/shape-the-world-with-arduino/lab-4/obj/arduino/libraries/SD/src/utility/SdFile.o (symbol from plugin)
Print::print(unsigned long, int)                  /Users/petioptrv/development/shape-the-world-with-arduino/lab-4/obj/arduino/Print.o (symbol from plugin)
                                                  /Users/petioptrv/development/shape-the-world-with-arduino/lab-4/obj/arduino/libraries/SD/src/utility/SdFile.o (symbol from plugin)
Print::printFloat(double, unsigned char)          /Users/petioptrv/development/shape-the-world-with-arduino/lab-4/obj/arduino/Print.o (symbol from plugin)
Print::printNumber(unsigned long, unsigned char)  /Users/petioptrv/development/shape-the-world-with-arduino/lab-4/obj/arduino/Print.o (symbol from plugin)
Print::println()                                  /Users/petioptrv/development/shape-the-world-with-arduino/lab-4/obj/arduino/Print.o (symbol from plugin)
                                                  /Users/petioptrv/development/shape-the-world-with-arduino/lab-4/obj/arduino/libraries/SD/src/utility/SdFile.o (symbol from plugin)
Print::println(Printable const&)                  /Users/petioptrv/development/shape-the-world-with-arduino/lab-4/obj/arduino/Print.o (symbol from plugin)
Print::println(String const&)                     /Users/petioptrv/development/shape-the-world-with-arduino/lab-4/obj/arduino/Print.o (symbol from plugin)
Print::println(__FlashStringHelper const*)        /Users/petioptrv/development/shape-the-world-with-arduino/lab-4/obj/arduino/Print.o (symbol from plugin)
Print::println(char const*)                       /Users/petioptrv/development/shape-the-world-with-arduino/lab-4/obj/arduino/Print.o (symbol from plugin)
Print::println(char)                              /Users/petioptrv/development/shape-the-world-with-arduino/lab-4/obj/arduino/Print.o (symbol from plugin)
Print::println(double, int)                       /Users/petioptrv/development/shape-the-world-with-arduino/lab-4/obj/arduino/Print.o (symbol from plugin)
Print::println(int, int)                          /Users/petioptrv/development/shape-the-world-with-arduino/lab-4/obj/arduino/Print.o (symbol from plugin)
Print::println(long, int)                         /Users/petioptrv/development/shape-the-world-with-arduino/lab-4/obj/arduino/Print.o (symbol from plugin)
Print::println(unsigned char, int)                /Users/petioptrv/development/shape-the-world-with-arduino/lab-4/obj/arduino/Print.o (symbol from plugin)
Print::println(unsigned int, int)                 /Users/petioptrv/development/shape-the-world-with-arduino/lab-4/obj/arduino/Print.o (symbol from plugin)
Print::println(unsigned long, int)                /Users/petioptrv/development/shape-the-world-with-arduino/lab-4/obj/arduino/Print.o (symbol from plugin)
Print::write(char const*)                         /Users/petioptrv/development/shape-the-world-with-arduino/lab-4/obj/arduino/Print.o (symbol from plugin)
Print::write(char const*, unsigned int)           /Users/petioptrv/development/shape-the-world-with-arduino/lab-4/obj/arduino/Print.o (symbol from plugin)
Print::write(unsigned char const*, unsigned int)  /Users/petioptrv/development/shape-the-world-with-arduino/lab-4/obj/arduino/Print.o (symbol from plugin)
                                                  /Users/petioptrv/development/shape-the-world-with-arduino/lab-4/obj/arduino/libraries/SD/src/utility/SdFile.o (symbol from plugin)
                                                  /Users/petioptrv/development/shape-the-world-with-arduino/lab-4/obj/arduino/HardwareSerial.o (symbol from plugin)
SD.cpp.dcb968b3                                   /var/folders/pw/_t21wqld2mz2z8g3y6gcqbzc0000gn/T//ccTXRd5x.debug.temp.o
                                                  /var/folders/pw/_t21wqld2mz2z8g3y6gcqbzc0000gn/T//chip_tester.atmega328p.elf.jUVCtd.ltrans0.ltrans.o
SDLib::File::File()                               /Users/petioptrv/development/shape-the-world-with-arduino/lab-4/obj/arduino/libraries/SD/src/File.o (symbol from plugin)
SDLib::File::File()                               /Users/petioptrv/development/shape-the-world-with-arduino/lab-4/obj/arduino/libraries/SD/src/File.o (symbol from plugin)
                                                  /Users/petioptrv/development/shape-the-world-with-arduino/lab-4/obj/arduino/libraries/SD/src/SD.o (symbol from plugin)
SDLib::File::File(SdFile, char const*)            /Users/petioptrv/development/shape-the-world-with-arduino/lab-4/obj/arduino/libraries/SD/src/File.o (symbol from plugin)
                                                  /Users/petioptrv/development/shape-the-world-with-arduino/lab-4/obj/arduino/libraries/SD/src/SD.o (symbol from plugin)
SDLib::File::File(SdFile, char const*)            /Users/petioptrv/development/shape-the-world-with-arduino/lab-4/obj/arduino/libraries/SD/src/File.o (symbol from plugin)
SDLib::File::available()                          /Users/petioptrv/development/shape-the-world-with-arduino/lab-4/obj/arduino/libraries/SD/src/File.o (symbol from plugin)
SDLib::File::close()                              /Users/petioptrv/development/shape-the-world-with-arduino/lab-4/obj/arduino/libraries/SD/src/File.o (symbol from plugin)
SDLib::File::flush()                              /Users/petioptrv/development/shape-the-world-with-arduino/lab-4/obj/arduino/libraries/SD/src/File.o (symbol from plugin)
SDLib::File::isDirectory()                        /Users/petioptrv/development/shape-the-world-with-arduino/lab-4/obj/arduino/libraries/SD/src/File.o (symbol from plugin)
                                                  /Users/petioptrv/development/shape-the-world-with-arduino/lab-4/obj/arduino/libraries/SD/src/SD.o (symbol from plugin)
SDLib::File::name()                               /Users/petioptrv/development/shape-the-world-with-arduino/lab-4/obj/arduino/libraries/SD/src/File.o (symbol from plugin)
SDLib::File::openNextFile(unsigned char)          /Users/petioptrv/development/shape-the-world-with-arduino/lab-4/obj/arduino/libraries/SD/src/SD.o (symbol from plugin)
SDLib::File::operator bool()                      /Users/petioptrv/development/shape-the-world-with-arduino/lab-4/obj/arduino/libraries/SD/src/File.o (symbol from plugin)
SDLib::File::peek()                               /Users/petioptrv/development/shape-the-world-with-arduino/lab-4/obj/arduino/libraries/SD/src/File.o (symbol from plugin)
SDLib::File::position()                           /Users/petioptrv/development/shape-the-world-with-arduino/lab-4/obj/arduino/libraries/SD/src/File.o (symbol from plugin)
SDLib::File::read()                               /Users/petioptrv/development/shape-the-world-with-arduino/lab-4/obj/arduino/libraries/SD/src/File.o (symbol from plugin)
SDLib::File::read(void*, unsigned int)            /Users/petioptrv/development/shape-the-world-with-arduino/lab-4/obj/arduino/libraries/SD/src/File.o (symbol from plugin)
SDLib::File::rewindDirectory()                    /Users/petioptrv/development/shape-the-world-with-arduino/lab-4/obj/arduino/libraries/SD/src/SD.o (symbol from plugin)
SDLib::File::seek(unsigned long)                  /Users/petioptrv/development/shape-the-world-with-arduino/lab-4/obj/arduino/libraries/SD/src/File.o (symbol from plugin)
SDLib::File::size()                               /Users/petioptrv/development/shape-the-world-with-arduino/lab-4/obj/arduino/libraries/SD/src/File.o (symbol from plugin)
SDLib::File::write(unsigned char const*, unsigned int) /Users/petioptrv/development/shape-the-world-with-arduino/lab-4/obj/arduino/libraries/SD/src/File.o (symbol from plugin)
SDLib::File::write(unsigned char)                 /Users/petioptrv/development/shape-the-world-with-arduino/lab-4/obj/arduino/libraries/SD/src/File.o (symbol from plugin)
SDLib::SD                                         /Users/petioptrv/development/shape-the-world-with-arduino/lab-4/obj/arduino/libraries/SD/src/SD.o (symbol from plugin)
SDLib::SDClass::SDClass()                         /Users/petioptrv/development/shape-the-world-with-arduino/lab-4/obj/arduino/libraries/SD/src/SD.o (symbol from plugin)
SDLib::SDClass::SDClass()                         /Users/petioptrv/development/shape-the-world-with-arduino/lab-4/obj/arduino/libraries/SD/src/SD.o (symbol from plugin)
SDLib::SDClass::begin(unsigned char)              /Users/petioptrv/development/shape-the-world-with-arduino/lab-4/obj/arduino/libraries/SD/src/SD.o (symbol from plugin)
SDLib::SDClass::begin(unsigned long, unsigned char) /Users/petioptrv/development/shape-the-world-with-arduino/lab-4/obj/arduino/libraries/SD/src/SD.o (symbol from plugin)
SDLib::SDClass::end()                             /Users/petioptrv/development/shape-the-world-with-arduino/lab-4/obj/arduino/libraries/SD/src/SD.o (symbol from plugin)
SDLib::SDClass::exists(char const*)               /Users/petioptrv/development/shape-the-world-with-arduino/lab-4/obj/arduino/libraries/SD/src/SD.o (symbol from plugin)
SDLib::SDClass::getParentDir(char const*, int*)   /Users/petioptrv/development/shape-the-world-with-arduino/lab-4/obj/arduino/libraries/SD/src/SD.o (symbol from plugin)
SDLib::SDClass::mkdir(char const*)                /Users/petioptrv/development/shape-the-world-with-arduino/lab-4/obj/arduino/libraries/SD/src/SD.o (symbol from plugin)
SDLib::SDClass::open(char const*, unsigned char)  /Users/petioptrv/development/shape-the-world-with-arduino/lab-4/obj/arduino/libraries/SD/src/SD.o (symbol from plugin)
SDLib::SDClass::remove(char const*)               /Users/petioptrv/development/shape-the-world-with-arduino/lab-4/obj/arduino/libraries/SD/src/SD.o (symbol from plugin)
SDLib::SDClass::rmdir(char const*)                /Users/petioptrv/development/shape-the-world-with-arduino/lab-4/obj/arduino/libraries/SD/src/SD.o (symbol from plugin)
SDLib::callback_makeDirPath(SdFile&, char const*, bool, void*) /Users/petioptrv/development/shape-the-world-with-arduino/lab-4/obj/arduino/libraries/SD/src/SD.o (symbol from plugin)
SDLib::callback_pathExists(SdFile&, char const*, bool, void*) /Users/petioptrv/development/shape-the-world-with-arduino/lab-4/obj/arduino/libraries/SD/src/SD.o (symbol from plugin)
SDLib::callback_remove(SdFile&, char const*, bool, void*) /Users/petioptrv/development/shape-the-world-with-arduino/lab-4/obj/arduino/libraries/SD/src/SD.o (symbol from plugin)
SDLib::callback_rmdir(SdFile&, char const*, bool, void*) /Users/petioptrv/development/shape-the-world-with-arduino/lab-4/obj/arduino/libraries/SD/src/SD.o (symbol from plugin)
SDLib::getNextPathComponent(char const*, unsigned int*, char*) /Users/petioptrv/development/shape-the-world-with-arduino/lab-4/obj/arduino/libraries/SD/src/SD.o (symbol from plugin)
SDLib::walkPath(char const*, SdFile&, bool (*)(SdFile&, char const*, bool, void*), void*) /Users/petioptrv/development/shape-the-world-with-arduino/lab-4/obj/arduino/libraries/SD/src/SD.o (symbol from plugin)
SPI                                               /Users/petioptrv/development/shape-the-world-with-arduino/lab-4/obj/arduino/libraries/SPI/src/SPI.o (symbol from plugin)
SPI.cpp.0855c3d9                                  /var/folders/pw/_t21wqld2mz2z8g3y6gcqbzc0000gn/T//ccELZxKd.debug.temp.o
                                                  /var/folders/pw/_t21wqld2mz2z8g3y6gcqbzc0000gn/T//chip_tester.atmega328p.elf.jUVCtd.ltrans0.ltrans.o
SPIClass::begin()                                 /Users/petioptrv/development/shape-the-world-with-arduino/lab-4/obj/arduino/libraries/SPI/src/SPI.o (symbol from plugin)
                                                  /Users/petioptrv/development/shape-the-world-with-arduino/lab-4/obj/arduino/libraries/SD/src/utility/Sd2Card.o (symbol from plugin)
SPIClass::beginTransaction(SPISettings)           /Users/petioptrv/development/shape-the-world-with-arduino/lab-4/obj/arduino/libraries/SD/src/utility/Sd2Card.o (symbol from plugin)
SPIClass::end()                                   /Users/petioptrv/development/shape-the-world-with-arduino/lab-4/obj/arduino/libraries/SPI/src/SPI.o (symbol from plugin)
SPIClass::endTransaction()                        /Users/petioptrv/development/shape-the-world-with-arduino/lab-4/obj/arduino/libraries/SD/src/utility/Sd2Card.o (symbol from plugin)
SPIClass::initialized                             /Users/petioptrv/development/shape-the-world-with-arduino/lab-4/obj/arduino/libraries/SPI/src/SPI.o (symbol from plugin)
SPIClass::interruptMask                           /Users/petioptrv/development/shape-the-world-with-arduino/lab-4/obj/arduino/libraries/SPI/src/SPI.o (symbol from plugin)
                                                  /Users/petioptrv/development/shape-the-world-with-arduino/lab-4/obj/arduino/libraries/SD/src/utility/Sd2Card.o (symbol from plugin)
SPIClass::interruptMode                           /Users/petioptrv/development/shape-the-world-with-arduino/lab-4/obj/arduino/libraries/SPI/src/SPI.o (symbol from plugin)
                                                  /Users/petioptrv/development/shape-the-world-with-arduino/lab-4/obj/arduino/libraries/SD/src/utility/Sd2Card.o (symbol from plugin)
SPIClass::interruptSave                           /Users/petioptrv/development/shape-the-world-with-arduino/lab-4/obj/arduino/libraries/SPI/src/SPI.o (symbol from plugin)
                                                  /Users/petioptrv/development/shape-the-world-with-arduino/lab-4/obj/arduino/libraries/SD/src/utility/Sd2Card.o (symbol from plugin)
SPIClass::notUsingInterrupt(unsigned char)        /Users/petioptrv/development/shape-the-world-with-arduino/lab-4/obj/arduino/libraries/SPI/src/SPI.o (symbol from plugin)
SPIClass::transfer(unsigned char)                 /Users/petioptrv/development/shape-the-world-with-arduino/lab-4/obj/arduino/libraries/SD/src/utility/Sd2Card.o (symbol from plugin)
SPIClass::usingInterrupt(unsigned char)           /Users/petioptrv/development/shape-the-world-with-arduino/lab-4/obj/arduino/libraries/SPI/src/SPI.o (symbol from plugin)
SPISettings::SPISettings(unsigned long, unsigned char, unsigned char) /Users/petioptrv/development/shape-the-world-with-arduino/lab-4/obj/arduino/libraries/SD/src/utility/Sd2Card.o (symbol from plugin)
SPISettings::SPISettings(unsigned long, unsigned char, unsigned char) /Users/petioptrv/development/shape-the-world-with-arduino/lab-4/obj/arduino/libraries/SD/src/utility/Sd2Card.o (symbol from plugin)
SPISettings::init_MightInline(unsigned long, unsigned char, unsigned char) /Users/petioptrv/development/shape-the-world-with-arduino/lab-4/obj/arduino/libraries/SD/src/utility/Sd2Card.o (symbol from plugin)
Sd2Card.cpp.baec6c72                              /var/folders/pw/_t21wqld2mz2z8g3y6gcqbzc0000gn/T//cc5A3Mv2.debug.temp.o
                                                  /var/folders/pw/_t21wqld2mz2z8g3y6gcqbzc0000gn/T//chip_tester.atmega328p.elf.jUVCtd.ltrans0.ltrans.o
Sd2Card::cardAcmd(unsigned char, unsigned long)   /Users/petioptrv/development/shape-the-world-with-arduino/lab-4/obj/arduino/libraries/SD/src/utility/Sd2Card.o (symbol from plugin)
Sd2Card::cardCommand(unsigned char, unsigned long) /Users/petioptrv/development/shape-the-world-with-arduino/lab-4/obj/arduino/libraries/SD/src/utility/Sd2Card.o (symbol from plugin)
Sd2Card::cardSize()                               /Users/petioptrv/development/shape-the-world-with-arduino/lab-4/obj/arduino/libraries/SD/src/utility/Sd2Card.o (symbol from plugin)
Sd2Card::chipSelectHigh()                         /Users/petioptrv/development/shape-the-world-with-arduino/lab-4/obj/arduino/libraries/SD/src/utility/Sd2Card.o (symbol from plugin)
Sd2Card::chipSelectLow()                          /Users/petioptrv/development/shape-the-world-with-arduino/lab-4/obj/arduino/libraries/SD/src/utility/Sd2Card.o (symbol from plugin)
Sd2Card::erase(unsigned long, unsigned long)      /Users/petioptrv/development/shape-the-world-with-arduino/lab-4/obj/arduino/libraries/SD/src/utility/Sd2Card.o (symbol from plugin)
Sd2Card::eraseSingleBlockEnable()                 /Users/petioptrv/development/shape-the-world-with-arduino/lab-4/obj/arduino/libraries/SD/src/utility/Sd2Card.o (symbol from plugin)
Sd2Card::init(unsigned char, unsigned char)       /Users/petioptrv/development/shape-the-world-with-arduino/lab-4/obj/arduino/libraries/SD/src/utility/Sd2Card.o (symbol from plugin)
                                                  /Users/petioptrv/development/shape-the-world-with-arduino/lab-4/obj/arduino/libraries/SD/src/SD.o (symbol from plugin)
Sd2Card::partialBlockRead(unsigned char)          /Users/petioptrv/development/shape-the-world-with-arduino/lab-4/obj/arduino/libraries/SD/src/utility/Sd2Card.o (symbol from plugin)
Sd2Card::readBlock(unsigned long, unsigned char*) /Users/petioptrv/development/shape-the-world-with-arduino/lab-4/obj/arduino/libraries/SD/src/utility/Sd2Card.o (symbol from plugin)
                                                  /Users/petioptrv/development/shape-the-world-with-arduino/lab-4/obj/arduino/libraries/SD/src/utility/SdVolume.o (symbol from plugin)
Sd2Card::readCSD(csd_t*)                          /Users/petioptrv/development/shape-the-world-with-arduino/lab-4/obj/arduino/libraries/SD/src/utility/Sd2Card.o (symbol from plugin)
Sd2Card::readData(unsigned long, unsigned int, unsigned int, unsigned char*) /Users/petioptrv/development/shape-the-world-with-arduino/lab-4/obj/arduino/libraries/SD/src/utility/Sd2Card.o (symbol from plugin)
                                                  /Users/petioptrv/development/shape-the-world-with-arduino/lab-4/obj/arduino/libraries/SD/src/utility/SdFile.o (symbol from plugin)
Sd2Card::readEnd()                                /Users/petioptrv/development/shape-the-world-with-arduino/lab-4/obj/arduino/libraries/SD/src/utility/Sd2Card.o (symbol from plugin)
Sd2Card::readRegister(unsigned char, void*)       /Users/petioptrv/development/shape-the-world-with-arduino/lab-4/obj/arduino/libraries/SD/src/utility/Sd2Card.o (symbol from plugin)
Sd2Card::setSckRate(unsigned char)                /Users/petioptrv/development/shape-the-world-with-arduino/lab-4/obj/arduino/libraries/SD/src/utility/Sd2Card.o (symbol from plugin)
Sd2Card::setSpiClock(unsigned long)               /Users/petioptrv/development/shape-the-world-with-arduino/lab-4/obj/arduino/libraries/SD/src/utility/Sd2Card.o (symbol from plugin)
                                                  /Users/petioptrv/development/shape-the-world-with-arduino/lab-4/obj/arduino/libraries/SD/src/SD.o (symbol from plugin)
Sd2Card::waitNotBusy(unsigned int)                /Users/petioptrv/development/shape-the-world-with-arduino/lab-4/obj/arduino/libraries/SD/src/utility/Sd2Card.o (symbol from plugin)
Sd2Card::waitStartBlock()                         /Users/petioptrv/development/shape-the-world-with-arduino/lab-4/obj/arduino/libraries/SD/src/utility/Sd2Card.o (symbol from plugin)
Sd2Card::writeBlock(unsigned long, unsigned char const*) /Users/petioptrv/development/shape-the-world-with-arduino/lab-4/obj/arduino/libraries/SD/src/utility/Sd2Card.o (symbol from plugin)
                                                  /Users/petioptrv/development/shape-the-world-with-arduino/lab-4/obj/arduino/libraries/SD/src/utility/SdVolume.o (symbol from plugin)
                                                  /Users/petioptrv/development/shape-the-world-with-arduino/lab-4/obj/arduino/libraries/SD/src/utility/SdFile.o (symbol from plugin)
Sd2Card::writeData(unsigned char const*)          /Users/petioptrv/development/shape-the-world-with-arduino/lab-4/obj/arduino/libraries/SD/src/utility/Sd2Card.o (symbol from plugin)
Sd2Card::writeData(unsigned char, unsigned char const*) /Users/petioptrv/development/shape-the-world-with-arduino/lab-4/obj/arduino/libraries/SD/src/utility/Sd2Card.o (symbol from plugin)
Sd2Card::writeStart(unsigned long, unsigned long) /Users/petioptrv/development/shape-the-world-with-arduino/lab-4/obj/arduino/libraries/SD/src/utility/Sd2Card.o (symbol from plugin)
Sd2Card::writeStop()                              /Users/petioptrv/development/shape-the-world-with-arduino/lab-4/obj/arduino/libraries/SD/src/utility/Sd2Card.o (symbol from plugin)
SdFile.cpp.521414c8                               /var/folders/pw/_t21wqld2mz2z8g3y6gcqbzc0000gn/T//ccknZ3Xt.debug.temp.o
                                                  /var/folders/pw/_t21wqld2mz2z8g3y6gcqbzc0000gn/T//chip_tester.atmega328p.elf.jUVCtd.ltrans0.ltrans.o
SdFile::SdFile(SdFile const&)                     /Users/petioptrv/development/shape-the-world-with-arduino/lab-4/obj/arduino/libraries/SD/src/SD.o (symbol from plugin)
SdFile::SdFile(SdFile const&)                     /Users/petioptrv/development/shape-the-world-with-arduino/lab-4/obj/arduino/libraries/SD/src/SD.o (symbol from plugin)
SdFile::addCluster()                              /Users/petioptrv/development/shape-the-world-with-arduino/lab-4/obj/arduino/libraries/SD/src/utility/SdFile.o (symbol from plugin)
SdFile::addDirCluster()                           /Users/petioptrv/development/shape-the-world-with-arduino/lab-4/obj/arduino/libraries/SD/src/utility/SdFile.o (symbol from plugin)
SdFile::cacheDirEntry(unsigned char)              /Users/petioptrv/development/shape-the-world-with-arduino/lab-4/obj/arduino/libraries/SD/src/utility/SdFile.o (symbol from plugin)
SdFile::close()                                   /Users/petioptrv/development/shape-the-world-with-arduino/lab-4/obj/arduino/libraries/SD/src/utility/SdFile.o (symbol from plugin)
                                                  /Users/petioptrv/development/shape-the-world-with-arduino/lab-4/obj/arduino/libraries/SD/src/SD.o (symbol from plugin)
                                                  /Users/petioptrv/development/shape-the-world-with-arduino/lab-4/obj/arduino/libraries/SD/src/File.o (symbol from plugin)
SdFile::contiguousRange(unsigned long*, unsigned long*) /Users/petioptrv/development/shape-the-world-with-arduino/lab-4/obj/arduino/libraries/SD/src/utility/SdFile.o (symbol from plugin)
SdFile::createContiguous(SdFile*, char const*, unsigned long) /Users/petioptrv/development/shape-the-world-with-arduino/lab-4/obj/arduino/libraries/SD/src/utility/SdFile.o (symbol from plugin)
SdFile::dateTime_                                 /Users/petioptrv/development/shape-the-world-with-arduino/lab-4/obj/arduino/libraries/SD/src/utility/SdFile.o (symbol from plugin)
SdFile::dirEntry(directoryEntry*)                 /Users/petioptrv/development/shape-the-world-with-arduino/lab-4/obj/arduino/libraries/SD/src/utility/SdFile.o (symbol from plugin)
SdFile::dirName(directoryEntry const&, char*)     /Users/petioptrv/development/shape-the-world-with-arduino/lab-4/obj/arduino/libraries/SD/src/utility/SdFile.o (symbol from plugin)
                                                  /Users/petioptrv/development/shape-the-world-with-arduino/lab-4/obj/arduino/libraries/SD/src/SD.o (symbol from plugin)
SdFile::ls(unsigned char, unsigned char)          /Users/petioptrv/development/shape-the-world-with-arduino/lab-4/obj/arduino/libraries/SD/src/utility/SdFile.o (symbol from plugin)
SdFile::make83Name(char const*, unsigned char*)   /Users/petioptrv/development/shape-the-world-with-arduino/lab-4/obj/arduino/libraries/SD/src/utility/SdFile.o (symbol from plugin)
SdFile::makeDir(SdFile*, char const*)             /Users/petioptrv/development/shape-the-world-with-arduino/lab-4/obj/arduino/libraries/SD/src/utility/SdFile.o (symbol from plugin)
                                                  /Users/petioptrv/development/shape-the-world-with-arduino/lab-4/obj/arduino/libraries/SD/src/SD.o (symbol from plugin)
SdFile::oldDateTime_                              /Users/petioptrv/development/shape-the-world-with-arduino/lab-4/obj/arduino/libraries/SD/src/utility/SdFile.o (symbol from plugin)
SdFile::open(SdFile*, char const*, unsigned char) /Users/petioptrv/development/shape-the-world-with-arduino/lab-4/obj/arduino/libraries/SD/src/utility/SdFile.o (symbol from plugin)
                                                  /Users/petioptrv/development/shape-the-world-with-arduino/lab-4/obj/arduino/libraries/SD/src/SD.o (symbol from plugin)
SdFile::open(SdFile*, unsigned int, unsigned char) /Users/petioptrv/development/shape-the-world-with-arduino/lab-4/obj/arduino/libraries/SD/src/utility/SdFile.o (symbol from plugin)
SdFile::openCachedEntry(unsigned char, unsigned char) /Users/petioptrv/development/shape-the-world-with-arduino/lab-4/obj/arduino/libraries/SD/src/utility/SdFile.o (symbol from plugin)
SdFile::openRoot(SdVolume&)                       /Users/petioptrv/development/shape-the-world-with-arduino/lab-4/obj/arduino/libraries/SD/src/SD.o (symbol from plugin)
SdFile::openRoot(SdVolume*)                       /Users/petioptrv/development/shape-the-world-with-arduino/lab-4/obj/arduino/libraries/SD/src/utility/SdFile.o (symbol from plugin)
                                                  /Users/petioptrv/development/shape-the-world-with-arduino/lab-4/obj/arduino/libraries/SD/src/SD.o (symbol from plugin)
SdFile::printDirName(directoryEntry const&, unsigned char) /Users/petioptrv/development/shape-the-world-with-arduino/lab-4/obj/arduino/libraries/SD/src/utility/SdFile.o (symbol from plugin)
SdFile::printFatDate(unsigned int)                /Users/petioptrv/development/shape-the-world-with-arduino/lab-4/obj/arduino/libraries/SD/src/utility/SdFile.o (symbol from plugin)
SdFile::printFatTime(unsigned int)                /Users/petioptrv/development/shape-the-world-with-arduino/lab-4/obj/arduino/libraries/SD/src/utility/SdFile.o (symbol from plugin)
SdFile::printTwoDigits(unsigned char)             /Users/petioptrv/development/shape-the-world-with-arduino/lab-4/obj/arduino/libraries/SD/src/utility/SdFile.o (symbol from plugin)
SdFile::read()                                    /Users/petioptrv/development/shape-the-world-with-arduino/lab-4/obj/arduino/libraries/SD/src/File.o (symbol from plugin)
                                                  /Users/petioptrv/development/shape-the-world-with-arduino/lab-4/obj/arduino/libraries/SD/src/utility/SdFile.o (symbol from plugin)
SdFile::read(void*, unsigned int)                 /Users/petioptrv/development/shape-the-world-with-arduino/lab-4/obj/arduino/libraries/SD/src/utility/SdFile.o (symbol from plugin)
                                                  /Users/petioptrv/development/shape-the-world-with-arduino/lab-4/obj/arduino/libraries/SD/src/File.o (symbol from plugin)
SdFile::readDir(directoryEntry*)                  /Users/petioptrv/development/shape-the-world-with-arduino/lab-4/obj/arduino/libraries/SD/src/utility/SdFile.o (symbol from plugin)
                                                  /Users/petioptrv/development/shape-the-world-with-arduino/lab-4/obj/arduino/libraries/SD/src/SD.o (symbol from plugin)
SdFile::readDirCache()                            /Users/petioptrv/development/shape-the-world-with-arduino/lab-4/obj/arduino/libraries/SD/src/utility/SdFile.o (symbol from plugin)
SdFile::remove()                                  /Users/petioptrv/development/shape-the-world-with-arduino/lab-4/obj/arduino/libraries/SD/src/utility/SdFile.o (symbol from plugin)
SdFile::remove(SdFile*, char const*)              /Users/petioptrv/development/shape-the-world-with-arduino/lab-4/obj/arduino/libraries/SD/src/utility/SdFile.o (symbol from plugin)
                                                  /Users/petioptrv/development/shape-the-world-with-arduino/lab-4/obj/arduino/libraries/SD/src/SD.o (symbol from plugin)
SdFile::rmDir()                                   /Users/petioptrv/development/shape-the-world-with-arduino/lab-4/obj/arduino/libraries/SD/src/utility/SdFile.o (symbol from plugin)
                                                  /Users/petioptrv/development/shape-the-world-with-arduino/lab-4/obj/arduino/libraries/SD/src/SD.o (symbol from plugin)
SdFile::rmRfStar()                                /Users/petioptrv/development/shape-the-world-with-arduino/lab-4/obj/arduino/libraries/SD/src/utility/SdFile.o (symbol from plugin)
SdFile::seekCur(unsigned long)                    /Users/petioptrv/development/shape-the-world-with-arduino/lab-4/obj/arduino/libraries/SD/src/File.o (symbol from plugin)
SdFile::seekEnd()                                 /Users/petioptrv/development/shape-the-world-with-arduino/lab-4/obj/arduino/libraries/SD/src/utility/SdFile.o (symbol from plugin)
SdFile::seekSet(unsigned long)                    /Users/petioptrv/development/shape-the-world-with-arduino/lab-4/obj/arduino/libraries/SD/src/utility/SdFile.o (symbol from plugin)
                                                  /Users/petioptrv/development/shape-the-world-with-arduino/lab-4/obj/arduino/libraries/SD/src/SD.o (symbol from plugin)
                                                  /Users/petioptrv/development/shape-the-world-with-arduino/lab-4/obj/arduino/libraries/SD/src/File.o (symbol from plugin)
SdFile::sync()                                    /Users/petioptrv/development/shape-the-world-with-arduino/lab-4/obj/arduino/libraries/SD/src/utility/SdFile.o (symbol from plugin)
                                                  /Users/petioptrv/development/shape-the-world-with-arduino/lab-4/obj/arduino/libraries/SD/src/File.o (symbol from plugin)
SdFile::timestamp(unsigned char, unsigned int, unsigned char, unsigned char, unsigned char, unsigned char, unsigned char) /Users/petioptrv/development/shape-the-world-with-arduino/lab-4/obj/arduino/libraries/SD/src/utility/SdFile.o (symbol from plugin)
SdFile::truncate(unsigned long)                   /Users/petioptrv/development/shape-the-world-with-arduino/lab-4/obj/arduino/libraries/SD/src/utility/SdFile.o (symbol from plugin)
SdFile::write(char const*)                        /Users/petioptrv/development/shape-the-world-with-arduino/lab-4/obj/arduino/libraries/SD/src/utility/SdFile.o (symbol from plugin)
SdFile::write(unsigned char)                      /Users/petioptrv/development/shape-the-world-with-arduino/lab-4/obj/arduino/libraries/SD/src/utility/SdFile.o (symbol from plugin)
SdFile::write(void const*, unsigned int)          /Users/petioptrv/development/shape-the-world-with-arduino/lab-4/obj/arduino/libraries/SD/src/utility/SdFile.o (symbol from plugin)
                                                  /Users/petioptrv/development/shape-the-world-with-arduino/lab-4/obj/arduino/libraries/SD/src/File.o (symbol from plugin)
SdFile::write_P(char const*)                      /Users/petioptrv/development/shape-the-world-with-arduino/lab-4/obj/arduino/libraries/SD/src/utility/SdFile.o (symbol from plugin)
SdFile::writeln_P(char const*)                    /Users/petioptrv/development/shape-the-world-with-arduino/lab-4/obj/arduino/libraries/SD/src/utility/SdFile.o (symbol from plugin)
SdVolume.cpp.002f1725                             /var/folders/pw/_t21wqld2mz2z8g3y6gcqbzc0000gn/T//ccV9d20R.debug.temp.o
                                                  /var/folders/pw/_t21wqld2mz2z8g3y6gcqbzc0000gn/T//chip_tester.atmega328p.elf.jUVCtd.ltrans0.ltrans.o
SdVolume::allocContiguous(unsigned long, unsigned long*) /Users/petioptrv/development/shape-the-world-with-arduino/lab-4/obj/arduino/libraries/SD/src/utility/SdVolume.o (symbol from plugin)
                                                  /Users/petioptrv/development/shape-the-world-with-arduino/lab-4/obj/arduino/libraries/SD/src/utility/SdFile.o (symbol from plugin)
SdVolume::cacheBlockNumber_                       /Users/petioptrv/development/shape-the-world-with-arduino/lab-4/obj/arduino/libraries/SD/src/utility/SdVolume.o (symbol from plugin)
                                                  /Users/petioptrv/development/shape-the-world-with-arduino/lab-4/obj/arduino/libraries/SD/src/utility/SdFile.o (symbol from plugin)
SdVolume::cacheBuffer_                            /Users/petioptrv/development/shape-the-world-with-arduino/lab-4/obj/arduino/libraries/SD/src/utility/SdVolume.o (symbol from plugin)
                                                  /Users/petioptrv/development/shape-the-world-with-arduino/lab-4/obj/arduino/libraries/SD/src/utility/SdFile.o (symbol from plugin)
SdVolume::cacheDirty_                             /Users/petioptrv/development/shape-the-world-with-arduino/lab-4/obj/arduino/libraries/SD/src/utility/SdVolume.o (symbol from plugin)
                                                  /Users/petioptrv/development/shape-the-world-with-arduino/lab-4/obj/arduino/libraries/SD/src/utility/SdFile.o (symbol from plugin)
SdVolume::cacheFlush()                            /Users/petioptrv/development/shape-the-world-with-arduino/lab-4/obj/arduino/libraries/SD/src/utility/SdVolume.o (symbol from plugin)
                                                  /Users/petioptrv/development/shape-the-world-with-arduino/lab-4/obj/arduino/libraries/SD/src/utility/SdFile.o (symbol from plugin)
SdVolume::cacheMirrorBlock_                       /Users/petioptrv/development/shape-the-world-with-arduino/lab-4/obj/arduino/libraries/SD/src/utility/SdVolume.o (symbol from plugin)
SdVolume::cacheRawBlock(unsigned long, unsigned char) /Users/petioptrv/development/shape-the-world-with-arduino/lab-4/obj/arduino/libraries/SD/src/utility/SdVolume.o (symbol from plugin)
                                                  /Users/petioptrv/development/shape-the-world-with-arduino/lab-4/obj/arduino/libraries/SD/src/utility/SdFile.o (symbol from plugin)
SdVolume::cacheSetDirty()                         /Users/petioptrv/development/shape-the-world-with-arduino/lab-4/obj/arduino/libraries/SD/src/utility/SdFile.o (symbol from plugin)
                                                  /Users/petioptrv/development/shape-the-world-with-arduino/lab-4/obj/arduino/libraries/SD/src/utility/SdVolume.o (symbol from plugin)
SdVolume::cacheZeroBlock(unsigned long)           /Users/petioptrv/development/shape-the-world-with-arduino/lab-4/obj/arduino/libraries/SD/src/utility/SdVolume.o (symbol from plugin)
                                                  /Users/petioptrv/development/shape-the-world-with-arduino/lab-4/obj/arduino/libraries/SD/src/utility/SdFile.o (symbol from plugin)
SdVolume::chainSize(unsigned long, unsigned long*) const /Users/petioptrv/development/shape-the-world-with-arduino/lab-4/obj/arduino/libraries/SD/src/utility/SdVolume.o (symbol from plugin)
                                                  /Users/petioptrv/development/shape-the-world-with-arduino/lab-4/obj/arduino/libraries/SD/src/utility/SdFile.o (symbol from plugin)
SdVolume::fatGet(unsigned long, unsigned long*) const /Users/petioptrv/development/shape-the-world-with-arduino/lab-4/obj/arduino/libraries/SD/src/utility/SdVolume.o (symbol from plugin)
                                                  /Users/petioptrv/development/shape-the-world-with-arduino/lab-4/obj/arduino/libraries/SD/src/utility/SdFile.o (symbol from plugin)
SdVolume::fatPut(unsigned long, unsigned long)    /Users/petioptrv/development/shape-the-world-with-arduino/lab-4/obj/arduino/libraries/SD/src/utility/SdVolume.o (symbol from plugin)
                                                  /Users/petioptrv/development/shape-the-world-with-arduino/lab-4/obj/arduino/libraries/SD/src/utility/SdFile.o (symbol from plugin)
SdVolume::fatPutEOC(unsigned long)                /Users/petioptrv/development/shape-the-world-with-arduino/lab-4/obj/arduino/libraries/SD/src/utility/SdFile.o (symbol from plugin)
                                                  /Users/petioptrv/development/shape-the-world-with-arduino/lab-4/obj/arduino/libraries/SD/src/utility/SdVolume.o (symbol from plugin)
SdVolume::freeChain(unsigned long)                /Users/petioptrv/development/shape-the-world-with-arduino/lab-4/obj/arduino/libraries/SD/src/utility/SdVolume.o (symbol from plugin)
                                                  /Users/petioptrv/development/shape-the-world-with-arduino/lab-4/obj/arduino/libraries/SD/src/utility/SdFile.o (symbol from plugin)
SdVolume::init(Sd2Card*)                          /Users/petioptrv/development/shape-the-world-with-arduino/lab-4/obj/arduino/libraries/SD/src/SD.o (symbol from plugin)
SdVolume::init(Sd2Card*, unsigned char)           /Users/petioptrv/development/shape-the-world-with-arduino/lab-4/obj/arduino/libraries/SD/src/utility/SdVolume.o (symbol from plugin)
                                                  /Users/petioptrv/development/shape-the-world-with-arduino/lab-4/obj/arduino/libraries/SD/src/SD.o (symbol from plugin)
SdVolume::sdCard_                                 /Users/petioptrv/development/shape-the-world-with-arduino/lab-4/obj/arduino/libraries/SD/src/utility/SdVolume.o (symbol from plugin)
                                                  /Users/petioptrv/development/shape-the-world-with-arduino/lab-4/obj/arduino/libraries/SD/src/utility/SdFile.o (symbol from plugin)
Serial                                            /Users/petioptrv/development/shape-the-world-with-arduino/lab-4/obj/arduino/HardwareSerial0.o (symbol from plugin)
                                                  /Users/petioptrv/development/shape-the-world-with-arduino/lab-4/obj/arduino/libraries/SD/src/utility/SdFile.o (symbol from plugin)
Serial0_available()                               /Users/petioptrv/development/shape-the-world-with-arduino/lab-4/obj/arduino/HardwareSerial0.o (symbol from plugin)
                                                  /Users/petioptrv/development/shape-the-world-with-arduino/lab-4/obj/arduino/HardwareSerial.o (symbol from plugin)
Stream.cpp.94434e3b                               /var/folders/pw/_t21wqld2mz2z8g3y6gcqbzc0000gn/T//ccFwEabJ.debug.temp.o
Stream::find(char*)                               /Users/petioptrv/development/shape-the-world-with-arduino/lab-4/obj/arduino/Stream.o (symbol from plugin)
Stream::find(char*, unsigned int)                 /Users/petioptrv/development/shape-the-world-with-arduino/lab-4/obj/arduino/Stream.o (symbol from plugin)
Stream::findMulti(Stream::MultiTarget*, int)      /Users/petioptrv/development/shape-the-world-with-arduino/lab-4/obj/arduino/Stream.o (symbol from plugin)
Stream::findUntil(char*, char*)                   /Users/petioptrv/development/shape-the-world-with-arduino/lab-4/obj/arduino/Stream.o (symbol from plugin)
Stream::findUntil(char*, unsigned int, char*, unsigned int) /Users/petioptrv/development/shape-the-world-with-arduino/lab-4/obj/arduino/Stream.o (symbol from plugin)
Stream::parseFloat(LookaheadMode, char)           /Users/petioptrv/development/shape-the-world-with-arduino/lab-4/obj/arduino/Stream.o (symbol from plugin)
Stream::parseInt(LookaheadMode, char)             /Users/petioptrv/development/shape-the-world-with-arduino/lab-4/obj/arduino/Stream.o (symbol from plugin)
Stream::peekNextDigit(LookaheadMode, bool)        /Users/petioptrv/development/shape-the-world-with-arduino/lab-4/obj/arduino/Stream.o (symbol from plugin)
Stream::readBytes(char*, unsigned int)            /Users/petioptrv/development/shape-the-world-with-arduino/lab-4/obj/arduino/Stream.o (symbol from plugin)